Archive member included to satisfy reference by file (symbol)

C:/ST/STM32CubeIDE_1.14.0/STM32CubeIDE/plugins/com.st.stm32cube.ide.mcu.externaltools.gnu-tools-for-stm32.11.3.rel1.win32_1.1.100.202309141235/tools/bin/../lib/gcc/arm-none-eabi/11.3.1/../../../../arm-none-eabi/lib/thumb/v7e-m+dp/hard\libc_nano.a(libc_a-exit.o)
                              C:/ST/STM32CubeIDE_1.14.0/STM32CubeIDE/plugins/com.st.stm32cube.ide.mcu.externaltools.gnu-tools-for-stm32.11.3.rel1.win32_1.1.100.202309141235/tools/bin/../lib/gcc/arm-none-eabi/11.3.1/../../../../arm-none-eabi/lib/thumb/v7e-m+dp/hard/crt0.o (exit)
C:/ST/STM32CubeIDE_1.14.0/STM32CubeIDE/plugins/com.st.stm32cube.ide.mcu.externaltools.gnu-tools-for-stm32.11.3.rel1.win32_1.1.100.202309141235/tools/bin/../lib/gcc/arm-none-eabi/11.3.1/../../../../arm-none-eabi/lib/thumb/v7e-m+dp/hard\libc_nano.a(libc_a-findfp.o)
                              C:/ST/STM32CubeIDE_1.14.0/STM32CubeIDE/plugins/com.st.stm32cube.ide.mcu.externaltools.gnu-tools-for-stm32.11.3.rel1.win32_1.1.100.202309141235/tools/bin/../lib/gcc/arm-none-eabi/11.3.1/../../../../arm-none-eabi/lib/thumb/v7e-m+dp/hard\libc_nano.a(libc_a-exit.o) (__stdio_exit_handler)
C:/ST/STM32CubeIDE_1.14.0/STM32CubeIDE/plugins/com.st.stm32cube.ide.mcu.externaltools.gnu-tools-for-stm32.11.3.rel1.win32_1.1.100.202309141235/tools/bin/../lib/gcc/arm-none-eabi/11.3.1/../../../../arm-none-eabi/lib/thumb/v7e-m+dp/hard\libc_nano.a(libc_a-fwalk.o)
                              C:/ST/STM32CubeIDE_1.14.0/STM32CubeIDE/plugins/com.st.stm32cube.ide.mcu.externaltools.gnu-tools-for-stm32.11.3.rel1.win32_1.1.100.202309141235/tools/bin/../lib/gcc/arm-none-eabi/11.3.1/../../../../arm-none-eabi/lib/thumb/v7e-m+dp/hard\libc_nano.a(libc_a-findfp.o) (_fwalk_sglue)
C:/ST/STM32CubeIDE_1.14.0/STM32CubeIDE/plugins/com.st.stm32cube.ide.mcu.externaltools.gnu-tools-for-stm32.11.3.rel1.win32_1.1.100.202309141235/tools/bin/../lib/gcc/arm-none-eabi/11.3.1/../../../../arm-none-eabi/lib/thumb/v7e-m+dp/hard\libc_nano.a(libc_a-stdio.o)
                              C:/ST/STM32CubeIDE_1.14.0/STM32CubeIDE/plugins/com.st.stm32cube.ide.mcu.externaltools.gnu-tools-for-stm32.11.3.rel1.win32_1.1.100.202309141235/tools/bin/../lib/gcc/arm-none-eabi/11.3.1/../../../../arm-none-eabi/lib/thumb/v7e-m+dp/hard\libc_nano.a(libc_a-findfp.o) (__sread)
C:/ST/STM32CubeIDE_1.14.0/STM32CubeIDE/plugins/com.st.stm32cube.ide.mcu.externaltools.gnu-tools-for-stm32.11.3.rel1.win32_1.1.100.202309141235/tools/bin/../lib/gcc/arm-none-eabi/11.3.1/../../../../arm-none-eabi/lib/thumb/v7e-m+dp/hard\libc_nano.a(libc_a-memset.o)
                              C:/ST/STM32CubeIDE_1.14.0/STM32CubeIDE/plugins/com.st.stm32cube.ide.mcu.externaltools.gnu-tools-for-stm32.11.3.rel1.win32_1.1.100.202309141235/tools/bin/../lib/gcc/arm-none-eabi/11.3.1/../../../../arm-none-eabi/lib/thumb/v7e-m+dp/hard/crt0.o (memset)
C:/ST/STM32CubeIDE_1.14.0/STM32CubeIDE/plugins/com.st.stm32cube.ide.mcu.externaltools.gnu-tools-for-stm32.11.3.rel1.win32_1.1.100.202309141235/tools/bin/../lib/gcc/arm-none-eabi/11.3.1/../../../../arm-none-eabi/lib/thumb/v7e-m+dp/hard\libc_nano.a(libc_a-closer.o)
                              C:/ST/STM32CubeIDE_1.14.0/STM32CubeIDE/plugins/com.st.stm32cube.ide.mcu.externaltools.gnu-tools-for-stm32.11.3.rel1.win32_1.1.100.202309141235/tools/bin/../lib/gcc/arm-none-eabi/11.3.1/../../../../arm-none-eabi/lib/thumb/v7e-m+dp/hard\libc_nano.a(libc_a-stdio.o) (_close_r)
C:/ST/STM32CubeIDE_1.14.0/STM32CubeIDE/plugins/com.st.stm32cube.ide.mcu.externaltools.gnu-tools-for-stm32.11.3.rel1.win32_1.1.100.202309141235/tools/bin/../lib/gcc/arm-none-eabi/11.3.1/../../../../arm-none-eabi/lib/thumb/v7e-m+dp/hard\libc_nano.a(libc_a-reent.o)
                              C:/ST/STM32CubeIDE_1.14.0/STM32CubeIDE/plugins/com.st.stm32cube.ide.mcu.externaltools.gnu-tools-for-stm32.11.3.rel1.win32_1.1.100.202309141235/tools/bin/../lib/gcc/arm-none-eabi/11.3.1/../../../../arm-none-eabi/lib/thumb/v7e-m+dp/hard\libc_nano.a(libc_a-closer.o) (errno)
C:/ST/STM32CubeIDE_1.14.0/STM32CubeIDE/plugins/com.st.stm32cube.ide.mcu.externaltools.gnu-tools-for-stm32.11.3.rel1.win32_1.1.100.202309141235/tools/bin/../lib/gcc/arm-none-eabi/11.3.1/../../../../arm-none-eabi/lib/thumb/v7e-m+dp/hard\libc_nano.a(libc_a-impure.o)
                              C:/ST/STM32CubeIDE_1.14.0/STM32CubeIDE/plugins/com.st.stm32cube.ide.mcu.externaltools.gnu-tools-for-stm32.11.3.rel1.win32_1.1.100.202309141235/tools/bin/../lib/gcc/arm-none-eabi/11.3.1/../../../../arm-none-eabi/lib/thumb/v7e-m+dp/hard\libc_nano.a(libc_a-reent.o) (_impure_ptr)
C:/ST/STM32CubeIDE_1.14.0/STM32CubeIDE/plugins/com.st.stm32cube.ide.mcu.externaltools.gnu-tools-for-stm32.11.3.rel1.win32_1.1.100.202309141235/tools/bin/../lib/gcc/arm-none-eabi/11.3.1/../../../../arm-none-eabi/lib/thumb/v7e-m+dp/hard\libc_nano.a(libc_a-lseekr.o)
[...]
Memory Configuration

Name             Origin             Length             Attributes
FLASH            0x0000000008000000 0x0000000000200000 xr
DTCMRAM          0x0000000020000000 0x0000000000020000 xrw
RAM_D1           0x0000000024000000 0x0000000000080000 xrw
RAM_D2           0x0000000030000000 0x0000000000048000 xrw
RAM_D3           0x0000000038000000 0x0000000000010000 xrw
ITCMRAM          0x0000000000000000 0x0000000000010000 xrw
*default*        0x0000000000000000 0xffffffffffffffff

Linker script and memory map

LOAD C:/ST/STM32CubeIDE_1.14.0/STM32CubeIDE/plugins/com.st.stm32cube.ide.mcu.externaltools.gnu-tools-for-stm32.11.3.rel1.win32_1.1.100.202309141235/tools/bin/../lib/gcc/arm-none-eabi/11.3.1/thumb/v7e-m+dp/hard/crti.o
LOAD C:/ST/STM32CubeIDE_1.14.0/STM32CubeIDE/plugins/com.st.stm32cube.ide.mcu.externaltools.gnu-tools-for-stm32.11.3.rel1.win32_1.1.100.202309141235/tools/bin/../lib/gcc/arm-none-eabi/11.3.1/thumb/v7e-m+dp/hard/crtbegin.o
LOAD C:/ST/STM32CubeIDE_1.14.0/STM32CubeIDE/plugins/com.st.stm32cube.ide.mcu.externaltools.gnu-tools-for-stm32.11.3.rel1.win32_1.1.100.202309141235/tools/bin/../lib/gcc/arm-none-eabi/11.3.1/../../../../arm-none-eabi/lib/thumb/v7e-m+dp/hard/crt0.o
LOAD ./Core/Src/gpio.o
LOAD ./Core/Src/main.o
LOAD ./Core/Src/stm32h7xx_hal_msp.o
LOAD ./Core/Src/stm32h7xx_it.o
LOAD ./Core/Src/syscalls.o
LOAD ./Core/Src/sysmem.o
LOAD ./Core/Src/system_stm32h7xx.o
LOAD ./Core/Startup/startup_stm32h743iitx.o
LOAD ./Drivers/STM32H7xx_HAL_Driver/Src/stm32h7xx_hal.o
LOAD ./Drivers/STM32H7xx_HAL_Driver/Src/stm32h7xx_hal_cortex.o
LOAD ./Drivers/STM32H7xx_HAL_Driver/Src/stm32h7xx_hal_dma.o
LOAD ./Drivers/STM32H7xx_HAL_Driver/Src/stm32h7xx_hal_dma_ex.o
LOAD ./Drivers/STM32H7xx_HAL_Driver/Src/stm32h7xx_hal_exti.o
LOAD ./Drivers/STM32H7xx_HAL_Driver/Src/stm32h7xx_hal_flash.o
LOAD ./Drivers/STM32H7xx_HAL_Driver/Src/stm32h7xx_hal_flash_ex.o
LOAD ./Drivers/STM32H7xx_HAL_Driver/Src/stm32h7xx_hal_gpio.o
LOAD ./Drivers/STM32H7xx_HAL_Driver/Src/stm32h7xx_hal_hsem.o
LOAD ./Drivers/STM32H7xx_HAL_Driver/Src/stm32h7xx_hal_i2c.o
LOAD ./Drivers/STM32H7xx_HAL_Driver/Src/stm32h7xx_hal_i2c_ex.o
LOAD ./Drivers/STM32H7xx_HAL_Driver/Src/stm32h7xx_hal_mdma.o
LOAD ./Drivers/STM32H7xx_HAL_Driver/Src/stm32h7xx_hal_pcd.o
LOAD ./Drivers/STM32H7xx_HAL_Driver/Src/stm32h7xx_hal_pcd_ex.o
LOAD ./Drivers/STM32H7xx_HAL_Driver/Src/stm32h7xx_hal_pwr.o
LOAD ./Drivers/STM32H7xx_HAL_Driver/Src/stm32h7xx_hal_pwr_ex.o
LOAD ./Drivers/STM32H7xx_HAL_Driver/Src/stm32h7xx_hal_rcc.o
LOAD ./Drivers/STM32H7xx_HAL_Driver/Src/stm32h7xx_hal_rcc_ex.o
LOAD ./Drivers/STM32H7xx_HAL_Driver/Src/stm32h7xx_hal_tim.o
LOAD ./Drivers/STM32H7xx_HAL_Driver/Src/stm32h7xx_hal_tim_ex.o
LOAD ./Drivers/STM32H7xx_HAL_Driver/Src/stm32h7xx_ll_usb.o
LOAD ./Middlewares/ST/STM32_USB_Device_Library/Class/HID/Src/usbd_hid.o
LOAD ./Middlewares/ST/STM32_USB_Device_Library/Core/Src/usbd_core.o
LOAD ./Middlewares/ST/STM32_USB_Device_Library/Core/Src/usbd_ctlreq.o
LOAD ./Middlewares/ST/STM32_USB_Device_Library/Core/Src/usbd_ioreq.o
LOAD ./USB_DEVICE/App/usb_device.o
LOAD ./USB_DEVICE/App/usbd_desc.o
LOAD ./USB_DEVICE/Target/usbd_conf.o
START GROUP
LOAD C:/ST/STM32CubeIDE_1.14.0/STM32CubeIDE/plugins/com.st.stm32cube.ide.mcu.externaltools.gnu-tools-for-stm32.11.3.rel1.win32_1.1.100.202309141235/tools/bin/../lib/gcc/arm-none-eabi/11.3.1/../../../../arm-none-eabi/lib/thumb/v7e-m+dp/hard\libc_nano.a
LOAD C:/ST/STM32CubeIDE_1.14.0/STM32CubeIDE/plugins/com.st.stm32cube.ide.mcu.externaltools.gnu-tools-for-stm32.11.3.rel1.win32_1.1.100.202309141235/tools/bin/../lib/gcc/arm-none-eabi/11.3.1/../../../../arm-none-eabi/lib/thumb/v7e-m+dp/hard\libm.a
END GROUP
START GROUP
LOAD C:/ST/STM32CubeIDE_1.14.0/STM32CubeIDE/plugins/com.st.stm32cube.ide.mcu.externaltools.gnu-tools-for-stm32.11.3.rel1.win32_1.1.100.202309141235/tools/bin/../lib/gcc/arm-none-eabi/11.3.1/thumb/v7e-m+dp/hard\libgcc.a
LOAD C:/ST/STM32CubeIDE_1.14.0/STM32CubeIDE/plugins/com.st.stm32cube.ide.mcu.externaltools.gnu-tools-for-stm32.11.3.rel1.win32_1.1.100.202309141235/tools/bin/../lib/gcc/arm-none-eabi/11.3.1/../../../../arm-none-eabi/lib/thumb/v7e-m+dp/hard\libc_nano.a
END GROUP
START GROUP
LOAD C:/ST/STM32CubeIDE_1.14.0/STM32CubeIDE/plugins/com.st.stm32cube.ide.mcu.externaltools.gnu-tools-for-stm32.11.3.rel1.win32_1.1.100.202309141235/tools/bin/../lib/gcc/arm-none-eabi/11.3.1/thumb/v7e-m+dp/hard\libgcc.a
LOAD C:/ST/STM32CubeIDE_1.14.0/STM32CubeIDE/plugins/com.st.stm32cube.ide.mcu.externaltools.gnu-tools-for-stm32.11.3.rel1.win32_1.1.100.202309141235/tools/bin/../lib/gcc/arm-none-eabi/11.3.1/../../../../arm-none-eabi/lib/thumb/v7e-m+dp/hard\libc_nano.a
LOAD C:/ST/STM32CubeIDE_1.14.0/STM32CubeIDE/plugins/com.st.stm32cube.ide.mcu.externaltools.gnu-tools-for-stm32.11.3.rel1.win32_1.1.100.202309141235/tools/bin/../lib/gcc/arm-none-eabi/11.3.1/../../../../arm-none-eabi/lib/thumb/v7e-m+dp/hard\libnosys.a
END GROUP
START GROUP
LOAD C:/ST/STM32CubeIDE_1.14.0/STM32CubeIDE/plugins/com.st.stm32cube.ide.mcu.externaltools.gnu-tools-for-stm32.11.3.rel1.win32_1.1.100.202309141235/tools/bin/../lib/gcc/arm-none-eabi/11.3.1/thumb/v7e-m+dp/hard\libgcc.a
LOAD C:/ST/STM32CubeIDE_1.14.0/STM32CubeIDE/plugins/com.st.stm32cube.ide.mcu.externaltools.gnu-tools-for-stm32.11.3.rel1.win32_1.1.100.202309141235/tools/bin/../lib/gcc/arm-none-eabi/11.3.1/../../../../arm-none-eabi/lib/thumb/v7e-m+dp/hard\libc_nano.a
LOAD C:/ST/STM32CubeIDE_1.14.0/STM32CubeIDE/plugins/com.st.stm32cube.ide.mcu.externaltools.gnu-tools-for-stm32.11.3.rel1.win32_1.1.100.202309141235/tools/bin/../lib/gcc/arm-none-eabi/11.3.1/../../../../arm-none-eabi/lib/thumb/v7e-m+dp/hard\libnosys.a
END GROUP
LOAD C:/ST/STM32CubeIDE_1.14.0/STM32CubeIDE/plugins/com.st.stm32cube.ide.mcu.externaltools.gnu-tools-for-stm32.11.3.rel1.win32_1.1.100.202309141235/tools/bin/../lib/gcc/arm-none-eabi/11.3.1/thumb/v7e-m+dp/hard/crtend.o
LOAD C:/ST/STM32CubeIDE_1.14.0/STM32CubeIDE/plugins/com.st.stm32cube.ide.mcu.externaltools.gnu-tools-for-stm32.11.3.rel1.win32_1.1.100.202309141235/tools/bin/../lib/gcc/arm-none-eabi/11.3.1/thumb/v7e-m+dp/hard/crtn.o
                0x0000000024080000                _estack = (ORIGIN (RAM_D1) + LENGTH (RAM_D1))
                0x0000000000000200                _Min_Heap_Size = 0x200
                0x0000000000000400                _Min_Stack_Size = 0x400

.isr_vector     0x0000000008000000      0x298
                0x0000000008000000                . = ALIGN (0x4)
 *(.isr_vector)
 .isr_vector    0x0000000008000000      0x298 ./Core/Startup/startup_stm32h743iitx.o
                0x0000000008000000                g_pfnVectors
                0x0000000008000298                . = ALIGN (0x4)

.text           0x0000000008000298     0x83dc
                0x0000000008000298                . = ALIGN (0x4)
 *(.text)
 .text          0x0000000008000298       0x40 C:/ST/STM32CubeIDE_1.14.0/STM32CubeIDE/plugins/com.st.stm32cube.ide.mcu.externaltools.gnu-tools-for-stm32.11.3.rel1.win32_1.1.100.202309141235/tools/bin/../lib/gcc/arm-none-eabi/11.3.1/thumb/v7e-m+dp/hard/crtbegin.o
 *(.text*)
 .text.MX_GPIO_Init
                0x00000000080002d8       0x7c ./Core/Src/gpio.o
                0x00000000080002d8                MX_GPIO_Init
 .text.main     0x0000000008000354       0x74 ./Core/Src/main.o
                0x0000000008000354                main
 .text.SystemClock_Config
                0x00000000080003c8      0x15c ./Core/Src/main.o
                0x00000000080003c8                SystemClock_Config
 .text.MPU_Config
                0x0000000008000524       0x58 ./Core/Src/main.o
 .text.Error_Handler
                0x000000000800057c        0xa ./Core/Src/main.o
                0x000000000800057c                Error_Handler
 *fill*         0x0000000008000586        0x2 
 .text.HAL_MspInit
                0x0000000008000588       0x34 ./Core/Src/stm32h7xx_hal_msp.o
                0x0000000008000588                HAL_MspInit
 .text.NMI_Handler
                0x00000000080005bc        0x6 ./Core/Src/stm32h7xx_it.o
                0x00000000080005bc                NMI_Handler
 .text.HardFault_Handler
                0x00000000080005c2        0x6 ./Core/Src/stm32h7xx_it.o
                0x00000000080005c2                HardFault_Handler
 .text.MemManage_Handler
                0x00000000080005c8        0x6 ./Core/Src/stm32h7xx_it.o
                0x00000000080005c8                MemManage_Handler
 .text.BusFault_Handler
                0x00000000080005ce        0x6 ./Core/Src/stm32h7xx_it.o
                0x00000000080005ce                BusFault_Handler
 .text.UsageFault_Handler
                0x00000000080005d4        0x6 ./Core/Src/stm32h7xx_it.o
                0x00000000080005d4                UsageFault_Handler
 .text.SVC_Handler
                0x00000000080005da        0xe ./Core/Src/stm32h7xx_it.o
                0x00000000080005da                SVC_Handler
 .text.DebugMon_Handler
                0x00000000080005e8        0xe ./Core/Src/stm32h7xx_it.o
                0x00000000080005e8                DebugMon_Handler
 .text.PendSV_Handler
                0x00000000080005f6        0xe ./Core/Src/stm32h7xx_it.o
                0x00000000080005f6                PendSV_Handler
 .text.SysTick_Handler
                0x0000000008000604        0xc ./Core/Src/stm32h7xx_it.o
                0x0000000008000604                SysTick_Handler
 .text.OTG_FS_IRQHandler
                0x0000000008000610       0x14 ./Core/Src/stm32h7xx_it.o
                0x0000000008000610                OTG_FS_IRQHandler
 .text.SystemInit
                0x0000000008000624      0x110 ./Core/Src/system_stm32h7xx.o
                0x0000000008000624                SystemInit
 .text.Reset_Handler
                0x0000000008000734       0x50 ./Core/Startup/startup_stm32h743iitx.o
                0x0000000008000734                Reset_Handler
 .text.Default_Handler
                0x0000000008000784        0x2 ./Core/Startup/startup_stm32h743iitx.o
                0x0000000008000784                RTC_Alarm_IRQHandler
                0x0000000008000784                EXTI2_IRQHandler
                0x0000000008000784                TIM8_CC_IRQHandler
                0x0000000008000784                HRTIM1_Master_IRQHandler
                0x0000000008000784                UART8_IRQHandler
                0x0000000008000784                SPI4_IRQHandler
                0x0000000008000784                TIM1_CC_IRQHandler
                0x0000000008000784                BDMA_Channel6_IRQHandler
                0x0000000008000784                DMA2_Stream5_IRQHandler
                0x0000000008000784                HRTIM1_FLT_IRQHandler
                0x0000000008000784                JPEG_IRQHandler
                0x0000000008000784                DMA1_Stream5_IRQHandler
                0x0000000008000784                BDMA_Channel1_IRQHandler
                0x0000000008000784                HRTIM1_TIMD_IRQHandler
                0x0000000008000784                TAMP_STAMP_IRQHandler
                0x0000000008000784                EXTI3_IRQHandler
                0x0000000008000784                LPTIM4_IRQHandler
                0x0000000008000784                TIM8_TRG_COM_TIM14_IRQHandler
                0x0000000008000784                LPTIM2_IRQHandler
                0x0000000008000784                DFSDM1_FLT1_IRQHandler
                0x0000000008000784                DMAMUX2_OVR_IRQHandler
                0x0000000008000784                TIM8_UP_TIM13_IRQHandler
                0x0000000008000784                I2C3_ER_IRQHandler
                0x0000000008000784                DFSDM1_FLT2_IRQHandler
                0x0000000008000784                MDMA_IRQHandler
                0x0000000008000784                LPTIM3_IRQHandler
                0x0000000008000784                HSEM1_IRQHandler
                0x0000000008000784                EXTI0_IRQHandler
                0x0000000008000784                I2C2_EV_IRQHandler
                0x0000000008000784                DMA1_Stream2_IRQHandler
                0x0000000008000784                FPU_IRQHandler
                0x0000000008000784                OTG_HS_WKUP_IRQHandler
                0x0000000008000784                FDCAN1_IT1_IRQHandler
                0x0000000008000784                LTDC_ER_IRQHandler
                0x0000000008000784                DMA2_Stream2_IRQHandler
                0x0000000008000784                HRTIM1_TIME_IRQHandler
                0x0000000008000784                SPI1_IRQHandler
                0x0000000008000784                TIM6_DAC_IRQHandler
                0x0000000008000784                DCMI_IRQHandler
                0x0000000008000784                HRTIM1_TIMC_IRQHandler
                0x0000000008000784                DMA2_Stream3_IRQHandler
                0x0000000008000784                SAI2_IRQHandler
                0x0000000008000784                DFSDM1_FLT3_IRQHandler
                0x0000000008000784                USART6_IRQHandler
                0x0000000008000784                TIM17_IRQHandler
                0x0000000008000784                USART3_IRQHandler
                0x0000000008000784                BDMA_Channel7_IRQHandler
                0x0000000008000784                LPTIM5_IRQHandler
                0x0000000008000784                UART5_IRQHandler
                0x0000000008000784                ADC3_IRQHandler
                0x0000000008000784                DMA2_Stream0_IRQHandler
                0x0000000008000784                TIM4_IRQHandler
                0x0000000008000784                BDMA_Channel2_IRQHandler
                0x0000000008000784                QUADSPI_IRQHandler
                0x0000000008000784                I2C1_EV_IRQHandler
                0x0000000008000784                DMA1_Stream6_IRQHandler
                0x0000000008000784                DMAMUX1_OVR_IRQHandler
                0x0000000008000784                DMA1_Stream1_IRQHandler
                0x0000000008000784                TIM16_IRQHandler
                0x0000000008000784                UART4_IRQHandler
                0x0000000008000784                BDMA_Channel5_IRQHandler
                0x0000000008000784                TIM3_IRQHandler
                0x0000000008000784                RCC_IRQHandler
                0x0000000008000784                TIM8_BRK_TIM12_IRQHandler
                0x0000000008000784                TIM1_TRG_COM_IRQHandler
                0x0000000008000784                Default_Handler
                0x0000000008000784                ECC_IRQHandler
                0x0000000008000784                CEC_IRQHandler
                0x0000000008000784                EXTI15_10_IRQHandler
                0x0000000008000784                BDMA_Channel0_IRQHandler
                0x0000000008000784                ADC_IRQHandler
                0x0000000008000784                DMA1_Stream7_IRQHandler
                0x0000000008000784                HRTIM1_TIMA_IRQHandler
                0x0000000008000784                SPI5_IRQHandler
                0x0000000008000784                TIM7_IRQHandler
                0x0000000008000784                SDMMC1_IRQHandler
                0x0000000008000784                TIM5_IRQHandler
                0x0000000008000784                DMA2_Stream7_IRQHandler
                0x0000000008000784                TIM15_IRQHandler
                0x0000000008000784                PVD_AVD_IRQHandler
                0x0000000008000784                I2C3_EV_IRQHandler
                0x0000000008000784                EXTI9_5_IRQHandler
                0x0000000008000784                RTC_WKUP_IRQHandler
                0x0000000008000784                LTDC_IRQHandler
                0x0000000008000784                SAI3_IRQHandler
                0x0000000008000784                ETH_WKUP_IRQHandler
                0x0000000008000784                SPDIF_RX_IRQHandler
                0x0000000008000784                SPI2_IRQHandler
                0x0000000008000784                OTG_HS_EP1_IN_IRQHandler
                0x0000000008000784                DMA1_Stream0_IRQHandler
                0x0000000008000784                CRS_IRQHandler
                0x0000000008000784                EXTI4_IRQHandler
                0x0000000008000784                RNG_IRQHandler
                0x0000000008000784                HRTIM1_TIMB_IRQHandler
                0x0000000008000784                FDCAN2_IT1_IRQHandler
                0x0000000008000784                ETH_IRQHandler
                0x0000000008000784                TIM1_UP_IRQHandler
                0x0000000008000784                BDMA_Channel4_IRQHandler
                0x0000000008000784                OTG_HS_EP1_OUT_IRQHandler
                0x0000000008000784                WWDG_IRQHandler
                0x0000000008000784                SPI6_IRQHandler
                0x0000000008000784                MDIOS_IRQHandler
                0x0000000008000784                I2C4_EV_IRQHandler
                0x0000000008000784                FDCAN2_IT0_IRQHandler
                0x0000000008000784                LPUART1_IRQHandler
                0x0000000008000784                FDCAN1_IT0_IRQHandler
                0x0000000008000784                TIM2_IRQHandler
                0x0000000008000784                OTG_FS_WKUP_IRQHandler
                0x0000000008000784                OTG_HS_IRQHandler
                0x0000000008000784                DMA2D_IRQHandler
                0x0000000008000784                TIM1_BRK_IRQHandler
                0x0000000008000784                EXTI1_IRQHandler
                0x0000000008000784                SDMMC2_IRQHandler
                0x0000000008000784                OTG_FS_EP1_OUT_IRQHandler
                0x0000000008000784                BDMA_Channel3_IRQHandler
                0x0000000008000784                UART7_IRQHandler
                0x0000000008000784                MDIOS_WKUP_IRQHandler
                0x0000000008000784                USART2_IRQHandler
                0x0000000008000784                DFSDM1_FLT0_IRQHandler
                0x0000000008000784                SAI4_IRQHandler
                0x0000000008000784                I2C2_ER_IRQHandler
                0x0000000008000784                DMA2_Stream1_IRQHandler
                0x0000000008000784                FLASH_IRQHandler
                0x0000000008000784                DMA2_Stream4_IRQHandler
                0x0000000008000784                USART1_IRQHandler
                0x0000000008000784                SPI3_IRQHandler
                0x0000000008000784                WAKEUP_PIN_IRQHandler
                0x0000000008000784                DMA1_Stream4_IRQHandler
                0x0000000008000784                OTG_FS_EP1_IN_IRQHandler
                0x0000000008000784                I2C1_ER_IRQHandler
                0x0000000008000784                FMC_IRQHandler
                0x0000000008000784                FDCAN_CAL_IRQHandler
                0x0000000008000784                SWPMI1_IRQHandler
                0x0000000008000784                COMP1_IRQHandler
                0x0000000008000784                LPTIM1_IRQHandler
                0x0000000008000784                I2C4_ER_IRQHandler
                0x0000000008000784                DMA2_Stream6_IRQHandler
                0x0000000008000784                SAI1_IRQHandler
                0x0000000008000784                DMA1_Stream3_IRQHandler
 *fill*         0x0000000008000786        0x2 
 .text.HAL_Init
                0x0000000008000788       0x78 ./Drivers/STM32H7xx_HAL_Driver/Src/stm32h7xx_hal.o
                0x0000000008000788                HAL_Init
 .text.HAL_InitTick
                0x0000000008000800       0x6c ./Drivers/STM32H7xx_HAL_Driver/Src/stm32h7xx_hal.o
                0x0000000008000800                HAL_InitTick
 .text.HAL_IncTick
                0x000000000800086c       0x28 ./Drivers/STM32H7xx_HAL_Driver/Src/stm32h7xx_hal.o
                0x000000000800086c                HAL_IncTick
 .text.HAL_GetTick
                0x0000000008000894       0x18 ./Drivers/STM32H7xx_HAL_Driver/Src/stm32h7xx_hal.o
                0x0000000008000894                HAL_GetTick
 .text.HAL_Delay
                0x00000000080008ac       0x48 ./Drivers/STM32H7xx_HAL_Driver/Src/stm32h7xx_hal.o
                0x00000000080008ac                HAL_Delay
 .text.HAL_GetREVID
                0x00000000080008f4       0x18 ./Drivers/STM32H7xx_HAL_Driver/Src/stm32h7xx_hal.o
                0x00000000080008f4                HAL_GetREVID
 .text.__NVIC_SetPriorityGrouping
                0x000000000800090c       0x48 ./Drivers/STM32H7xx_HAL_Driver/Src/stm32h7xx_hal_cortex.o
 .text.__NVIC_GetPriorityGrouping
                0x0000000008000954       0x1c ./Drivers/STM32H7xx_HAL_Driver/Src/stm32h7xx_hal_cortex.o
 .text.__NVIC_EnableIRQ
                0x0000000008000970       0x3c ./Drivers/STM32H7xx_HAL_Driver/Src/stm32h7xx_hal_cortex.o
 .text.__NVIC_SetPriority
                0x00000000080009ac       0x54 ./Drivers/STM32H7xx_HAL_Driver/Src/stm32h7xx_hal_cortex.o
 .text.NVIC_EncodePriority
                0x0000000008000a00       0x66 ./Drivers/STM32H7xx_HAL_Driver/Src/stm32h7xx_hal_cortex.o
 *fill*         0x0000000008000a66        0x2 
 .text.SysTick_Config
                0x0000000008000a68       0x44 ./Drivers/STM32H7xx_HAL_Driver/Src/stm32h7xx_hal_cortex.o
 .text.HAL_NVIC_SetPriorityGrouping
                0x0000000008000aac       0x16 ./Drivers/STM32H7xx_HAL_Driver/Src/stm32h7xx_hal_cortex.o
                0x0000000008000aac                HAL_NVIC_SetPriorityGrouping
 .text.HAL_NVIC_SetPriority
                0x0000000008000ac2       0x34 ./Drivers/STM32H7xx_HAL_Driver/Src/stm32h7xx_hal_cortex.o
                0x0000000008000ac2                HAL_NVIC_SetPriority
 .text.HAL_NVIC_EnableIRQ
                0x0000000008000af6       0x1c ./Drivers/STM32H7xx_HAL_Driver/Src/stm32h7xx_hal_cortex.o
                0x0000000008000af6                HAL_NVIC_EnableIRQ
 .text.HAL_SYSTICK_Config
                0x0000000008000b12       0x18 ./Drivers/STM32H7xx_HAL_Driver/Src/stm32h7xx_hal_cortex.o
                0x0000000008000b12                HAL_SYSTICK_Config
 *fill*         0x0000000008000b2a        0x2 
 .text.HAL_MPU_Disable
                0x0000000008000b2c       0x30 ./Drivers/STM32H7xx_HAL_Driver/Src/stm32h7xx_hal_cortex.o
                0x0000000008000b2c                HAL_MPU_Disable
 .text.HAL_MPU_Enable
                0x0000000008000b5c       0x40 ./Drivers/STM32H7xx_HAL_Driver/Src/stm32h7xx_hal_cortex.o
                0x0000000008000b5c                HAL_MPU_Enable
 .text.HAL_MPU_ConfigRegion
                0x0000000008000b9c       0x88 ./Drivers/STM32H7xx_HAL_Driver/Src/stm32h7xx_hal_cortex.o
                0x0000000008000b9c                HAL_MPU_ConfigRegion
 .text.HAL_GPIO_Init
                0x0000000008000c24      0x360 ./Drivers/STM32H7xx_HAL_Driver/Src/stm32h7xx_hal_gpio.o
                0x0000000008000c24                HAL_GPIO_Init
 .text.HAL_GPIO_ReadPin
                0x0000000008000f84       0x30 ./Drivers/STM32H7xx_HAL_Driver/Src/stm32h7xx_hal_gpio.o
                0x0000000008000f84                HAL_GPIO_ReadPin
 .text.HAL_PCD_Init
                0x0000000008000fb4      0x248 ./Drivers/STM32H7xx_HAL_Driver/Src/stm32h7xx_hal_pcd.o
                0x0000000008000fb4                HAL_PCD_Init
 .text.HAL_PCD_Start
                0x00000000080011fc       0x6a ./Drivers/STM32H7xx_HAL_Driver/Src/stm32h7xx_hal_pcd.o
                0x00000000080011fc                HAL_PCD_Start
 .text.HAL_PCD_IRQHandler
                0x0000000008001266      0x998 ./Drivers/STM32H7xx_HAL_Driver/Src/stm32h7xx_hal_pcd.o
                0x0000000008001266                HAL_PCD_IRQHandler
 .text.HAL_PCD_SetAddress
                0x0000000008001bfe       0x4a ./Drivers/STM32H7xx_HAL_Driver/Src/stm32h7xx_hal_pcd.o
                0x0000000008001bfe                HAL_PCD_SetAddress
 .text.HAL_PCD_EP_Open
                0x0000000008001c48       0xd0 ./Drivers/STM32H7xx_HAL_Driver/Src/stm32h7xx_hal_pcd.o
                0x0000000008001c48                HAL_PCD_EP_Open
 .text.HAL_PCD_EP_Close
                0x0000000008001d18       0x94 ./Drivers/STM32H7xx_HAL_Driver/Src/stm32h7xx_hal_pcd.o
                0x0000000008001d18                HAL_PCD_EP_Close
 .text.HAL_PCD_EP_Receive
                0x0000000008001dac       0x78 ./Drivers/STM32H7xx_HAL_Driver/Src/stm32h7xx_hal_pcd.o
                0x0000000008001dac                HAL_PCD_EP_Receive
 .text.HAL_PCD_EP_Transmit
                0x0000000008001e24       0x76 ./Drivers/STM32H7xx_HAL_Driver/Src/stm32h7xx_hal_pcd.o
                0x0000000008001e24                HAL_PCD_EP_Transmit
 .text.HAL_PCD_EP_SetStall
                0x0000000008001e9a       0xc8 ./Drivers/STM32H7xx_HAL_Driver/Src/stm32h7xx_hal_pcd.o
                0x0000000008001e9a                HAL_PCD_EP_SetStall
 .text.HAL_PCD_EP_ClrStall
                0x0000000008001f62       0xac ./Drivers/STM32H7xx_HAL_Driver/Src/stm32h7xx_hal_pcd.o
                0x0000000008001f62                HAL_PCD_EP_ClrStall
 .text.HAL_PCD_EP_Abort
                0x000000000800200e       0x62 ./Drivers/STM32H7xx_HAL_Driver/Src/stm32h7xx_hal_pcd.o
                0x000000000800200e                HAL_PCD_EP_Abort
 .text.PCD_WriteEmptyTxFifo
                0x0000000008002070      0x11a ./Drivers/STM32H7xx_HAL_Driver/Src/stm32h7xx_hal_pcd.o
 *fill*         0x000000000800218a        0x2 
 .text.PCD_EP_OutXfrComplete_int
                0x000000000800218c      0x1d0 ./Drivers/STM32H7xx_HAL_Driver/Src/stm32h7xx_hal_pcd.o
 .text.PCD_EP_OutSetupPacket_int
                0x000000000800235c       0x8c ./Drivers/STM32H7xx_HAL_Driver/Src/stm32h7xx_hal_pcd.o
 .text.HAL_PCDEx_SetTxFiFo
                0x00000000080023e8       0x8e ./Drivers/STM32H7xx_HAL_Driver/Src/stm32h7xx_hal_pcd_ex.o
                0x00000000080023e8                HAL_PCDEx_SetTxFiFo
 .text.HAL_PCDEx_SetRxFiFo
                0x0000000008002476       0x22 ./Drivers/STM32H7xx_HAL_Driver/Src/stm32h7xx_hal_pcd_ex.o
                0x0000000008002476                HAL_PCDEx_SetRxFiFo
 .text.HAL_PCDEx_ActivateLPM
                0x0000000008002498       0x48 ./Drivers/STM32H7xx_HAL_Driver/Src/stm32h7xx_hal_pcd_ex.o
                0x0000000008002498                HAL_PCDEx_ActivateLPM
 .text.HAL_PCDEx_LPM_Callback
                0x00000000080024e0       0x18 ./Drivers/STM32H7xx_HAL_Driver/Src/stm32h7xx_hal_pcd_ex.o
                0x00000000080024e0                HAL_PCDEx_LPM_Callback
 .text.HAL_PWREx_ConfigSupply
                0x00000000080024f8       0x74 ./Drivers/STM32H7xx_HAL_Driver/Src/stm32h7xx_hal_pwr_ex.o
                0x00000000080024f8                HAL_PWREx_ConfigSupply
 .text.HAL_PWREx_EnableUSBVoltageDetector
                0x000000000800256c       0x20 ./Drivers/STM32H7xx_HAL_Driver/Src/stm32h7xx_hal_pwr_ex.o
                0x000000000800256c                HAL_PWREx_EnableUSBVoltageDetector
 .text.HAL_RCC_OscConfig
                0x000000000800258c      0x8b4 ./Drivers/STM32H7xx_HAL_Driver/Src/stm32h7xx_hal_rcc.o
                0x000000000800258c                HAL_RCC_OscConfig
 .text.HAL_RCC_ClockConfig
                0x0000000008002e40      0x36c ./Drivers/STM32H7xx_HAL_Driver/Src/stm32h7xx_hal_rcc.o
                0x0000000008002e40                HAL_RCC_ClockConfig
 .text.HAL_RCC_GetSysClockFreq
                0x00000000080031ac      0x2f4 ./Drivers/STM32H7xx_HAL_Driver/Src/stm32h7xx_hal_rcc.o
                0x00000000080031ac                HAL_RCC_GetSysClockFreq
 .text.HAL_RCC_GetHCLKFreq
                0x00000000080034a0       0x60 ./Drivers/STM32H7xx_HAL_Driver/Src/stm32h7xx_hal_rcc.o
                0x00000000080034a0                HAL_RCC_GetHCLKFreq
 .text.HAL_RCCEx_PeriphCLKConfig
                0x0000000008003500     0x1414 ./Drivers/STM32H7xx_HAL_Driver/Src/stm32h7xx_hal_rcc_ex.o
                0x0000000008003500                HAL_RCCEx_PeriphCLKConfig
 .text.RCCEx_PLL2_Config
                0x0000000008004914      0x164 ./Drivers/STM32H7xx_HAL_Driver/Src/stm32h7xx_hal_rcc_ex.o
 .text.RCCEx_PLL3_Config
                0x0000000008004a78      0x164 ./Drivers/STM32H7xx_HAL_Driver/Src/stm32h7xx_hal_rcc_ex.o
 .text.USB_CoreInit
                0x0000000008004bdc       0xdc ./Drivers/STM32H7xx_HAL_Driver/Src/stm32h7xx_ll_usb.o
                0x0000000008004bdc                USB_CoreInit
 .text.USB_SetTurnaroundTime
                0x0000000008004cb8      0x144 ./Drivers/STM32H7xx_HAL_Driver/Src/stm32h7xx_ll_usb.o
                0x0000000008004cb8                USB_SetTurnaroundTime
 .text.USB_EnableGlobalInt
                0x0000000008004dfc       0x22 ./Drivers/STM32H7xx_HAL_Driver/Src/stm32h7xx_ll_usb.o
                0x0000000008004dfc                USB_EnableGlobalInt
 .text.USB_DisableGlobalInt
                0x0000000008004e1e       0x22 ./Drivers/STM32H7xx_HAL_Driver/Src/stm32h7xx_ll_usb.o
                0x0000000008004e1e                USB_DisableGlobalInt
 .text.USB_SetCurrentMode
                0x0000000008004e40       0x98 ./Drivers/STM32H7xx_HAL_Driver/Src/stm32h7xx_ll_usb.o
                0x0000000008004e40                USB_SetCurrentMode
 .text.USB_DevInit
                0x0000000008004ed8      0x2bc ./Drivers/STM32H7xx_HAL_Driver/Src/stm32h7xx_ll_usb.o
                0x0000000008004ed8                USB_DevInit
 .text.USB_FlushTxFifo
                0x0000000008005194       0x68 ./Drivers/STM32H7xx_HAL_Driver/Src/stm32h7xx_ll_usb.o
                0x0000000008005194                USB_FlushTxFifo
 .text.USB_FlushRxFifo
                0x00000000080051fc       0x60 ./Drivers/STM32H7xx_HAL_Driver/Src/stm32h7xx_ll_usb.o
                0x00000000080051fc                USB_FlushRxFifo
 .text.USB_SetDevSpeed
                0x000000000800525c       0x32 ./Drivers/STM32H7xx_HAL_Driver/Src/stm32h7xx_ll_usb.o
                0x000000000800525c                USB_SetDevSpeed
 .text.USB_GetDevSpeed
                0x000000000800528e       0x4a ./Drivers/STM32H7xx_HAL_Driver/Src/stm32h7xx_ll_usb.o
                0x000000000800528e                USB_GetDevSpeed
 .text.USB_ActivateEndpoint
                0x00000000080052d8      0x110 ./Drivers/STM32H7xx_HAL_Driver/Src/stm32h7xx_ll_usb.o
                0x00000000080052d8                USB_ActivateEndpoint
 .text.USB_DeactivateEndpoint
                0x00000000080053e8      0x1b8 ./Drivers/STM32H7xx_HAL_Driver/Src/stm32h7xx_ll_usb.o
                0x00000000080053e8                USB_DeactivateEndpoint
 .text.USB_EPStartXfer
                0x00000000080055a0      0x540 ./Drivers/STM32H7xx_HAL_Driver/Src/stm32h7xx_ll_usb.o
                0x00000000080055a0                USB_EPStartXfer
 .text.USB_EPStopXfer
                0x0000000008005ae0      0x154 ./Drivers/STM32H7xx_HAL_Driver/Src/stm32h7xx_ll_usb.o
                0x0000000008005ae0                USB_EPStopXfer
 .text.USB_WritePacket
                0x0000000008005c34       0x7c ./Drivers/STM32H7xx_HAL_Driver/Src/stm32h7xx_ll_usb.o
                0x0000000008005c34                USB_WritePacket
 .text.USB_ReadPacket
                0x0000000008005cb0       0xb0 ./Drivers/STM32H7xx_HAL_Driver/Src/stm32h7xx_ll_usb.o
                0x0000000008005cb0                USB_ReadPacket
 .text.USB_EPSetStall
                0x0000000008005d60       0xdc ./Drivers/STM32H7xx_HAL_Driver/Src/stm32h7xx_ll_usb.o
                0x0000000008005d60                USB_EPSetStall
 .text.USB_EPClearStall
                0x0000000008005e3c       0xcc ./Drivers/STM32H7xx_HAL_Driver/Src/stm32h7xx_ll_usb.o
                0x0000000008005e3c                USB_EPClearStall
 .text.USB_SetDevAddress
                0x0000000008005f08       0x4c ./Drivers/STM32H7xx_HAL_Driver/Src/stm32h7xx_ll_usb.o
                0x0000000008005f08                USB_SetDevAddress
 .text.USB_DevConnect
                0x0000000008005f54       0x42 ./Drivers/STM32H7xx_HAL_Driver/Src/stm32h7xx_ll_usb.o
                0x0000000008005f54                USB_DevConnect
 .text.USB_DevDisconnect
                0x0000000008005f96       0x42 ./Drivers/STM32H7xx_HAL_Driver/Src/stm32h7xx_ll_usb.o
                0x0000000008005f96                USB_DevDisconnect
 .text.USB_ReadInterrupts
                0x0000000008005fd8       0x26 ./Drivers/STM32H7xx_HAL_Driver/Src/stm32h7xx_ll_usb.o
                0x0000000008005fd8                USB_ReadInterrupts
 .text.USB_ReadDevAllOutEpInterrupt
                0x0000000008005ffe       0x34 ./Drivers/STM32H7xx_HAL_Driver/Src/stm32h7xx_ll_usb.o
                0x0000000008005ffe                USB_ReadDevAllOutEpInterrupt
 .text.USB_ReadDevAllInEpInterrupt
                0x0000000008006032       0x34 ./Drivers/STM32H7xx_HAL_Driver/Src/stm32h7xx_ll_usb.o
                0x0000000008006032                USB_ReadDevAllInEpInterrupt
 .text.USB_ReadDevOutEPInterrupt
                0x0000000008006066       0x3c ./Drivers/STM32H7xx_HAL_Driver/Src/stm32h7xx_ll_usb.o
                0x0000000008006066                USB_ReadDevOutEPInterrupt
 .text.USB_ReadDevInEPInterrupt
                0x00000000080060a2       0x5c ./Drivers/STM32H7xx_HAL_Driver/Src/stm32h7xx_ll_usb.o
                0x00000000080060a2                USB_ReadDevInEPInterrupt
 .text.USB_GetMode
                0x00000000080060fe       0x1c ./Drivers/STM32H7xx_HAL_Driver/Src/stm32h7xx_ll_usb.o
                0x00000000080060fe                USB_GetMode
 *fill*         0x000000000800611a        0x2 
 .text.USB_ActivateSetup
                0x000000000800611c       0x48 ./Drivers/STM32H7xx_HAL_Driver/Src/stm32h7xx_ll_usb.o
                0x000000000800611c                USB_ActivateSetup
 .text.USB_EP0_OutStart
                0x0000000008006164       0xbc ./Drivers/STM32H7xx_HAL_Driver/Src/stm32h7xx_ll_usb.o
                0x0000000008006164                USB_EP0_OutStart
 .text.USB_CoreReset
                0x0000000008006220       0x68 ./Drivers/STM32H7xx_HAL_Driver/Src/stm32h7xx_ll_usb.o
 .text.USBD_HID_Init
                0x0000000008006288       0xcc ./Middlewares/ST/STM32_USB_Device_Library/Class/HID/Src/usbd_hid.o
 .text.USBD_HID_DeInit
                0x0000000008006354       0x90 ./Middlewares/ST/STM32_USB_Device_Library/Class/HID/Src/usbd_hid.o
 .text.USBD_HID_Setup
                0x00000000080063e4      0x210 ./Middlewares/ST/STM32_USB_Device_Library/Class/HID/Src/usbd_hid.o
 .text.USBD_HID_SendReport
                0x00000000080065f4       0x60 ./Middlewares/ST/STM32_USB_Device_Library/Class/HID/Src/usbd_hid.o
                0x00000000080065f4                USBD_HID_SendReport
 .text.USBD_HID_GetFSCfgDesc
                0x0000000008006654       0x34 ./Middlewares/ST/STM32_USB_Device_Library/Class/HID/Src/usbd_hid.o
 .text.USBD_HID_GetHSCfgDesc
                0x0000000008006688       0x34 ./Middlewares/ST/STM32_USB_Device_Library/Class/HID/Src/usbd_hid.o
 .text.USBD_HID_GetOtherSpeedCfgDesc
                0x00000000080066bc       0x34 ./Middlewares/ST/STM32_USB_Device_Library/Class/HID/Src/usbd_hid.o
 .text.USBD_HID_DataIn
                0x00000000080066f0       0x2c ./Middlewares/ST/STM32_USB_Device_Library/Class/HID/Src/usbd_hid.o
 .text.USBD_HID_GetDeviceQualifierDesc
                0x000000000800671c       0x20 ./Middlewares/ST/STM32_USB_Device_Library/Class/HID/Src/usbd_hid.o
 .text.USBD_Init
                0x000000000800673c       0x60 ./Middlewares/ST/STM32_USB_Device_Library/Core/Src/usbd_core.o
                0x000000000800673c                USBD_Init
 .text.USBD_RegisterClass
                0x000000000800679c       0x6c ./Middlewares/ST/STM32_USB_Device_Library/Core/Src/usbd_core.o
                0x000000000800679c                USBD_RegisterClass
 .text.USBD_Start
                0x0000000008006808       0x18 ./Middlewares/ST/STM32_USB_Device_Library/Core/Src/usbd_core.o
                0x0000000008006808                USBD_Start
 .text.USBD_RunTestMode
                0x0000000008006820       0x16 ./Middlewares/ST/STM32_USB_Device_Library/Core/Src/usbd_core.o
                0x0000000008006820                USBD_RunTestMode
 .text.USBD_SetClassConfig
                0x0000000008006836       0x38 ./Middlewares/ST/STM32_USB_Device_Library/Core/Src/usbd_core.o
                0x0000000008006836                USBD_SetClassConfig
 .text.USBD_ClrClassConfig
                0x000000000800686e       0x34 ./Middlewares/ST/STM32_USB_Device_Library/Core/Src/usbd_core.o
                0x000000000800686e                USBD_ClrClassConfig
 .text.USBD_LL_SetupStage
                0x00000000080068a2       0xaa ./Middlewares/ST/STM32_USB_Device_Library/Core/Src/usbd_core.o
                0x00000000080068a2                USBD_LL_SetupStage
 .text.USBD_LL_DataOutStage
                0x000000000800694c      0x166 ./Middlewares/ST/STM32_USB_Device_Library/Core/Src/usbd_core.o
                0x000000000800694c                USBD_LL_DataOutStage
 .text.USBD_LL_DataInStage
                0x0000000008006ab2      0x164 ./Middlewares/ST/STM32_USB_Device_Library/Core/Src/usbd_core.o
                0x0000000008006ab2                USBD_LL_DataInStage
 .text.USBD_LL_Reset
                0x0000000008006c16       0xa4 ./Middlewares/ST/STM32_USB_Device_Library/Core/Src/usbd_core.o
                0x0000000008006c16                USBD_LL_Reset
 .text.USBD_LL_SetSpeed
                0x0000000008006cba       0x20 ./Middlewares/ST/STM32_USB_Device_Library/Core/Src/usbd_core.o
                0x0000000008006cba                USBD_LL_SetSpeed
 .text.USBD_LL_Suspend
                0x0000000008006cda       0x38 ./Middlewares/ST/STM32_USB_Device_Library/Core/Src/usbd_core.o
                0x0000000008006cda                USBD_LL_Suspend
 .text.USBD_LL_Resume
                0x0000000008006d12       0x30 ./Middlewares/ST/STM32_USB_Device_Library/Core/Src/usbd_core.o
                0x0000000008006d12                USBD_LL_Resume
 .text.USBD_LL_SOF
                0x0000000008006d42       0x40 ./Middlewares/ST/STM32_USB_Device_Library/Core/Src/usbd_core.o
                0x0000000008006d42                USBD_LL_SOF
 .text.USBD_LL_IsoINIncomplete
                0x0000000008006d82       0x64 ./Middlewares/ST/STM32_USB_Device_Library/Core/Src/usbd_core.o
                0x0000000008006d82                USBD_LL_IsoINIncomplete
 .text.USBD_LL_IsoOUTIncomplete
                0x0000000008006de6       0x64 ./Middlewares/ST/STM32_USB_Device_Library/Core/Src/usbd_core.o
                0x0000000008006de6                USBD_LL_IsoOUTIncomplete
 .text.USBD_LL_DevConnected
                0x0000000008006e4a       0x16 ./Middlewares/ST/STM32_USB_Device_Library/Core/Src/usbd_core.o
                0x0000000008006e4a                USBD_LL_DevConnected
 .text.USBD_LL_DevDisconnected
                0x0000000008006e60       0x46 ./Middlewares/ST/STM32_USB_Device_Library/Core/Src/usbd_core.o
                0x0000000008006e60                USBD_LL_DevDisconnected
 .text.USBD_CoreFindIF
                0x0000000008006ea6       0x1a ./Middlewares/ST/STM32_USB_Device_Library/Core/Src/usbd_core.o
                0x0000000008006ea6                USBD_CoreFindIF
 .text.USBD_CoreFindEP
                0x0000000008006ec0       0x1a ./Middlewares/ST/STM32_USB_Device_Library/Core/Src/usbd_core.o
                0x0000000008006ec0                USBD_CoreFindEP
 .text.USBD_GetEpDesc
                0x0000000008006eda       0x74 ./Middlewares/ST/STM32_USB_Device_Library/Core/Src/usbd_core.o
                0x0000000008006eda                USBD_GetEpDesc
 .text.USBD_GetNextDesc
                0x0000000008006f4e       0x3a ./Middlewares/ST/STM32_USB_Device_Library/Core/Src/usbd_core.o
                0x0000000008006f4e                USBD_GetNextDesc
 .text.SWAPBYTE
                0x0000000008006f88       0x3c ./Middlewares/ST/STM32_USB_Device_Library/Core/Src/usbd_ctlreq.o
 .text.USBD_StdDevReq
                0x0000000008006fc4       0xe4 ./Middlewares/ST/STM32_USB_Device_Library/Core/Src/usbd_ctlreq.o
                0x0000000008006fc4                USBD_StdDevReq
 .text.USBD_StdItfReq
                0x00000000080070a8       0xd8 ./Middlewares/ST/STM32_USB_Device_Library/Core/Src/usbd_ctlreq.o
                0x00000000080070a8                USBD_StdItfReq
 .text.USBD_StdEPReq
                0x0000000008007180      0x33a ./Middlewares/ST/STM32_USB_Device_Library/Core/Src/usbd_ctlreq.o
                0x0000000008007180                USBD_StdEPReq
 *fill*         0x00000000080074ba        0x2 
 .text.USBD_GetDescriptor
                0x00000000080074bc      0x328 ./Middlewares/ST/STM32_USB_Device_Library/Core/Src/usbd_ctlreq.o
 .text.USBD_SetAddress
                0x00000000080077e4       0x88 ./Middlewares/ST/STM32_USB_Device_Library/Core/Src/usbd_ctlreq.o
 .text.USBD_SetConfig
                0x000000000800786c      0x154 ./Middlewares/ST/STM32_USB_Device_Library/Core/Src/usbd_ctlreq.o
 .text.USBD_GetConfig
                0x00000000080079c0       0x6c ./Middlewares/ST/STM32_USB_Device_Library/Core/Src/usbd_ctlreq.o
 .text.USBD_GetStatus
                0x0000000008007a2c       0x68 ./Middlewares/ST/STM32_USB_Device_Library/Core/Src/usbd_ctlreq.o
 .text.USBD_SetFeature
                0x0000000008007a94       0x52 ./Middlewares/ST/STM32_USB_Device_Library/Core/Src/usbd_ctlreq.o
 .text.USBD_ClrFeature
                0x0000000008007ae6       0x44 ./Middlewares/ST/STM32_USB_Device_Library/Core/Src/usbd_ctlreq.o
 .text.USBD_ParseSetupRequest
                0x0000000008007b2a       0x74 ./Middlewares/ST/STM32_USB_Device_Library/Core/Src/usbd_ctlreq.o
                0x0000000008007b2a                USBD_ParseSetupRequest
 .text.USBD_CtlError
                0x0000000008007b9e       0x22 ./Middlewares/ST/STM32_USB_Device_Library/Core/Src/usbd_ctlreq.o
                0x0000000008007b9e                USBD_CtlError
 .text.USBD_GetString
                0x0000000008007bc0       0x8c ./Middlewares/ST/STM32_USB_Device_Library/Core/Src/usbd_ctlreq.o
                0x0000000008007bc0                USBD_GetString
 .text.USBD_GetLen
                0x0000000008007c4c       0x34 ./Middlewares/ST/STM32_USB_Device_Library/Core/Src/usbd_ctlreq.o
 .text.USBD_CtlSendData
                0x0000000008007c80       0x36 ./Middlewares/ST/STM32_USB_Device_Library/Core/Src/usbd_ioreq.o
                0x0000000008007c80                USBD_CtlSendData
 .text.USBD_CtlContinueSendData
                0x0000000008007cb6       0x22 ./Middlewares/ST/STM32_USB_Device_Library/Core/Src/usbd_ioreq.o
                0x0000000008007cb6                USBD_CtlContinueSendData
 .text.USBD_CtlContinueRx
                0x0000000008007cd8       0x22 ./Middlewares/ST/STM32_USB_Device_Library/Core/Src/usbd_ioreq.o
                0x0000000008007cd8                USBD_CtlContinueRx
 .text.USBD_CtlSendStatus
                0x0000000008007cfa       0x26 ./Middlewares/ST/STM32_USB_Device_Library/Core/Src/usbd_ioreq.o
                0x0000000008007cfa                USBD_CtlSendStatus
 .text.USBD_CtlReceiveStatus
                0x0000000008007d20       0x26 ./Middlewares/ST/STM32_USB_Device_Library/Core/Src/usbd_ioreq.o
                0x0000000008007d20                USBD_CtlReceiveStatus
 *fill*         0x0000000008007d46        0x2 
 .text.MX_USB_DEVICE_Init
                0x0000000008007d48       0x50 ./USB_DEVICE/App/usb_device.o
                0x0000000008007d48                MX_USB_DEVICE_Init
 .text.USBD_FS_DeviceDescriptor
                0x0000000008007d98       0x24 ./USB_DEVICE/App/usbd_desc.o
                0x0000000008007d98                USBD_FS_DeviceDescriptor
 .text.USBD_FS_LangIDStrDescriptor
                0x0000000008007dbc       0x24 ./USB_DEVICE/App/usbd_desc.o
                0x0000000008007dbc                USBD_FS_LangIDStrDescriptor
 .text.USBD_FS_ProductStrDescriptor
                0x0000000008007de0       0x3c ./USB_DEVICE/App/usbd_desc.o
                0x0000000008007de0                USBD_FS_ProductStrDescriptor
 .text.USBD_FS_ManufacturerStrDescriptor
                0x0000000008007e1c       0x28 ./USB_DEVICE/App/usbd_desc.o
                0x0000000008007e1c                USBD_FS_ManufacturerStrDescriptor
 .text.USBD_FS_SerialStrDescriptor
                0x0000000008007e44       0x24 ./USB_DEVICE/App/usbd_desc.o
                0x0000000008007e44                USBD_FS_SerialStrDescriptor
 .text.USBD_FS_ConfigStrDescriptor
                0x0000000008007e68       0x3c ./USB_DEVICE/App/usbd_desc.o
                0x0000000008007e68                USBD_FS_ConfigStrDescriptor
 .text.USBD_FS_InterfaceStrDescriptor
                0x0000000008007ea4       0x3c ./USB_DEVICE/App/usbd_desc.o
                0x0000000008007ea4                USBD_FS_InterfaceStrDescriptor
 .text.Get_SerialNum
                0x0000000008007ee0       0x58 ./USB_DEVICE/App/usbd_desc.o
 .text.IntToUnicode
                0x0000000008007f38       0x7e ./USB_DEVICE/App/usbd_desc.o
 *fill*         0x0000000008007fb6        0x2 
 .text.HAL_PCD_MspInit
                0x0000000008007fb8       0xe8 ./USB_DEVICE/Target/usbd_conf.o
                0x0000000008007fb8                HAL_PCD_MspInit
 .text.HAL_PCD_SetupStageCallback
                0x00000000080080a0       0x24 ./USB_DEVICE/Target/usbd_conf.o
                0x00000000080080a0                HAL_PCD_SetupStageCallback
 .text.HAL_PCD_DataOutStageCallback
                0x00000000080080c4       0x36 ./USB_DEVICE/Target/usbd_conf.o
                0x00000000080080c4                HAL_PCD_DataOutStageCallback
 .text.HAL_PCD_DataInStageCallback
                0x00000000080080fa       0x34 ./USB_DEVICE/Target/usbd_conf.o
                0x00000000080080fa                HAL_PCD_DataInStageCallback
 .text.HAL_PCD_SOFCallback
                0x000000000800812e       0x1c ./USB_DEVICE/Target/usbd_conf.o
                0x000000000800812e                HAL_PCD_SOFCallback
 .text.HAL_PCD_ResetCallback
                0x000000000800814a       0x50 ./USB_DEVICE/Target/usbd_conf.o
                0x000000000800814a                HAL_PCD_ResetCallback
 *fill*         0x000000000800819a        0x2 
 .text.HAL_PCD_SuspendCallback
                0x000000000800819c       0x4c ./USB_DEVICE/Target/usbd_conf.o
                0x000000000800819c                HAL_PCD_SuspendCallback
 .text.HAL_PCD_ResumeCallback
                0x00000000080081e8       0x1c ./USB_DEVICE/Target/usbd_conf.o
                0x00000000080081e8                HAL_PCD_ResumeCallback
 .text.HAL_PCD_ISOOUTIncompleteCallback
                0x0000000008008204       0x24 ./USB_DEVICE/Target/usbd_conf.o
                0x0000000008008204                HAL_PCD_ISOOUTIncompleteCallback
 .text.HAL_PCD_ISOINIncompleteCallback
                0x0000000008008228       0x24 ./USB_DEVICE/Target/usbd_conf.o
                0x0000000008008228                HAL_PCD_ISOINIncompleteCallback
 .text.HAL_PCD_ConnectCallback
                0x000000000800824c       0x1c ./USB_DEVICE/Target/usbd_conf.o
                0x000000000800824c                HAL_PCD_ConnectCallback
 .text.HAL_PCD_DisconnectCallback
                0x0000000008008268       0x1c ./USB_DEVICE/Target/usbd_conf.o
                0x0000000008008268                HAL_PCD_DisconnectCallback
 .text.USBD_LL_Init
                0x0000000008008284       0xa0 ./USB_DEVICE/Target/usbd_conf.o
                0x0000000008008284                USBD_LL_Init
 .text.USBD_LL_Start
                0x0000000008008324       0x36 ./USB_DEVICE/Target/usbd_conf.o
                0x0000000008008324                USBD_LL_Start
 .text.USBD_LL_OpenEP
                0x000000000800835a       0x4c ./USB_DEVICE/Target/usbd_conf.o
                0x000000000800835a                USBD_LL_OpenEP
 .text.USBD_LL_CloseEP
                0x00000000080083a6       0x3e ./USB_DEVICE/Target/usbd_conf.o
                0x00000000080083a6                USBD_LL_CloseEP
 .text.USBD_LL_StallEP
                0x00000000080083e4       0x3e ./USB_DEVICE/Target/usbd_conf.o
                0x00000000080083e4                USBD_LL_StallEP
 .text.USBD_LL_ClearStallEP
                0x0000000008008422       0x3e ./USB_DEVICE/Target/usbd_conf.o
                0x0000000008008422                USBD_LL_ClearStallEP
 .text.USBD_LL_IsStallEP
                0x0000000008008460       0x58 ./USB_DEVICE/Target/usbd_conf.o
                0x0000000008008460                USBD_LL_IsStallEP
 .text.USBD_LL_SetUSBAddress
                0x00000000080084b8       0x3e ./USB_DEVICE/Target/usbd_conf.o
                0x00000000080084b8                USBD_LL_SetUSBAddress
 .text.USBD_LL_Transmit
                0x00000000080084f6       0x42 ./USB_DEVICE/Target/usbd_conf.o
                0x00000000080084f6                USBD_LL_Transmit
 .text.USBD_LL_PrepareReceive
                0x0000000008008538       0x42 ./USB_DEVICE/Target/usbd_conf.o
                0x0000000008008538                USBD_LL_PrepareReceive
 *fill*         0x000000000800857a        0x2 
 .text.USBD_static_malloc
                0x000000000800857c       0x1c ./USB_DEVICE/Target/usbd_conf.o
                0x000000000800857c                USBD_static_malloc
 .text.USBD_static_free
                0x0000000008008598       0x14 ./USB_DEVICE/Target/usbd_conf.o
                0x0000000008008598                USBD_static_free
 .text.USBD_Get_USB_Status
                0x00000000080085ac       0x58 ./USB_DEVICE/Target/usbd_conf.o
                0x00000000080085ac                USBD_Get_USB_Status
 .text.memset   0x0000000008008604       0x10 C:/ST/STM32CubeIDE_1.14.0/STM32CubeIDE/plugins/com.st.stm32cube.ide.mcu.externaltools.gnu-tools-for-stm32.11.3.rel1.win32_1.1.100.202309141235/tools/bin/../lib/gcc/arm-none-eabi/11.3.1/../../../../arm-none-eabi/lib/thumb/v7e-m+dp/hard\libc_nano.a(libc_a-memset.o)
                0x0000000008008604                memset
 .text.__libc_init_array
                0x0000000008008614       0x48 C:/ST/STM32CubeIDE_1.14.0/STM32CubeIDE/plugins/com.st.stm32cube.ide.mcu.externaltools.gnu-tools-for-stm32.11.3.rel1.win32_1.1.100.202309141235/tools/bin/../lib/gcc/arm-none-eabi/11.3.1/../../../../arm-none-eabi/lib/thumb/v7e-m+dp/hard\libc_nano.a(libc_a-init.o)
                0x0000000008008614                __libc_init_array
 *(.glue_7)
 .glue_7        0x000000000800865c        0x0 linker stubs
 *(.glue_7t)
 .glue_7t       0x000000000800865c        0x0 linker stubs
 *(.eh_frame)
 .eh_frame      0x000000000800865c        0x0 C:/ST/STM32CubeIDE_1.14.0/STM32CubeIDE/plugins/com.st.stm32cube.ide.mcu.externaltools.gnu-tools-for-stm32.11.3.rel1.win32_1.1.100.202309141235/tools/bin/../lib/gcc/arm-none-eabi/11.3.1/thumb/v7e-m+dp/hard/crtbegin.o
 *(.init)
 .init          0x000000000800865c        0x4 C:/ST/STM32CubeIDE_1.14.0/STM32CubeIDE/plugins/com.st.stm32cube.ide.mcu.externaltools.gnu-tools-for-stm32.11.3.rel1.win32_1.1.100.202309141235/tools/bin/../lib/gcc/arm-none-eabi/11.3.1/thumb/v7e-m+dp/hard/crti.o
                0x000000000800865c                _init
 .init          0x0000000008008660        0x8 C:/ST/STM32CubeIDE_1.14.0/STM32CubeIDE/plugins/com.st.stm32cube.ide.mcu.externaltools.gnu-tools-for-stm32.11.3.rel1.win32_1.1.100.202309141235/tools/bin/../lib/gcc/arm-none-eabi/11.3.1/thumb/v7e-m+dp/hard/crtn.o
 *(.fini)
 .fini          0x0000000008008668        0x4 C:/ST/STM32CubeIDE_1.14.0/STM32CubeIDE/plugins/com.st.stm32cube.ide.mcu.externaltools.gnu-tools-for-stm32.11.3.rel1.win32_1.1.100.202309141235/tools/bin/../lib/gcc/arm-none-eabi/11.3.1/thumb/v7e-m+dp/hard/crti.o
                0x0000000008008668                _fini
 .fini          0x000000000800866c        0x8 C:/ST/STM32CubeIDE_1.14.0/STM32CubeIDE/plugins/com.st.stm32cube.ide.mcu.externaltools.gnu-tools-for-stm32.11.3.rel1.win32_1.1.100.202309141235/tools/bin/../lib/gcc/arm-none-eabi/11.3.1/thumb/v7e-m+dp/hard/crtn.o
                0x0000000008008674                . = ALIGN (0x4)
                0x0000000008008674                _etext = .

.vfp11_veneer   0x0000000008008674        0x0
 .vfp11_veneer  0x0000000008008674        0x0 linker stubs

.v4_bx          0x0000000008008674        0x0
 .v4_bx         0x0000000008008674        0x0 linker stubs

.iplt           0x0000000008008674        0x0
 .iplt          0x0000000008008674        0x0 C:/ST/STM32CubeIDE_1.14.0/STM32CubeIDE/plugins/com.st.stm32cube.ide.mcu.externaltools.gnu-tools-for-stm32.11.3.rel1.win32_1.1.100.202309141235/tools/bin/../lib/gcc/arm-none-eabi/11.3.1/thumb/v7e-m+dp/hard/crtbegin.o

.rodata         0x0000000008008674       0x48
                0x0000000008008674                . = ALIGN (0x4)
 *(.rodata)
 .rodata        0x0000000008008674        0x8 ./Core/Src/main.o
 .rodata        0x000000000800867c       0x2e ./USB_DEVICE/App/usbd_desc.o
 *(.rodata*)
 *fill*         0x00000000080086aa        0x2 
 .rodata.D1CorePrescTable
                0x00000000080086ac       0x10 ./Core/Src/system_stm32h7xx.o
                0x00000000080086ac                D1CorePrescTable
                0x00000000080086bc                . = ALIGN (0x4)

.rel.dyn        0x00000000080086bc        0x0
 .rel.iplt      0x00000000080086bc        0x0 C:/ST/STM32CubeIDE_1.14.0/STM32CubeIDE/plugins/com.st.stm32cube.ide.mcu.externaltools.gnu-tools-for-stm32.11.3.rel1.win32_1.1.100.202309141235/tools/bin/../lib/gcc/arm-none-eabi/11.3.1/thumb/v7e-m+dp/hard/crtbegin.o

.ARM.extab
 *(.ARM.extab* .gnu.linkonce.armextab.*)

.ARM            0x00000000080086bc        0x0
                0x00000000080086bc                __exidx_start = .
 *(.ARM.exidx*)
                0x00000000080086bc                __exidx_end = .

.preinit_array  0x00000000080086bc        0x0
                0x00000000080086bc                PROVIDE (__preinit_array_start = .)
 *(.preinit_array*)
                0x00000000080086bc                PROVIDE (__preinit_array_end = .)

.init_array     0x00000000080086bc        0x4
                0x00000000080086bc                PROVIDE (__init_array_start = .)
 *(SORT_BY_NAME(.init_array.*))
 *(.init_array*)
 .init_array    0x00000000080086bc        0x4 C:/ST/STM32CubeIDE_1.14.0/STM32CubeIDE/plugins/com.st.stm32cube.ide.mcu.externaltools.gnu-tools-for-stm32.11.3.rel1.win32_1.1.100.202309141235/tools/bin/../lib/gcc/arm-none-eabi/11.3.1/thumb/v7e-m+dp/hard/crtbegin.o
                0x00000000080086c0                PROVIDE (__init_array_end = .)

.fini_array     0x00000000080086c0        0x4
                [!provide]                        PROVIDE (__fini_array_start = .)
 *(SORT_BY_NAME(.fini_array.*))
 *(.fini_array*)
 .fini_array    0x00000000080086c0        0x4 C:/ST/STM32CubeIDE_1.14.0/STM32CubeIDE/plugins/com.st.stm32cube.ide.mcu.externaltools.gnu-tools-for-stm32.11.3.rel1.win32_1.1.100.202309141235/tools/bin/../lib/gcc/arm-none-eabi/11.3.1/thumb/v7e-m+dp/hard/crtbegin.o
                [!provide]                        PROVIDE (__fini_array_end = .)
                0x00000000080086c4                _sidata = LOADADDR (.data)

.data           0x0000000024000000      0x118 load address 0x00000000080086c4
                0x0000000024000000                . = ALIGN (0x4)
                0x0000000024000000                _sdata = .
 *(.data)
 *(.data*)
 .data.SystemCoreClock
                0x0000000024000000        0x4 ./Core/Src/system_stm32h7xx.o
                0x0000000024000000                SystemCoreClock
 .data.SystemD2Clock
                0x0000000024000004        0x4 ./Core/Src/system_stm32h7xx.o
                0x0000000024000004                SystemD2Clock
 .data.uwTickPrio
                0x0000000024000008        0x4 ./Drivers/STM32H7xx_HAL_Driver/Src/stm32h7xx_hal.o
                0x0000000024000008                uwTickPrio
 .data.uwTickFreq
                0x000000002400000c        0x1 ./Drivers/STM32H7xx_HAL_Driver/Src/stm32h7xx_hal.o
                0x000000002400000c                uwTickFreq
 *fill*         0x000000002400000d        0x3 
 .data.USBD_HID
                0x0000000024000010       0x38 ./Middlewares/ST/STM32_USB_Device_Library/Class/HID/Src/usbd_hid.o
                0x0000000024000010                USBD_HID
 .data.USBD_HID_CfgDesc
                0x0000000024000048       0x22 ./Middlewares/ST/STM32_USB_Device_Library/Class/HID/Src/usbd_hid.o
 *fill*         0x000000002400006a        0x2 
 .data.USBD_HID_Desc
                0x000000002400006c        0x9 ./Middlewares/ST/STM32_USB_Device_Library/Class/HID/Src/usbd_hid.o
 *fill*         0x0000000024000075        0x3 
 .data.USBD_HID_DeviceQualifierDesc
                0x0000000024000078        0xa ./Middlewares/ST/STM32_USB_Device_Library/Class/HID/Src/usbd_hid.o
 *fill*         0x0000000024000082        0x2 
 .data.HID_MOUSE_ReportDesc
                0x0000000024000084       0x3f ./Middlewares/ST/STM32_USB_Device_Library/Class/HID/Src/usbd_hid.o
 .data.HIDInEpAdd
                0x00000000240000c3        0x1 ./Middlewares/ST/STM32_USB_Device_Library/Class/HID/Src/usbd_hid.o
 .data.FS_Desc  0x00000000240000c4       0x20 ./USB_DEVICE/App/usbd_desc.o
                0x00000000240000c4                FS_Desc
 .data.USBD_FS_DeviceDesc
                0x00000000240000e4       0x12 ./USB_DEVICE/App/usbd_desc.o
                0x00000000240000e4                USBD_FS_DeviceDesc
 *fill*         0x00000000240000f6        0x2 
 .data.USBD_LangIDDesc
                0x00000000240000f8        0x4 ./USB_DEVICE/App/usbd_desc.o
                0x00000000240000f8                USBD_LangIDDesc
 .data.USBD_StringSerial
                0x00000000240000fc       0x1a ./USB_DEVICE/App/usbd_desc.o
                0x00000000240000fc                USBD_StringSerial
 *(.RamFunc)
 *(.RamFunc*)
                0x0000000024000118                . = ALIGN (0x4)
 *fill*         0x0000000024000116        0x2 
                0x0000000024000118                _edata = .

.igot.plt       0x0000000024000118        0x0 load address 0x00000000080087dc
 .igot.plt      0x0000000024000118        0x0 C:/ST/STM32CubeIDE_1.14.0/STM32CubeIDE/plugins/com.st.stm32cube.ide.mcu.externaltools.gnu-tools-for-stm32.11.3.rel1.win32_1.1.100.202309141235/tools/bin/../lib/gcc/arm-none-eabi/11.3.1/thumb/v7e-m+dp/hard/crtbegin.o
                0x0000000024000118                . = ALIGN (0x4)

.bss            0x0000000024000118      0xa20 load address 0x00000000080087dc
                0x0000000024000118                _sbss = .
                0x0000000024000118                __bss_start__ = _sbss
 *(.bss)
 .bss           0x0000000024000118       0x1c C:/ST/STM32CubeIDE_1.14.0/STM32CubeIDE/plugins/com.st.stm32cube.ide.mcu.externaltools.gnu-tools-for-stm32.11.3.rel1.win32_1.1.100.202309141235/tools/bin/../lib/gcc/arm-none-eabi/11.3.1/thumb/v7e-m+dp/hard/crtbegin.o
 *(.bss*)
 .bss.uwTick    0x0000000024000134        0x4 ./Drivers/STM32H7xx_HAL_Driver/Src/stm32h7xx_hal.o
                0x0000000024000134                uwTick
 .bss.cfgidx.0  0x0000000024000138        0x1 ./Middlewares/ST/STM32_USB_Device_Library/Core/Src/usbd_ctlreq.o
 *fill*         0x0000000024000139        0x3 
 .bss.hUsbDeviceFS
                0x000000002400013c      0x2dc ./USB_DEVICE/App/usb_device.o
                0x000000002400013c                hUsbDeviceFS
 .bss.USBD_StrDesc
                0x0000000024000418      0x200 ./USB_DEVICE/App/usbd_desc.o
                0x0000000024000418                USBD_StrDesc
 .bss.hpcd_USB_OTG_FS
                0x0000000024000618      0x50c ./USB_DEVICE/Target/usbd_conf.o
                0x0000000024000618                hpcd_USB_OTG_FS
 .bss.mem.0     0x0000000024000b24       0x14 ./USB_DEVICE/Target/usbd_conf.o
 *(COMMON)
                0x0000000024000b38                . = ALIGN (0x4)
                0x0000000024000b38                _ebss = .
                0x0000000024000b38                __bss_end__ = _ebss

._user_heap_stack
                0x0000000024000b38      0x600 load address 0x00000000080087dc
                0x0000000024000b38                . = ALIGN (0x8)
                [!provide]                        PROVIDE (end = .)
                0x0000000024000b38                PROVIDE (_end = .)
                0x0000000024000d38                . = (. + _Min_Heap_Size)
 *fill*         0x0000000024000b38      0x200 
                0x0000000024001138                . = (. + _Min_Stack_Size)
 *fill*         0x0000000024000d38      0x400 
                0x0000000024001138                . = ALIGN (0x8)

/DISCARD/
 libc.a(*)
 libm.a(*)
 libgcc.a(*)

.ARM.attributes
                0x0000000000000000       0x2e
 *(.ARM.attributes)
 .ARM.attributes
                0x0000000000000000       0x1e C:/ST/STM32CubeIDE_1.14.0/STM32CubeIDE/plugins/com.st.stm32cube.ide.mcu.externaltools.gnu-tools-for-stm32.11.3.rel1.win32_1.1.100.202309141235/tools/bin/../lib/gcc/arm-none-eabi/11.3.1/thumb/v7e-m+dp/hard/crti.o
 .ARM.attributes
                0x000000000000001e       0x32 C:/ST/STM32CubeIDE_1.14.0/STM32CubeIDE/plugins/com.st.stm32cube.ide.mcu.externaltools.gnu-tools-for-stm32.11.3.rel1.win32_1.1.100.202309141235/tools/bin/../lib/gcc/arm-none-eabi/11.3.1/thumb/v7e-m+dp/hard/crtbegin.o
 .ARM.attributes
                0x0000000000000050       0x32 ./Core/Src/gpio.o
 .ARM.attributes
                0x0000000000000082       0x32 ./Core/Src/main.o
 .ARM.attributes
                0x00000000000000b4       0x32 ./Core/Src/stm32h7xx_hal_msp.o
 .ARM.attributes
                0x00000000000000e6       0x32 ./Core/Src/stm32h7xx_it.o
 .ARM.attributes
                0x0000000000000118       0x32 ./Core/Src/system_stm32h7xx.o
 .ARM.attributes
                0x000000000000014a       0x21 ./Core/Startup/startup_stm32h743iitx.o
 .ARM.attributes
                0x000000000000016b       0x32 ./Drivers/STM32H7xx_HAL_Driver/Src/stm32h7xx_hal.o
 .ARM.attributes
                0x000000000000019d       0x32 ./Drivers/STM32H7xx_HAL_Driver/Src/stm32h7xx_hal_cortex.o
 .ARM.attributes
                0x00000000000001cf       0x32 ./Drivers/STM32H7xx_HAL_Driver/Src/stm32h7xx_hal_gpio.o
 .ARM.attributes
                0x0000000000000201       0x32 ./Drivers/STM32H7xx_HAL_Driver/Src/stm32h7xx_hal_pcd.o
 .ARM.attributes
                0x0000000000000233       0x32 ./Drivers/STM32H7xx_HAL_Driver/Src/stm32h7xx_hal_pcd_ex.o
 .ARM.attributes
                0x0000000000000265       0x32 ./Drivers/STM32H7xx_HAL_Driver/Src/stm32h7xx_hal_pwr_ex.o
 .ARM.attributes
                0x0000000000000297       0x32 ./Drivers/STM32H7xx_HAL_Driver/Src/stm32h7xx_hal_rcc.o
 .ARM.attributes
                0x00000000000002c9       0x32 ./Drivers/STM32H7xx_HAL_Driver/Src/stm32h7xx_hal_rcc_ex.o
 .ARM.attributes
                0x00000000000002fb       0x32 ./Drivers/STM32H7xx_HAL_Driver/Src/stm32h7xx_ll_usb.o
 .ARM.attributes
                0x000000000000032d       0x32 ./Middlewares/ST/STM32_USB_Device_Library/Class/HID/Src/usbd_hid.o
 .ARM.attributes
                0x000000000000035f       0x32 ./Middlewares/ST/STM32_USB_Device_Library/Core/Src/usbd_core.o
 .ARM.attributes
                0x0000000000000391       0x32 ./Middlewares/ST/STM32_USB_Device_Library/Core/Src/usbd_ctlreq.o
 .ARM.attributes
                0x00000000000003c3       0x32 ./Middlewares/ST/STM32_USB_Device_Library/Core/Src/usbd_ioreq.o
 .ARM.attributes
                0x00000000000003f5       0x32 ./USB_DEVICE/App/usb_device.o
 .ARM.attributes
                0x0000000000000427       0x32 ./USB_DEVICE/App/usbd_desc.o
 .ARM.attributes
                0x0000000000000459       0x32 ./USB_DEVICE/Target/usbd_conf.o
 .ARM.attributes
                0x000000000000048b       0x32 C:/ST/STM32CubeIDE_1.14.0/STM32CubeIDE/plugins/com.st.stm32cube.ide.mcu.externaltools.gnu-tools-for-stm32.11.3.rel1.win32_1.1.100.202309141235/tools/bin/../lib/gcc/arm-none-eabi/11.3.1/../../../../arm-none-eabi/lib/thumb/v7e-m+dp/hard\libc_nano.a(libc_a-memset.o)
 .ARM.attributes
                0x00000000000004bd       0x32 C:/ST/STM32CubeIDE_1.14.0/STM32CubeIDE/plugins/com.st.stm32cube.ide.mcu.externaltools.gnu-tools-for-stm32.11.3.rel1.win32_1.1.100.202309141235/tools/bin/../lib/gcc/arm-none-eabi/11.3.1/../../../../arm-none-eabi/lib/thumb/v7e-m+dp/hard\libc_nano.a(libc_a-init.o)
 .ARM.attributes
                0x00000000000004ef       0x1e C:/ST/STM32CubeIDE_1.14.0/STM32CubeIDE/plugins/com.st.stm32cube.ide.mcu.externaltools.gnu-tools-for-stm32.11.3.rel1.win32_1.1.100.202309141235/tools/bin/../lib/gcc/arm-none-eabi/11.3.1/thumb/v7e-m+dp/hard/crtn.o
OUTPUT(H2OKeyboard.elf elf32-littlearm)
LOAD linker stubs
LOAD C:/ST/STM32CubeIDE_1.14.0/STM32CubeIDE/plugins/com.st.stm32cube.ide.mcu.externaltools.gnu-tools-for-stm32.11.3.rel1.win32_1.1.100.202309141235/tools/bin/../lib/gcc/arm-none-eabi/11.3.1/../../../../arm-none-eabi/lib/thumb/v7e-m+dp/hard\libc.a
LOAD C:/ST/STM32CubeIDE_1.14.0/STM32CubeIDE/plugins/com.st.stm32cube.ide.mcu.externaltools.gnu-tools-for-stm32.11.3.rel1.win32_1.1.100.202309141235/tools/bin/../lib/gcc/arm-none-eabi/11.3.1/../../../../arm-none-eabi/lib/thumb/v7e-m+dp/hard\libm.a
LOAD C:/ST/STM32CubeIDE_1.14.0/STM32CubeIDE/plugins/com.st.stm32cube.ide.mcu.externaltools.gnu-tools-for-stm32.11.3.rel1.win32_1.1.100.202309141235/tools/bin/../lib/gcc/arm-none-eabi/11.3.1/thumb/v7e-m+dp/hard\libgcc.a

.comment        0x0000000000000000       0x43
 .comment       0x0000000000000000       0x43 C:/ST/STM32CubeIDE_1.14.0/STM32CubeIDE/plugins/com.st.stm32cube.ide.mcu.externaltools.gnu-tools-for-stm32.11.3.rel1.win32_1.1.100.202309141235/tools/bin/../lib/gcc/arm-none-eabi/11.3.1/thumb/v7e-m+dp/hard/crtbegin.o
                                         0x44 (size before relaxing)
 .comment       0x0000000000000043       0x44 ./Core/Src/gpio.o
 .comment       0x0000000000000043       0x44 ./Core/Src/main.o
 .comment       0x0000000000000043       0x44 ./Core/Src/stm32h7xx_hal_msp.o
 .comment       0x0000000000000043       0x44 ./Core/Src/stm32h7xx_it.o
 .comment       0x0000000000000043       0x44 ./Core/Src/system_stm32h7xx.o
 .comment       0x0000000000000043       0x44 ./Drivers/STM32H7xx_HAL_Driver/Src/stm32h7xx_hal.o
 .comment       0x0000000000000043       0x44 ./Drivers/STM32H7xx_HAL_Driver/Src/stm32h7xx_hal_cortex.o
 .comment       0x0000000000000043       0x44 ./Drivers/STM32H7xx_HAL_Driver/Src/stm32h7xx_hal_gpio.o
 .comment       0x0000000000000043       0x44 ./Drivers/STM32H7xx_HAL_Driver/Src/stm32h7xx_hal_pcd.o
 .comment       0x0000000000000043       0x44 ./Drivers/STM32H7xx_HAL_Driver/Src/stm32h7xx_hal_pcd_ex.o
 .comment       0x0000000000000043       0x44 ./Drivers/STM32H7xx_HAL_Driver/Src/stm32h7xx_hal_pwr_ex.o
 .comment       0x0000000000000043       0x44 ./Drivers/STM32H7xx_HAL_Driver/Src/stm32h7xx_hal_rcc.o
 .comment       0x0000000000000043       0x44 ./Drivers/STM32H7xx_HAL_Driver/Src/stm32h7xx_hal_rcc_ex.o
 .comment       0x0000000000000043       0x44 ./Drivers/STM32H7xx_HAL_Driver/Src/stm32h7xx_ll_usb.o
 .comment       0x0000000000000043       0x44 ./Middlewares/ST/STM32_USB_Device_Library/Class/HID/Src/usbd_hid.o
 .comment       0x0000000000000043       0x44 ./Middlewares/ST/STM32_USB_Device_Library/Core/Src/usbd_core.o
 .comment       0x0000000000000043       0x44 ./Middlewares/ST/STM32_USB_Device_Library/Core/Src/usbd_ctlreq.o
 .comment       0x0000000000000043       0x44 ./Middlewares/ST/STM32_USB_Device_Library/Core/Src/usbd_ioreq.o
 .comment       0x0000000000000043       0x44 ./USB_DEVICE/App/usb_device.o
 .comment       0x0000000000000043       0x44 ./USB_DEVICE/App/usbd_desc.o
 .comment       0x0000000000000043       0x44 ./USB_DEVICE/Target/usbd_conf.o

.debug_info     0x0000000000000000    0x12479
 .debug_info    0x0000000000000000      0x5b3 ./Core/Src/gpio.o
 .debug_info    0x00000000000005b3     0x1158 ./Core/Src/main.o
 .debug_info    0x000000000000170b      0x464 ./Core/Src/stm32h7xx_hal_msp.o
 .debug_info    0x0000000000001b6f      0x6b2 ./Core/Src/stm32h7xx_it.o
 .debug_info    0x0000000000002221      0xcef ./Core/Src/system_stm32h7xx.o
 .debug_info    0x0000000000002f10       0x23 ./Core/Startup/startup_stm32h743iitx.o
 .debug_info    0x0000000000002f33     0x153b ./Drivers/STM32H7xx_HAL_Driver/Src/stm32h7xx_hal.o
 .debug_info    0x000000000000446e     0x1060 ./Drivers/STM32H7xx_HAL_Driver/Src/stm32h7xx_hal_cortex.o
 .debug_info    0x00000000000054ce      0xc4b ./Drivers/STM32H7xx_HAL_Driver/Src/stm32h7xx_hal_gpio.o
 .debug_info    0x0000000000006119     0x1548 ./Drivers/STM32H7xx_HAL_Driver/Src/stm32h7xx_hal_pcd.o
 .debug_info    0x0000000000007661      0x8b3 ./Drivers/STM32H7xx_HAL_Driver/Src/stm32h7xx_hal_pcd_ex.o
 .debug_info    0x0000000000007f14     0x1008 ./Drivers/STM32H7xx_HAL_Driver/Src/stm32h7xx_hal_pwr_ex.o
 .debug_info    0x0000000000008f1c      0xe5b ./Drivers/STM32H7xx_HAL_Driver/Src/stm32h7xx_hal_rcc.o
 .debug_info    0x0000000000009d77     0x1216 ./Drivers/STM32H7xx_HAL_Driver/Src/stm32h7xx_hal_rcc_ex.o
 .debug_info    0x000000000000af8d     0x19a9 ./Drivers/STM32H7xx_HAL_Driver/Src/stm32h7xx_ll_usb.o
 .debug_info    0x000000000000c936      0xa9f ./Middlewares/ST/STM32_USB_Device_Library/Class/HID/Src/usbd_hid.o
 .debug_info    0x000000000000d3d5      0xe20 ./Middlewares/ST/STM32_USB_Device_Library/Core/Src/usbd_core.o
 .debug_info    0x000000000000e1f5      0xaf9 ./Middlewares/ST/STM32_USB_Device_Library/Core/Src/usbd_ctlreq.o
 .debug_info    0x000000000000ecee      0x770 ./Middlewares/ST/STM32_USB_Device_Library/Core/Src/usbd_ioreq.o
 .debug_info    0x000000000000f45e      0x613 ./USB_DEVICE/App/usb_device.o
 .debug_info    0x000000000000fa71      0x48f ./USB_DEVICE/App/usbd_desc.o
 .debug_info    0x000000000000ff00     0x2579 ./USB_DEVICE/Target/usbd_conf.o

.debug_abbrev   0x0000000000000000     0x2f83
 .debug_abbrev  0x0000000000000000      0x151 ./Core/Src/gpio.o
 .debug_abbrev  0x0000000000000151      0x2bd ./Core/Src/main.o
 .debug_abbrev  0x000000000000040e       0xdb ./Core/Src/stm32h7xx_hal_msp.o
 .debug_abbrev  0x00000000000004e9      0x1a4 ./Core/Src/stm32h7xx_it.o
 .debug_abbrev  0x000000000000068d      0x14c ./Core/Src/system_stm32h7xx.o
 .debug_abbrev  0x00000000000007d9       0x12 ./Core/Startup/startup_stm32h743iitx.o
 .debug_abbrev  0x00000000000007eb      0x295 ./Drivers/STM32H7xx_HAL_Driver/Src/stm32h7xx_hal.o
 .debug_abbrev  0x0000000000000a80      0x339 ./Drivers/STM32H7xx_HAL_Driver/Src/stm32h7xx_hal_cortex.o
 .debug_abbrev  0x0000000000000db9      0x1fe ./Drivers/STM32H7xx_HAL_Driver/Src/stm32h7xx_hal_gpio.o
 .debug_abbrev  0x0000000000000fb7      0x2e6 ./Drivers/STM32H7xx_HAL_Driver/Src/stm32h7xx_hal_pcd.o
 .debug_abbrev  0x000000000000129d      0x256 ./Drivers/STM32H7xx_HAL_Driver/Src/stm32h7xx_hal_pcd_ex.o
 .debug_abbrev  0x00000000000014f3      0x2a7 ./Drivers/STM32H7xx_HAL_Driver/Src/stm32h7xx_hal_pwr_ex.o
 .debug_abbrev  0x000000000000179a      0x2c8 ./Drivers/STM32H7xx_HAL_Driver/Src/stm32h7xx_hal_rcc.o
 .debug_abbrev  0x0000000000001a62      0x269 ./Drivers/STM32H7xx_HAL_Driver/Src/stm32h7xx_hal_rcc_ex.o
 .debug_abbrev  0x0000000000001ccb      0x2ac ./Drivers/STM32H7xx_HAL_Driver/Src/stm32h7xx_ll_usb.o
 .debug_abbrev  0x0000000000001f77      0x2a2 ./Middlewares/ST/STM32_USB_Device_Library/Class/HID/Src/usbd_hid.o
 .debug_abbrev  0x0000000000002219      0x27c ./Middlewares/ST/STM32_USB_Device_Library/Core/Src/usbd_core.o
 .debug_abbrev  0x0000000000002495      0x26f ./Middlewares/ST/STM32_USB_Device_Library/Core/Src/usbd_ctlreq.o
 .debug_abbrev  0x0000000000002704      0x19a ./Middlewares/ST/STM32_USB_Device_Library/Core/Src/usbd_ioreq.o
 .debug_abbrev  0x000000000000289e      0x1a3 ./USB_DEVICE/App/usb_device.o
 .debug_abbrev  0x0000000000002a41      0x1f3 ./USB_DEVICE/App/usbd_desc.o
 .debug_abbrev  0x0000000000002c34      0x34f ./USB_DEVICE/Target/usbd_conf.o

.debug_aranges  0x0000000000000000      0xe08
 .debug_aranges
                0x0000000000000000       0x20 ./Core/Src/gpio.o
 .debug_aranges
                0x0000000000000020       0x38 ./Core/Src/main.o
 .debug_aranges
                0x0000000000000058       0x20 ./Core/Src/stm32h7xx_hal_msp.o
 .debug_aranges
                0x0000000000000078       0x68 ./Core/Src/stm32h7xx_it.o
 .debug_aranges
                0x00000000000000e0       0x28 ./Core/Src/system_stm32h7xx.o
 .debug_aranges
                0x0000000000000108       0x28 ./Core/Startup/startup_stm32h743iitx.o
 .debug_aranges
                0x0000000000000130      0x198 ./Drivers/STM32H7xx_HAL_Driver/Src/stm32h7xx_hal.o
 .debug_aranges
                0x00000000000002c8      0x120 ./Drivers/STM32H7xx_HAL_Driver/Src/stm32h7xx_hal_cortex.o
 .debug_aranges
                0x00000000000003e8       0x58 ./Drivers/STM32H7xx_HAL_Driver/Src/stm32h7xx_hal_gpio.o
 .debug_aranges
                0x0000000000000440      0x140 ./Drivers/STM32H7xx_HAL_Driver/Src/stm32h7xx_hal_pcd.o
 .debug_aranges
                0x0000000000000580       0x60 ./Drivers/STM32H7xx_HAL_Driver/Src/stm32h7xx_hal_pcd_ex.o
 .debug_aranges
                0x00000000000005e0      0x158 ./Drivers/STM32H7xx_HAL_Driver/Src/stm32h7xx_hal_pwr_ex.o
 .debug_aranges
                0x0000000000000738       0x88 ./Drivers/STM32H7xx_HAL_Driver/Src/stm32h7xx_hal_rcc.o
 .debug_aranges
                0x00000000000007c0       0xf8 ./Drivers/STM32H7xx_HAL_Driver/Src/stm32h7xx_hal_rcc_ex.o
 .debug_aranges
                0x00000000000008b8      0x1a0 ./Drivers/STM32H7xx_HAL_Driver/Src/stm32h7xx_ll_usb.o
 .debug_aranges
                0x0000000000000a58       0x68 ./Middlewares/ST/STM32_USB_Device_Library/Class/HID/Src/usbd_hid.o
 .debug_aranges
                0x0000000000000ac0       0xd8 ./Middlewares/ST/STM32_USB_Device_Library/Core/Src/usbd_core.o
 .debug_aranges
                0x0000000000000b98       0x90 ./Middlewares/ST/STM32_USB_Device_Library/Core/Src/usbd_ctlreq.o
 .debug_aranges
                0x0000000000000c28       0x50 ./Middlewares/ST/STM32_USB_Device_Library/Core/Src/usbd_ioreq.o
 .debug_aranges
                0x0000000000000c78       0x20 ./USB_DEVICE/App/usb_device.o
 .debug_aranges
                0x0000000000000c98       0x60 ./USB_DEVICE/App/usbd_desc.o
 .debug_aranges
                0x0000000000000cf8      0x110 ./USB_DEVICE/Target/usbd_conf.o

.debug_rnglists
                0x0000000000000000      0xa68
 .debug_rnglists
                0x0000000000000000       0x13 ./Core/Src/gpio.o
 .debug_rnglists
                0x0000000000000013       0x26 ./Core/Src/main.o
 .debug_rnglists
                0x0000000000000039       0x13 ./Core/Src/stm32h7xx_hal_msp.o
 .debug_rnglists
                0x000000000000004c       0x49 ./Core/Src/stm32h7xx_it.o
 .debug_rnglists
                0x0000000000000095       0x1b ./Core/Src/system_stm32h7xx.o
 .debug_rnglists
                0x00000000000000b0       0x19 ./Core/Startup/startup_stm32h743iitx.o
 .debug_rnglists
                0x00000000000000c9      0x131 ./Drivers/STM32H7xx_HAL_Driver/Src/stm32h7xx_hal.o
 .debug_rnglists
                0x00000000000001fa       0xd4 ./Drivers/STM32H7xx_HAL_Driver/Src/stm32h7xx_hal_cortex.o
 .debug_rnglists
                0x00000000000002ce       0x3f ./Drivers/STM32H7xx_HAL_Driver/Src/stm32h7xx_hal_gpio.o
 .debug_rnglists
                0x000000000000030d       0xf4 ./Drivers/STM32H7xx_HAL_Driver/Src/stm32h7xx_hal_pcd.o
 .debug_rnglists
                0x0000000000000401       0x45 ./Drivers/STM32H7xx_HAL_Driver/Src/stm32h7xx_hal_pcd_ex.o
 .debug_rnglists
                0x0000000000000446      0x102 ./Drivers/STM32H7xx_HAL_Driver/Src/stm32h7xx_hal_pwr_ex.o
 .debug_rnglists
                0x0000000000000548       0x68 ./Drivers/STM32H7xx_HAL_Driver/Src/stm32h7xx_hal_rcc.o
 .debug_rnglists
                0x00000000000005b0       0xc0 ./Drivers/STM32H7xx_HAL_Driver/Src/stm32h7xx_hal_rcc_ex.o
 .debug_rnglists
                0x0000000000000670      0x147 ./Drivers/STM32H7xx_HAL_Driver/Src/stm32h7xx_ll_usb.o
 .debug_rnglists
                0x00000000000007b7       0x4c ./Middlewares/ST/STM32_USB_Device_Library/Class/HID/Src/usbd_hid.o
 .debug_rnglists
                0x0000000000000803       0xa1 ./Middlewares/ST/STM32_USB_Device_Library/Core/Src/usbd_core.o
 .debug_rnglists
                0x00000000000008a4       0x6e ./Middlewares/ST/STM32_USB_Device_Library/Core/Src/usbd_ctlreq.o
 .debug_rnglists
                0x0000000000000912       0x37 ./Middlewares/ST/STM32_USB_Device_Library/Core/Src/usbd_ioreq.o
 .debug_rnglists
                0x0000000000000949       0x13 ./USB_DEVICE/App/usb_device.o
 .debug_rnglists
                0x000000000000095c       0x43 ./USB_DEVICE/App/usbd_desc.o
 .debug_rnglists
                0x000000000000099f       0xc9 ./USB_DEVICE/Target/usbd_conf.o

.debug_macro    0x0000000000000000    0x37952
 .debug_macro   0x0000000000000000      0x2bc ./Core/Src/gpio.o
 .debug_macro   0x00000000000002bc      0xac0 ./Core/Src/gpio.o
 .debug_macro   0x0000000000000d7c      0x232 ./Core/Src/gpio.o
 .debug_macro   0x0000000000000fae       0x2e ./Core/Src/gpio.o
 .debug_macro   0x0000000000000fdc       0x3b ./Core/Src/gpio.o
 .debug_macro   0x0000000000001017       0x22 ./Core/Src/gpio.o
 .debug_macro   0x0000000000001039       0x8e ./Core/Src/gpio.o
 .debug_macro   0x00000000000010c7       0x51 ./Core/Src/gpio.o
 .debug_macro   0x0000000000001118      0x103 ./Core/Src/gpio.o
 .debug_macro   0x000000000000121b       0x6a ./Core/Src/gpio.o
 .debug_macro   0x0000000000001285      0x1df ./Core/Src/gpio.o
 .debug_macro   0x0000000000001464       0x1c ./Core/Src/gpio.o
 .debug_macro   0x0000000000001480       0x22 ./Core/Src/gpio.o
 .debug_macro   0x00000000000014a2       0xfb ./Core/Src/gpio.o
 .debug_macro   0x000000000000159d     0x1305 ./Core/Src/gpio.o
 .debug_macro   0x00000000000028a2      0x11f ./Core/Src/gpio.o
 .debug_macro   0x00000000000029c1       0x27 ./Core/Src/gpio.o
 .debug_macro   0x00000000000029e8    0x25882 ./Core/Src/gpio.o
 .debug_macro   0x000000000002826a       0x6d ./Core/Src/gpio.o
 .debug_macro   0x00000000000282d7     0x3d5d ./Core/Src/gpio.o
 .debug_macro   0x000000000002c034      0x174 ./Core/Src/gpio.o
 .debug_macro   0x000000000002c1a8       0x61 ./Core/Src/gpio.o
 .debug_macro   0x000000000002c209       0x29 ./Core/Src/gpio.o
 .debug_macro   0x000000000002c232       0x43 ./Core/Src/gpio.o
 .debug_macro   0x000000000002c275       0x34 ./Core/Src/gpio.o
 .debug_macro   0x000000000002c2a9       0x16 ./Core/Src/gpio.o
 .debug_macro   0x000000000002c2bf       0x43 ./Core/Src/gpio.o
 .debug_macro   0x000000000002c302       0x34 ./Core/Src/gpio.o
 .debug_macro   0x000000000002c336       0x10 ./Core/Src/gpio.o
 .debug_macro   0x000000000002c346       0x58 ./Core/Src/gpio.o
 .debug_macro   0x000000000002c39e       0x8e ./Core/Src/gpio.o
 .debug_macro   0x000000000002c42c       0x1c ./Core/Src/gpio.o
 .debug_macro   0x000000000002c448      0x177 ./Core/Src/gpio.o
 .debug_macro   0x000000000002c5bf      0x369 ./Core/Src/gpio.o
 .debug_macro   0x000000000002c928      0x19b ./Core/Src/gpio.o
 .debug_macro   0x000000000002cac3       0x5d ./Core/Src/gpio.o
 .debug_macro   0x000000000002cb20     0x2382 ./Core/Src/gpio.o
 .debug_macro   0x000000000002eea2     0x102c ./Core/Src/gpio.o
 .debug_macro   0x000000000002fece      0x154 ./Core/Src/gpio.o
 .debug_macro   0x0000000000030022      0x114 ./Core/Src/gpio.o
 .debug_macro   0x0000000000030136      0x3b2 ./Core/Src/gpio.o
 .debug_macro   0x00000000000304e8       0xac ./Core/Src/gpio.o
 .debug_macro   0x0000000000030594      0x72d ./Core/Src/gpio.o
 .debug_macro   0x0000000000030cc1      0x228 ./Core/Src/gpio.o
 .debug_macro   0x0000000000030ee9       0x66 ./Core/Src/gpio.o
 .debug_macro   0x0000000000030f4f      0x3bb ./Core/Src/gpio.o
 .debug_macro   0x000000000003130a      0x3e4 ./Core/Src/gpio.o
 .debug_macro   0x00000000000316ee      0x275 ./Core/Src/gpio.o
 .debug_macro   0x0000000000031963      0x3ca ./Core/Src/gpio.o
 .debug_macro   0x0000000000031d2d      0x408 ./Core/Src/gpio.o
 .debug_macro   0x0000000000032135       0x51 ./Core/Src/gpio.o
 .debug_macro   0x0000000000032186       0x4a ./Core/Src/gpio.o
 .debug_macro   0x00000000000321d0      0x22c ./Core/Src/gpio.o
 .debug_macro   0x00000000000323fc       0x67 ./Core/Src/gpio.o
 .debug_macro   0x0000000000032463       0xa5 ./Core/Src/gpio.o
 .debug_macro   0x0000000000032508      0x1c4 ./Core/Src/gpio.o
 .debug_macro   0x00000000000326cc      0x25e ./Core/Src/gpio.o
 .debug_macro   0x000000000003292a       0x35 ./Core/Src/gpio.o
 .debug_macro   0x000000000003295f      0x264 ./Core/Src/gpio.o
 .debug_macro   0x0000000000032bc3       0x90 ./Core/Src/gpio.o
 .debug_macro   0x0000000000032c53      0x5a0 ./Core/Src/gpio.o
 .debug_macro   0x00000000000331f3       0x1c ./Core/Src/gpio.o
 .debug_macro   0x000000000003320f      0x3bb ./Core/Src/main.o
 .debug_macro   0x00000000000335ca       0x1c ./Core/Src/main.o
 .debug_macro   0x00000000000335e6       0x35 ./Core/Src/main.o
 .debug_macro   0x000000000003361b       0x10 ./Core/Src/main.o
 .debug_macro   0x000000000003362b       0x1c ./Core/Src/main.o
 .debug_macro   0x0000000000033647       0x16 ./Core/Src/main.o
 .debug_macro   0x000000000003365d      0x147 ./Core/Src/main.o
 .debug_macro   0x00000000000337a4       0x16 ./Core/Src/main.o
 .debug_macro   0x00000000000337ba       0x16 ./Core/Src/main.o
 .debug_macro   0x00000000000337d0       0x29 ./Core/Src/main.o
 .debug_macro   0x00000000000337f9       0x16 ./Core/Src/main.o
 .debug_macro   0x000000000003380f       0x20 ./Core/Src/main.o
 .debug_macro   0x000000000003382f       0x6b ./Core/Src/main.o
 .debug_macro   0x000000000003389a      0x20f ./Core/Src/main.o
 .debug_macro   0x0000000000033aa9       0x5f ./Core/Src/main.o
 .debug_macro   0x0000000000033b08      0x2b2 ./Core/Src/stm32h7xx_hal_msp.o
 .debug_macro   0x0000000000033dba      0x2bc ./Core/Src/stm32h7xx_it.o
 .debug_macro   0x0000000000034076      0x2a3 ./Core/Src/system_stm32h7xx.o
 .debug_macro   0x0000000000034319      0x2cd ./Drivers/STM32H7xx_HAL_Driver/Src/stm32h7xx_hal.o
 .debug_macro   0x00000000000345e6      0x2a3 ./Drivers/STM32H7xx_HAL_Driver/Src/stm32h7xx_hal_cortex.o
 .debug_macro   0x0000000000034889      0x2aa ./Drivers/STM32H7xx_HAL_Driver/Src/stm32h7xx_hal_gpio.o
 .debug_macro   0x0000000000034b33      0x2af ./Drivers/STM32H7xx_HAL_Driver/Src/stm32h7xx_hal_pcd.o
 .debug_macro   0x0000000000034de2      0x2a3 ./Drivers/STM32H7xx_HAL_Driver/Src/stm32h7xx_hal_pcd_ex.o
 .debug_macro   0x0000000000035085      0x2dc ./Drivers/STM32H7xx_HAL_Driver/Src/stm32h7xx_hal_pwr_ex.o
 .debug_macro   0x0000000000035361      0x2c7 ./Drivers/STM32H7xx_HAL_Driver/Src/stm32h7xx_hal_rcc.o
 .debug_macro   0x0000000000035628      0x2c1 ./Drivers/STM32H7xx_HAL_Driver/Src/stm32h7xx_hal_rcc_ex.o
 .debug_macro   0x00000000000358e9      0x2a3 ./Drivers/STM32H7xx_HAL_Driver/Src/stm32h7xx_ll_usb.o
 .debug_macro   0x0000000000035b8c      0x3a9 ./Middlewares/ST/STM32_USB_Device_Library/Class/HID/Src/usbd_hid.o
 .debug_macro   0x0000000000035f35       0x16 ./Middlewares/ST/STM32_USB_Device_Library/Class/HID/Src/usbd_hid.o
 .debug_macro   0x0000000000035f4b       0x97 ./Middlewares/ST/STM32_USB_Device_Library/Class/HID/Src/usbd_hid.o
 .debug_macro   0x0000000000035fe2       0xfd ./Middlewares/ST/STM32_USB_Device_Library/Class/HID/Src/usbd_hid.o
 .debug_macro   0x00000000000360df       0x16 ./Middlewares/ST/STM32_USB_Device_Library/Class/HID/Src/usbd_hid.o
 .debug_macro   0x00000000000360f5      0x390 ./Middlewares/ST/STM32_USB_Device_Library/Core/Src/usbd_core.o
 .debug_macro   0x0000000000036485      0x215 ./Middlewares/ST/STM32_USB_Device_Library/Core/Src/usbd_core.o
 .debug_macro   0x000000000003669a      0x39a ./Middlewares/ST/STM32_USB_Device_Library/Core/Src/usbd_ctlreq.o
 .debug_macro   0x0000000000036a34      0x396 ./Middlewares/ST/STM32_USB_Device_Library/Core/Src/usbd_ioreq.o
 .debug_macro   0x0000000000036dca      0x3b4 ./USB_DEVICE/App/usb_device.o
 .debug_macro   0x000000000003717e       0x22 ./USB_DEVICE/App/usb_device.o
 .debug_macro   0x00000000000371a0       0x22 ./USB_DEVICE/App/usb_device.o
 .debug_macro   0x00000000000371c2      0x3d3 ./USB_DEVICE/App/usbd_desc.o
 .debug_macro   0x0000000000037595       0x1c ./USB_DEVICE/App/usbd_desc.o
 .debug_macro   0x00000000000375b1      0x3a1 ./USB_DEVICE/Target/usbd_conf.o

.debug_line     0x0000000000000000    0x13651
 .debug_line    0x0000000000000000      0x8d1 ./Core/Src/gpio.o
 .debug_line    0x00000000000008d1      0xb47 ./Core/Src/main.o
 .debug_line    0x0000000000001418      0x8c7 ./Core/Src/stm32h7xx_hal_msp.o
 .debug_line    0x0000000000001cdf      0x9a2 ./Core/Src/stm32h7xx_it.o
 .debug_line    0x0000000000002681      0xa77 ./Core/Src/system_stm32h7xx.o
 .debug_line    0x00000000000030f8       0x7a ./Core/Startup/startup_stm32h743iitx.o
 .debug_line    0x0000000000003172      0xe72 ./Drivers/STM32H7xx_HAL_Driver/Src/stm32h7xx_hal.o
 .debug_line    0x0000000000003fe4      0xe7b ./Drivers/STM32H7xx_HAL_Driver/Src/stm32h7xx_hal_cortex.o
 .debug_line    0x0000000000004e5f      0xd38 ./Drivers/STM32H7xx_HAL_Driver/Src/stm32h7xx_hal_gpio.o
 .debug_line    0x0000000000005b97     0x1651 ./Drivers/STM32H7xx_HAL_Driver/Src/stm32h7xx_hal_pcd.o
 .debug_line    0x00000000000071e8      0xa97 ./Drivers/STM32H7xx_HAL_Driver/Src/stm32h7xx_hal_pcd_ex.o
 .debug_line    0x0000000000007c7f      0xf8f ./Drivers/STM32H7xx_HAL_Driver/Src/stm32h7xx_hal_pwr_ex.o
 .debug_line    0x0000000000008c0e     0x1445 ./Drivers/STM32H7xx_HAL_Driver/Src/stm32h7xx_hal_rcc.o
 .debug_line    0x000000000000a053     0x1d3d ./Drivers/STM32H7xx_HAL_Driver/Src/stm32h7xx_hal_rcc_ex.o
 .debug_line    0x000000000000bd90     0x1c1e ./Drivers/STM32H7xx_HAL_Driver/Src/stm32h7xx_ll_usb.o
 .debug_line    0x000000000000d9ae      0xcc7 ./Middlewares/ST/STM32_USB_Device_Library/Class/HID/Src/usbd_hid.o
 .debug_line    0x000000000000e675      0xf99 ./Middlewares/ST/STM32_USB_Device_Library/Core/Src/usbd_core.o
 .debug_line    0x000000000000f60e     0x11a1 ./Middlewares/ST/STM32_USB_Device_Library/Core/Src/usbd_ctlreq.o
 .debug_line    0x00000000000107af      0xab0 ./Middlewares/ST/STM32_USB_Device_Library/Core/Src/usbd_ioreq.o
 .debug_line    0x000000000001125f      0xa54 ./USB_DEVICE/App/usb_device.o
 .debug_line    0x0000000000011cb3      0xb35 ./USB_DEVICE/App/usbd_desc.o
 .debug_line    0x00000000000127e8      0xe69 ./USB_DEVICE/Target/usbd_conf.o

.debug_str      0x0000000000000000   0x1523f4
 .debug_str     0x0000000000000000   0x14c146 ./Core/Src/gpio.o
                                     0x14c5a4 (size before relaxing)
 .debug_str     0x000000000014c146     0x1b50 ./Core/Src/main.o
                                     0x14e15d (size before relaxing)
 .debug_str     0x000000000014dc96       0x2c ./Core/Src/stm32h7xx_hal_msp.o
                                     0x14c515 (size before relaxing)
 .debug_str     0x000000000014dcc2      0x4d6 ./Core/Src/stm32h7xx_it.o
                                     0x14c7f2 (size before relaxing)
 .debug_str     0x000000000014e198      0x344 ./Core/Src/system_stm32h7xx.o
                                     0x14c7f2 (size before relaxing)
 .debug_str     0x000000000014e4dc       0x34 ./Core/Startup/startup_stm32h743iitx.o
                                         0x63 (size before relaxing)
 .debug_str     0x000000000014e510      0xfc0 ./Drivers/STM32H7xx_HAL_Driver/Src/stm32h7xx_hal.o
                                     0x14d708 (size before relaxing)
 .debug_str     0x000000000014f4d0      0x2a8 ./Drivers/STM32H7xx_HAL_Driver/Src/stm32h7xx_hal_cortex.o
                                     0x14d10b (size before relaxing)
 .debug_str     0x000000000014f778      0x102 ./Drivers/STM32H7xx_HAL_Driver/Src/stm32h7xx_hal_gpio.o
                                     0x14c7a9 (size before relaxing)
 .debug_str     0x000000000014f87a      0x83a ./Drivers/STM32H7xx_HAL_Driver/Src/stm32h7xx_hal_pcd.o
                                     0x14cf5d (size before relaxing)
 .debug_str     0x00000000001500b4      0x174 ./Drivers/STM32H7xx_HAL_Driver/Src/stm32h7xx_hal_pcd_ex.o
                                     0x14c8fb (size before relaxing)
 .debug_str     0x0000000000150228      0x642 ./Drivers/STM32H7xx_HAL_Driver/Src/stm32h7xx_hal_pwr_ex.o
                                     0x14cc6a (size before relaxing)
 .debug_str     0x000000000015086a      0x21a ./Drivers/STM32H7xx_HAL_Driver/Src/stm32h7xx_hal_rcc.o
                                     0x14cb8d (size before relaxing)
 .debug_str     0x0000000000150a84      0x969 ./Drivers/STM32H7xx_HAL_Driver/Src/stm32h7xx_hal_rcc_ex.o
                                     0x14d06e (size before relaxing)
 .debug_str     0x00000000001513ed      0x463 ./Drivers/STM32H7xx_HAL_Driver/Src/stm32h7xx_ll_usb.o
                                     0x14ce06 (size before relaxing)
 .debug_str     0x0000000000151850      0x2fb ./Middlewares/ST/STM32_USB_Device_Library/Class/HID/Src/usbd_hid.o
                                     0x14ddea (size before relaxing)
 .debug_str     0x0000000000151b4b      0x366 ./Middlewares/ST/STM32_USB_Device_Library/Core/Src/usbd_core.o
                                     0x14dd55 (size before relaxing)
 .debug_str     0x0000000000151eb1      0x139 ./Middlewares/ST/STM32_USB_Device_Library/Core/Src/usbd_ctlreq.o
                                     0x14db80 (size before relaxing)
 .debug_str     0x0000000000151fea       0x79 ./Middlewares/ST/STM32_USB_Device_Library/Core/Src/usbd_ioreq.o
                                     0x14da55 (size before relaxing)
 .debug_str     0x0000000000152063       0xa2 ./USB_DEVICE/App/usb_device.o
                                     0x14dc0b (size before relaxing)
 .debug_str     0x0000000000152105      0x268 ./USB_DEVICE/App/usbd_desc.o
                                     0x14d94f (size before relaxing)
 .debug_str     0x000000000015236d       0x87 ./USB_DEVICE/Target/usbd_conf.o
                                     0x14f3ea (size before relaxing)

.debug_frame    0x0000000000000000     0x3814
 .debug_frame   0x0000000000000000       0x34 ./Core/Src/gpio.o
 .debug_frame   0x0000000000000034       0x94 ./Core/Src/main.o
 .debug_frame   0x00000000000000c8       0x38 ./Core/Src/stm32h7xx_hal_msp.o
 .debug_frame   0x0000000000000100      0x120 ./Core/Src/stm32h7xx_it.o
 .debug_frame   0x0000000000000220       0x58 ./Core/Src/system_stm32h7xx.o
 .debug_frame   0x0000000000000278      0x690 ./Drivers/STM32H7xx_HAL_Driver/Src/stm32h7xx_hal.o
 .debug_frame   0x0000000000000908      0x4b8 ./Drivers/STM32H7xx_HAL_Driver/Src/stm32h7xx_hal_cortex.o
 .debug_frame   0x0000000000000dc0      0x14c ./Drivers/STM32H7xx_HAL_Driver/Src/stm32h7xx_hal_gpio.o
 .debug_frame   0x0000000000000f0c      0x594 ./Drivers/STM32H7xx_HAL_Driver/Src/stm32h7xx_hal_pcd.o
 .debug_frame   0x00000000000014a0      0x174 ./Drivers/STM32H7xx_HAL_Driver/Src/stm32h7xx_hal_pcd_ex.o
 .debug_frame   0x0000000000001614      0x580 ./Drivers/STM32H7xx_HAL_Driver/Src/stm32h7xx_hal_pwr_ex.o
 .debug_frame   0x0000000000001b94      0x1f8 ./Drivers/STM32H7xx_HAL_Driver/Src/stm32h7xx_hal_rcc.o
 .debug_frame   0x0000000000001d8c      0x414 ./Drivers/STM32H7xx_HAL_Driver/Src/stm32h7xx_hal_rcc_ex.o
 .debug_frame   0x00000000000021a0      0x7c0 ./Drivers/STM32H7xx_HAL_Driver/Src/stm32h7xx_ll_usb.o
 .debug_frame   0x0000000000002960      0x184 ./Middlewares/ST/STM32_USB_Device_Library/Class/HID/Src/usbd_hid.o
 .debug_frame   0x0000000000002ae4      0x390 ./Middlewares/ST/STM32_USB_Device_Library/Core/Src/usbd_core.o
 .debug_frame   0x0000000000002e74      0x23c ./Middlewares/ST/STM32_USB_Device_Library/Core/Src/usbd_ctlreq.o
 .debug_frame   0x00000000000030b0      0x10c ./Middlewares/ST/STM32_USB_Device_Library/Core/Src/usbd_ioreq.o
 .debug_frame   0x00000000000031bc       0x2c ./USB_DEVICE/App/usb_device.o
 .debug_frame   0x00000000000031e8      0x160 ./USB_DEVICE/App/usbd_desc.o
 .debug_frame   0x0000000000003348      0x480 ./USB_DEVICE/Target/usbd_conf.o
 .debug_frame   0x00000000000037c8       0x20 C:/ST/STM32CubeIDE_1.14.0/STM32CubeIDE/plugins/com.st.stm32cube.ide.mcu.externaltools.gnu-tools-for-stm32.11.3.rel1.win32_1.1.100.202309141235/tools/bin/../lib/gcc/arm-none-eabi/11.3.1/../../../../arm-none-eabi/lib/thumb/v7e-m+dp/hard\libc_nano.a(libc_a-memset.o)
 .debug_frame   0x00000000000037e8       0x2c C:/ST/STM32CubeIDE_1.14.0/STM32CubeIDE/plugins/com.st.stm32cube.ide.mcu.externaltools.gnu-tools-for-stm32.11.3.rel1.win32_1.1.100.202309141235/tools/bin/../lib/gcc/arm-none-eabi/11.3.1/../../../../arm-none-eabi/lib/thumb/v7e-m+dp/hard\libc_nano.a(libc_a-init.o)

.debug_line_str
                0x0000000000000000       0x57
 .debug_line_str
                0x0000000000000000       0x57 ./Core/Startup/startup_stm32h743iitx.o
                                         0x6f (size before relaxing)