Archive member included to satisfy reference by file (symbol)

c:/progra~2/gnuarm~1/102021~1.10/bin/../lib/gcc/arm-none-eabi/10.3.1/thumb/v7e-m/nofp\libgcc.a(_arm_mulsf3.o)
                              CMakeFiles/H2OKeyboard.elf.dir/Core/Src/system_stm32h7xx.c.obj (__aeabi_fmul)
c:/progra~2/gnuarm~1/102021~1.10/bin/../lib/gcc/arm-none-eabi/10.3.1/thumb/v7e-m/nofp\libgcc.a(_arm_addsubsf3.o)
                              CMakeFiles/H2OKeyboard.elf.dir/Core/Src/system_stm32h7xx.c.obj (__aeabi_fadd)
c:/progra~2/gnuarm~1/102021~1.10/bin/../lib/gcc/arm-none-eabi/10.3.1/thumb/v7e-m/nofp\libgcc.a(_arm_muldivsf3.o)
                              CMakeFiles/H2OKeyboard.elf.dir/Core/Src/system_stm32h7xx.c.obj (__aeabi_fdiv)
c:/progra~2/gnuarm~1/102021~1.10/bin/../lib/gcc/arm-none-eabi/10.3.1/thumb/v7e-m/nofp\libgcc.a(_arm_fixunssfsi.o)
                              CMakeFiles/H2OKeyboard.elf.dir/Core/Src/system_stm32h7xx.c.obj (__aeabi_f2uiz)
c:/progra~2/gnuarm~1/102021~1.10/bin/../lib/gcc/arm-none-eabi/10.3.1/../../../../arm-none-eabi/lib/thumb/v7e-m/nofp\libg.a(lib_a-errno.o)
                              CMakeFiles/H2OKeyboard.elf.dir/Core/Src/syscalls.c.obj (__errno)
c:/progra~2/gnuarm~1/102021~1.10/bin/../lib/gcc/arm-none-eabi/10.3.1/../../../../arm-none-eabi/lib/thumb/v7e-m/nofp\libg.a(lib_a-exit.o)
                              c:/progra~2/gnuarm~1/102021~1.10/bin/../lib/gcc/arm-none-eabi/10.3.1/../../../../arm-none-eabi/lib/thumb/v7e-m/nofp/crt0.o (exit)
c:/progra~2/gnuarm~1/102021~1.10/bin/../lib/gcc/arm-none-eabi/10.3.1/../../../../arm-none-eabi/lib/thumb/v7e-m/nofp\libg.a(lib_a-impure.o)
                              c:/progra~2/gnuarm~1/102021~1.10/bin/../lib/gcc/arm-none-eabi/10.3.1/../../../../arm-none-eabi/lib/thumb/v7e-m/nofp\libg.a(lib_a-exit.o) (_global_impure_ptr)
c:/progra~2/gnuarm~1/102021~1.10/bin/../lib/gcc/arm-none-eabi/10.3.1/../../../../arm-none-eabi/lib/thumb/v7e-m/nofp\libg.a(lib_a-init.o)
                              c:/progra~2/gnuarm~1/102021~1.10/bin/../lib/gcc/arm-none-eabi/10.3.1/../../../../arm-none-eabi/lib/thumb/v7e-m/nofp/crt0.o (__libc_init_array)
c:/progra~2/gnuarm~1/102021~1.10/bin/../lib/gcc/arm-none-eabi/10.3.1/../../../../arm-none-eabi/lib/thumb/v7e-m/nofp\libg.a(lib_a-memset.o)
                              c:/progra~2/gnuarm~1/102021~1.10/bin/../lib/gcc/arm-none-eabi/10.3.1/../../../../arm-none-eabi/lib/thumb/v7e-m/nofp/crt0.o (memset)
c:/progra~2/gnuarm~1/102021~1.10/bin/../lib/gcc/arm-none-eabi/10.3.1/../../../../arm-none-eabi/lib/thumb/v7e-m/nofp\libg.a(lib_a-__call_atexit.o)
                              c:/progra~2/gnuarm~1/102021~1.10/bin/../lib/gcc/arm-none-eabi/10.3.1/../../../../arm-none-eabi/lib/thumb/v7e-m/nofp\libg.a(lib_a-exit.o) (__call_exitprocs)
c:/progra~2/gnuarm~1/102021~1.10/bin/../lib/gcc/arm-none-eabi/10.3.1/../../../../arm-none-eabi/lib/thumb/v7e-m/nofp\libg.a(lib_a-atexit.o)
                              c:/progra~2/gnuarm~1/102021~1.10/bin/../lib/gcc/arm-none-eabi/10.3.1/../../../../arm-none-eabi/lib/thumb/v7e-m/nofp\libg.a(lib_a-__call_atexit.o) (atexit)
c:/progra~2/gnuarm~1/102021~1.10/bin/../lib/gcc/arm-none-eabi/10.3.1/../../../../arm-none-eabi/lib/thumb/v7e-m/nofp\libg.a(lib_a-fini.o)
                              c:/progra~2/gnuarm~1/102021~1.10/bin/../lib/gcc/arm-none-eabi/10.3.1/../../../../arm-none-eabi/lib/thumb/v7e-m/nofp\libg.a(lib_a-__call_atexit.o) (__libc_fini_array)
c:/progra~2/gnuarm~1/102021~1.10/bin/../lib/gcc/arm-none-eabi/10.3.1/../../../../arm-none-eabi/lib/thumb/v7e-m/nofp\libg.a(lib_a-lock.o)
                              c:/progra~2/gnuarm~1/102021~1.10/bin/../lib/gcc/arm-none-eabi/10.3.1/../../../../arm-none-eabi/lib/thumb/v7e-m/nofp\libg.a(lib_a-__call_atexit.o) (__retarget_lock_acquire_recursive)
c:/progra~2/gnuarm~1/102021~1.10/bin/../lib/gcc/arm-none-eabi/10.3.1/../../../../arm-none-eabi/lib/thumb/v7e-m/nofp\libg.a(lib_a-__atexit.o)
                              c:/progra~2/gnuarm~1/102021~1.10/bin/../lib/gcc/arm-none-eabi/10.3.1/../../../../arm-none-eabi/lib/thumb/v7e-m/nofp\libg.a(lib_a-atexit.o) (__register_exitproc)

Discarded input sections

 .text          0x00000000        0x0 c:/progra~2/gnuarm~1/102021~1.10/bin/../lib/gcc/arm-none-eabi/10.3.1/thumb/v7e-m/nofp/crti.o
 .data          0x00000000        0x0 c:/progra~2/gnuarm~1/102021~1.10/bin/../lib/gcc/arm-none-eabi/10.3.1/thumb/v7e-m/nofp/crti.o
 .bss           0x00000000        0x0 c:/progra~2/gnuarm~1/102021~1.10/bin/../lib/gcc/arm-none-eabi/10.3.1/thumb/v7e-m/nofp/crti.o
 .data          0x00000000        0x4 c:/progra~2/gnuarm~1/102021~1.10/bin/../lib/gcc/arm-none-eabi/10.3.1/thumb/v7e-m/nofp/crtbegin.o
 .rodata        0x00000000       0x24 c:/progra~2/gnuarm~1/102021~1.10/bin/../lib/gcc/arm-none-eabi/10.3.1/thumb/v7e-m/nofp/crtbegin.o
 .text          0x00000000       0x7c c:/progra~2/gnuarm~1/102021~1.10/bin/../lib/gcc/arm-none-eabi/10.3.1/../../../../arm-none-eabi/lib/thumb/v7e-m/nofp/crt0.o
[...]
Memory Configuration

Name             Origin             Length             Attributes
FLASH            0x08000000         0x00200000         xr
DTCMRAM          0x20000000         0x00020000         xrw
RAM_D1           0x24000000         0x00080000         xrw
RAM_D2           0x30000000         0x00048000         xrw
RAM_D3           0x38000000         0x00010000         xrw
ITCMRAM          0x00000000         0x00010000         xrw
*default*        0x00000000         0xffffffff

Linker script and memory map

LOAD c:/progra~2/gnuarm~1/102021~1.10/bin/../lib/gcc/arm-none-eabi/10.3.1/thumb/v7e-m/nofp/crti.o
LOAD c:/progra~2/gnuarm~1/102021~1.10/bin/../lib/gcc/arm-none-eabi/10.3.1/thumb/v7e-m/nofp/crtbegin.o
LOAD c:/progra~2/gnuarm~1/102021~1.10/bin/../lib/gcc/arm-none-eabi/10.3.1/../../../../arm-none-eabi/lib/thumb/v7e-m/nofp/crt0.o
LOAD CMakeFiles/H2OKeyboard.elf.dir/Core/Src/gpio.c.obj
LOAD CMakeFiles/H2OKeyboard.elf.dir/Core/Src/main.c.obj
LOAD CMakeFiles/H2OKeyboard.elf.dir/Core/Src/stm32h7xx_hal_msp.c.obj
LOAD CMakeFiles/H2OKeyboard.elf.dir/Core/Src/stm32h7xx_it.c.obj
LOAD CMakeFiles/H2OKeyboard.elf.dir/Core/Src/syscalls.c.obj
LOAD CMakeFiles/H2OKeyboard.elf.dir/Core/Src/sysmem.c.obj
LOAD CMakeFiles/H2OKeyboard.elf.dir/Core/Src/system_stm32h7xx.c.obj
LOAD CMakeFiles/H2OKeyboard.elf.dir/Core/Startup/startup_stm32h743iitx.s.obj
LOAD CMakeFiles/H2OKeyboard.elf.dir/Drivers/STM32H7xx_HAL_Driver/Src/stm32h7xx_hal.c.obj
LOAD CMakeFiles/H2OKeyboard.elf.dir/Drivers/STM32H7xx_HAL_Driver/Src/stm32h7xx_hal_cortex.c.obj
LOAD CMakeFiles/H2OKeyboard.elf.dir/Drivers/STM32H7xx_HAL_Driver/Src/stm32h7xx_hal_dma.c.obj
LOAD CMakeFiles/H2OKeyboard.elf.dir/Drivers/STM32H7xx_HAL_Driver/Src/stm32h7xx_hal_dma_ex.c.obj
LOAD CMakeFiles/H2OKeyboard.elf.dir/Drivers/STM32H7xx_HAL_Driver/Src/stm32h7xx_hal_exti.c.obj
LOAD CMakeFiles/H2OKeyboard.elf.dir/Drivers/STM32H7xx_HAL_Driver/Src/stm32h7xx_hal_flash.c.obj
LOAD CMakeFiles/H2OKeyboard.elf.dir/Drivers/STM32H7xx_HAL_Driver/Src/stm32h7xx_hal_flash_ex.c.obj
LOAD CMakeFiles/H2OKeyboard.elf.dir/Drivers/STM32H7xx_HAL_Driver/Src/stm32h7xx_hal_gpio.c.obj
LOAD CMakeFiles/H2OKeyboard.elf.dir/Drivers/STM32H7xx_HAL_Driver/Src/stm32h7xx_hal_hsem.c.obj
LOAD CMakeFiles/H2OKeyboard.elf.dir/Drivers/STM32H7xx_HAL_Driver/Src/stm32h7xx_hal_i2c.c.obj
LOAD CMakeFiles/H2OKeyboard.elf.dir/Drivers/STM32H7xx_HAL_Driver/Src/stm32h7xx_hal_i2c_ex.c.obj
LOAD CMakeFiles/H2OKeyboard.elf.dir/Drivers/STM32H7xx_HAL_Driver/Src/stm32h7xx_hal_mdma.c.obj
LOAD CMakeFiles/H2OKeyboard.elf.dir/Drivers/STM32H7xx_HAL_Driver/Src/stm32h7xx_hal_pcd.c.obj
LOAD CMakeFiles/H2OKeyboard.elf.dir/Drivers/STM32H7xx_HAL_Driver/Src/stm32h7xx_hal_pcd_ex.c.obj
LOAD CMakeFiles/H2OKeyboard.elf.dir/Drivers/STM32H7xx_HAL_Driver/Src/stm32h7xx_hal_pwr.c.obj
LOAD CMakeFiles/H2OKeyboard.elf.dir/Drivers/STM32H7xx_HAL_Driver/Src/stm32h7xx_hal_pwr_ex.c.obj
LOAD CMakeFiles/H2OKeyboard.elf.dir/Drivers/STM32H7xx_HAL_Driver/Src/stm32h7xx_hal_rcc.c.obj
LOAD CMakeFiles/H2OKeyboard.elf.dir/Drivers/STM32H7xx_HAL_Driver/Src/stm32h7xx_hal_rcc_ex.c.obj
LOAD CMakeFiles/H2OKeyboard.elf.dir/Drivers/STM32H7xx_HAL_Driver/Src/stm32h7xx_hal_tim.c.obj
LOAD CMakeFiles/H2OKeyboard.elf.dir/Drivers/STM32H7xx_HAL_Driver/Src/stm32h7xx_hal_tim_ex.c.obj
LOAD CMakeFiles/H2OKeyboard.elf.dir/Drivers/STM32H7xx_HAL_Driver/Src/stm32h7xx_ll_usb.c.obj
LOAD CMakeFiles/H2OKeyboard.elf.dir/Middlewares/ST/STM32_USB_Device_Library/Class/HID/Src/usbd_hid.c.obj
LOAD CMakeFiles/H2OKeyboard.elf.dir/Middlewares/ST/STM32_USB_Device_Library/Core/Src/usbd_core.c.obj
LOAD CMakeFiles/H2OKeyboard.elf.dir/Middlewares/ST/STM32_USB_Device_Library/Core/Src/usbd_ctlreq.c.obj
LOAD CMakeFiles/H2OKeyboard.elf.dir/Middlewares/ST/STM32_USB_Device_Library/Core/Src/usbd_ioreq.c.obj
LOAD CMakeFiles/H2OKeyboard.elf.dir/USB_DEVICE/App/usb_device.c.obj
LOAD CMakeFiles/H2OKeyboard.elf.dir/USB_DEVICE/App/usbd_desc.c.obj
LOAD CMakeFiles/H2OKeyboard.elf.dir/USB_DEVICE/Target/usbd_conf.c.obj
START GROUP
LOAD c:/progra~2/gnuarm~1/102021~1.10/bin/../lib/gcc/arm-none-eabi/10.3.1/thumb/v7e-m/nofp\libgcc.a
LOAD c:/progra~2/gnuarm~1/102021~1.10/bin/../lib/gcc/arm-none-eabi/10.3.1/../../../../arm-none-eabi/lib/thumb/v7e-m/nofp\libg.a
LOAD c:/progra~2/gnuarm~1/102021~1.10/bin/../lib/gcc/arm-none-eabi/10.3.1/../../../../arm-none-eabi/lib/thumb/v7e-m/nofp\libc.a
END GROUP
LOAD c:/progra~2/gnuarm~1/102021~1.10/bin/../lib/gcc/arm-none-eabi/10.3.1/thumb/v7e-m/nofp/crtend.o
LOAD c:/progra~2/gnuarm~1/102021~1.10/bin/../lib/gcc/arm-none-eabi/10.3.1/thumb/v7e-m/nofp/crtn.o
                0x24080000                _estack = (ORIGIN (RAM_D1) + LENGTH (RAM_D1))
                0x00000200                _Min_Heap_Size = 0x200
                0x00000400                _Min_Stack_Size = 0x400

.isr_vector     0x08000000      0x298
                0x08000000                . = ALIGN (0x4)
 *(.isr_vector)
 .isr_vector    0x08000000      0x298 CMakeFiles/H2OKeyboard.elf.dir/Core/Startup/startup_stm32h743iitx.s.obj
                0x08000000                g_pfnVectors
                0x08000298                . = ALIGN (0x4)

.text           0x08000298     0x5330
                0x08000298                . = ALIGN (0x4)
 *(.text)
 .text          0x08000298       0x40 c:/progra~2/gnuarm~1/102021~1.10/bin/../lib/gcc/arm-none-eabi/10.3.1/thumb/v7e-m/nofp/crtbegin.o
 .text          0x080002d8      0x21c c:/progra~2/gnuarm~1/102021~1.10/bin/../lib/gcc/arm-none-eabi/10.3.1/thumb/v7e-m/nofp\libgcc.a(_arm_addsubsf3.o)
                0x080002d8                __aeabi_frsub
                0x080002e0                __subsf3
                0x080002e0                __aeabi_fsub
                0x080002e4                __aeabi_fadd
                0x080002e4                __addsf3
                0x08000444                __aeabi_ui2f
                0x08000444                __floatunsisf
                0x0800044c                __aeabi_i2f
                0x0800044c                __floatsisf
                0x08000468                __aeabi_ul2f
                0x08000468                __floatundisf
                0x08000478                __aeabi_l2f
                0x08000478                __floatdisf
 .text          0x080004f4      0x2a0 c:/progra~2/gnuarm~1/102021~1.10/bin/../lib/gcc/arm-none-eabi/10.3.1/thumb/v7e-m/nofp\libgcc.a(_arm_muldivsf3.o)
                0x080004f4                __mulsf3
                0x080004f4                __aeabi_fmul
                0x0800065c                __aeabi_fdiv
                0x0800065c                __divsf3
 .text          0x08000794       0x40 c:/progra~2/gnuarm~1/102021~1.10/bin/../lib/gcc/arm-none-eabi/10.3.1/thumb/v7e-m/nofp\libgcc.a(_arm_fixunssfsi.o)
                0x08000794                __fixunssfsi
                0x08000794                __aeabi_f2uiz
 *(.text*)
 .text.MX_GPIO_Init
                0x080007d4       0x60 CMakeFiles/H2OKeyboard.elf.dir/Core/Src/gpio.c.obj
                0x080007d4                MX_GPIO_Init
 .text.MPU_Config
                0x08000834       0x52 CMakeFiles/H2OKeyboard.elf.dir/Core/Src/main.c.obj
 .text.Error_Handler
                0x08000886        0x4 CMakeFiles/H2OKeyboard.elf.dir/Core/Src/main.c.obj
                0x08000886                Error_Handler
 *fill*         0x0800088a        0x2 
 .text.SystemClock_Config
                0x0800088c      0x114 CMakeFiles/H2OKeyboard.elf.dir/Core/Src/main.c.obj
                0x0800088c                SystemClock_Config
 .text.main     0x080009a0       0x70 CMakeFiles/H2OKeyboard.elf.dir/Core/Src/main.c.obj
                0x080009a0                main
 .text.HAL_MspInit
                0x08000a10       0x24 CMakeFiles/H2OKeyboard.elf.dir/Core/Src/stm32h7xx_hal_msp.c.obj
                0x08000a10                HAL_MspInit
 .text.NMI_Handler
                0x08000a34        0x2 CMakeFiles/H2OKeyboard.elf.dir/Core/Src/stm32h7xx_it.c.obj
                0x08000a34                NMI_Handler
 .text.HardFault_Handler
                0x08000a36        0x2 CMakeFiles/H2OKeyboard.elf.dir/Core/Src/stm32h7xx_it.c.obj
                0x08000a36                HardFault_Handler
 .text.MemManage_Handler
                0x08000a38        0x2 CMakeFiles/H2OKeyboard.elf.dir/Core/Src/stm32h7xx_it.c.obj
                0x08000a38                MemManage_Handler
 .text.BusFault_Handler
                0x08000a3a        0x2 CMakeFiles/H2OKeyboard.elf.dir/Core/Src/stm32h7xx_it.c.obj
                0x08000a3a                BusFault_Handler
 .text.UsageFault_Handler
                0x08000a3c        0x2 CMakeFiles/H2OKeyboard.elf.dir/Core/Src/stm32h7xx_it.c.obj
                0x08000a3c                UsageFault_Handler
 .text.SVC_Handler
                0x08000a3e        0x2 CMakeFiles/H2OKeyboard.elf.dir/Core/Src/stm32h7xx_it.c.obj
                0x08000a3e                SVC_Handler
 .text.DebugMon_Handler
                0x08000a40        0x2 CMakeFiles/H2OKeyboard.elf.dir/Core/Src/stm32h7xx_it.c.obj
                0x08000a40                DebugMon_Handler
 .text.PendSV_Handler
                0x08000a42        0x2 CMakeFiles/H2OKeyboard.elf.dir/Core/Src/stm32h7xx_it.c.obj
                0x08000a42                PendSV_Handler
 .text.SysTick_Handler
                0x08000a44        0x8 CMakeFiles/H2OKeyboard.elf.dir/Core/Src/stm32h7xx_it.c.obj
                0x08000a44                SysTick_Handler
 .text.OTG_FS_IRQHandler
                0x08000a4c       0x10 CMakeFiles/H2OKeyboard.elf.dir/Core/Src/stm32h7xx_it.c.obj
                0x08000a4c                OTG_FS_IRQHandler
 .text.SystemInit
                0x08000a5c       0xbc CMakeFiles/H2OKeyboard.elf.dir/Core/Src/system_stm32h7xx.c.obj
                0x08000a5c                SystemInit
 .text.Reset_Handler
                0x08000b18       0x50 CMakeFiles/H2OKeyboard.elf.dir/Core/Startup/startup_stm32h743iitx.s.obj
                0x08000b18                Reset_Handler
 .text.Default_Handler
                0x08000b68        0x2 CMakeFiles/H2OKeyboard.elf.dir/Core/Startup/startup_stm32h743iitx.s.obj
                0x08000b68                RTC_Alarm_IRQHandler
                0x08000b68                EXTI2_IRQHandler
                0x08000b68                TIM8_CC_IRQHandler
                0x08000b68                HRTIM1_Master_IRQHandler
                0x08000b68                UART8_IRQHandler
                0x08000b68                SPI4_IRQHandler
                0x08000b68                TIM1_CC_IRQHandler
                0x08000b68                BDMA_Channel6_IRQHandler
                0x08000b68                DMA2_Stream5_IRQHandler
                0x08000b68                HRTIM1_FLT_IRQHandler
                0x08000b68                JPEG_IRQHandler
                0x08000b68                DMA1_Stream5_IRQHandler
                0x08000b68                BDMA_Channel1_IRQHandler
                0x08000b68                HRTIM1_TIMD_IRQHandler
                0x08000b68                TAMP_STAMP_IRQHandler
                0x08000b68                EXTI3_IRQHandler
                0x08000b68                LPTIM4_IRQHandler
                0x08000b68                TIM8_TRG_COM_TIM14_IRQHandler
                0x08000b68                LPTIM2_IRQHandler
                0x08000b68                DFSDM1_FLT1_IRQHandler
                0x08000b68                DMAMUX2_OVR_IRQHandler
                0x08000b68                TIM8_UP_TIM13_IRQHandler
                0x08000b68                I2C3_ER_IRQHandler
                0x08000b68                DFSDM1_FLT2_IRQHandler
                0x08000b68                MDMA_IRQHandler
                0x08000b68                LPTIM3_IRQHandler
                0x08000b68                HSEM1_IRQHandler
                0x08000b68                EXTI0_IRQHandler
                0x08000b68                I2C2_EV_IRQHandler
                0x08000b68                DMA1_Stream2_IRQHandler
                0x08000b68                FPU_IRQHandler
                0x08000b68                OTG_HS_WKUP_IRQHandler
                0x08000b68                FDCAN1_IT1_IRQHandler
                0x08000b68                LTDC_ER_IRQHandler
                0x08000b68                DMA2_Stream2_IRQHandler
                0x08000b68                HRTIM1_TIME_IRQHandler
                0x08000b68                SPI1_IRQHandler
                0x08000b68                TIM6_DAC_IRQHandler
                0x08000b68                DCMI_IRQHandler
                0x08000b68                HRTIM1_TIMC_IRQHandler
                0x08000b68                DMA2_Stream3_IRQHandler
                0x08000b68                SAI2_IRQHandler
                0x08000b68                DFSDM1_FLT3_IRQHandler
                0x08000b68                USART6_IRQHandler
                0x08000b68                TIM17_IRQHandler
                0x08000b68                USART3_IRQHandler
                0x08000b68                BDMA_Channel7_IRQHandler
                0x08000b68                LPTIM5_IRQHandler
                0x08000b68                UART5_IRQHandler
                0x08000b68                ADC3_IRQHandler
                0x08000b68                DMA2_Stream0_IRQHandler
                0x08000b68                TIM4_IRQHandler
                0x08000b68                BDMA_Channel2_IRQHandler
                0x08000b68                QUADSPI_IRQHandler
                0x08000b68                I2C1_EV_IRQHandler
                0x08000b68                DMA1_Stream6_IRQHandler
                0x08000b68                DMAMUX1_OVR_IRQHandler
                0x08000b68                DMA1_Stream1_IRQHandler
                0x08000b68                TIM16_IRQHandler
                0x08000b68                UART4_IRQHandler
                0x08000b68                BDMA_Channel5_IRQHandler
                0x08000b68                TIM3_IRQHandler
                0x08000b68                RCC_IRQHandler
                0x08000b68                TIM8_BRK_TIM12_IRQHandler
                0x08000b68                TIM1_TRG_COM_IRQHandler
                0x08000b68                Default_Handler
                0x08000b68                ECC_IRQHandler
                0x08000b68                CEC_IRQHandler
                0x08000b68                EXTI15_10_IRQHandler
                0x08000b68                BDMA_Channel0_IRQHandler
                0x08000b68                ADC_IRQHandler
                0x08000b68                DMA1_Stream7_IRQHandler
                0x08000b68                HRTIM1_TIMA_IRQHandler
                0x08000b68                SPI5_IRQHandler
                0x08000b68                TIM7_IRQHandler
                0x08000b68                SDMMC1_IRQHandler
                0x08000b68                TIM5_IRQHandler
                0x08000b68                DMA2_Stream7_IRQHandler
                0x08000b68                TIM15_IRQHandler
                0x08000b68                PVD_AVD_IRQHandler
                0x08000b68                I2C3_EV_IRQHandler
                0x08000b68                EXTI9_5_IRQHandler
                0x08000b68                RTC_WKUP_IRQHandler
                0x08000b68                LTDC_IRQHandler
                0x08000b68                SAI3_IRQHandler
                0x08000b68                ETH_WKUP_IRQHandler
                0x08000b68                SPDIF_RX_IRQHandler
                0x08000b68                SPI2_IRQHandler
                0x08000b68                OTG_HS_EP1_IN_IRQHandler
                0x08000b68                DMA1_Stream0_IRQHandler
                0x08000b68                CRS_IRQHandler
                0x08000b68                EXTI4_IRQHandler
                0x08000b68                RNG_IRQHandler
                0x08000b68                HRTIM1_TIMB_IRQHandler
                0x08000b68                FDCAN2_IT1_IRQHandler
                0x08000b68                ETH_IRQHandler
                0x08000b68                TIM1_UP_IRQHandler
                0x08000b68                BDMA_Channel4_IRQHandler
                0x08000b68                OTG_HS_EP1_OUT_IRQHandler
                0x08000b68                WWDG_IRQHandler
                0x08000b68                SPI6_IRQHandler
                0x08000b68                MDIOS_IRQHandler
                0x08000b68                I2C4_EV_IRQHandler
                0x08000b68                FDCAN2_IT0_IRQHandler
                0x08000b68                LPUART1_IRQHandler
                0x08000b68                FDCAN1_IT0_IRQHandler
                0x08000b68                TIM2_IRQHandler
                0x08000b68                OTG_FS_WKUP_IRQHandler
                0x08000b68                OTG_HS_IRQHandler
                0x08000b68                DMA2D_IRQHandler
                0x08000b68                TIM1_BRK_IRQHandler
                0x08000b68                EXTI1_IRQHandler
                0x08000b68                SDMMC2_IRQHandler
                0x08000b68                OTG_FS_EP1_OUT_IRQHandler
                0x08000b68                BDMA_Channel3_IRQHandler
                0x08000b68                UART7_IRQHandler
                0x08000b68                MDIOS_WKUP_IRQHandler
                0x08000b68                USART2_IRQHandler
                0x08000b68                DFSDM1_FLT0_IRQHandler
                0x08000b68                SAI4_IRQHandler
                0x08000b68                I2C2_ER_IRQHandler
                0x08000b68                DMA2_Stream1_IRQHandler
                0x08000b68                FLASH_IRQHandler
                0x08000b68                DMA2_Stream4_IRQHandler
                0x08000b68                USART1_IRQHandler
                0x08000b68                SPI3_IRQHandler
                0x08000b68                WAKEUP_PIN_IRQHandler
                0x08000b68                DMA1_Stream4_IRQHandler
                0x08000b68                OTG_FS_EP1_IN_IRQHandler
                0x08000b68                I2C1_ER_IRQHandler
                0x08000b68                FMC_IRQHandler
                0x08000b68                FDCAN_CAL_IRQHandler
                0x08000b68                SWPMI1_IRQHandler
                0x08000b68                COMP1_IRQHandler
                0x08000b68                LPTIM1_IRQHandler
                0x08000b68                I2C4_ER_IRQHandler
                0x08000b68                DMA2_Stream6_IRQHandler
                0x08000b68                SAI1_IRQHandler
                0x08000b68                DMA1_Stream3_IRQHandler
 *fill*         0x08000b6a        0x2 
 .text.HAL_InitTick
                0x08000b6c       0x50 CMakeFiles/H2OKeyboard.elf.dir/Drivers/STM32H7xx_HAL_Driver/Src/stm32h7xx_hal.c.obj
                0x08000b6c                HAL_InitTick
 .text.HAL_Init
                0x08000bbc       0x5c CMakeFiles/H2OKeyboard.elf.dir/Drivers/STM32H7xx_HAL_Driver/Src/stm32h7xx_hal.c.obj
                0x08000bbc                HAL_Init
 .text.HAL_IncTick
                0x08000c18       0x18 CMakeFiles/H2OKeyboard.elf.dir/Drivers/STM32H7xx_HAL_Driver/Src/stm32h7xx_hal.c.obj
                0x08000c18                HAL_IncTick
 .text.HAL_GetTick
                0x08000c30        0xc CMakeFiles/H2OKeyboard.elf.dir/Drivers/STM32H7xx_HAL_Driver/Src/stm32h7xx_hal.c.obj
                0x08000c30                HAL_GetTick
 .text.HAL_Delay
                0x08000c3c       0x28 CMakeFiles/H2OKeyboard.elf.dir/Drivers/STM32H7xx_HAL_Driver/Src/stm32h7xx_hal.c.obj
                0x08000c3c                HAL_Delay
 .text.HAL_GetREVID
                0x08000c64        0xc CMakeFiles/H2OKeyboard.elf.dir/Drivers/STM32H7xx_HAL_Driver/Src/stm32h7xx_hal.c.obj
                0x08000c64                HAL_GetREVID
 .text.HAL_NVIC_SetPriorityGrouping
                0x08000c70       0x24 CMakeFiles/H2OKeyboard.elf.dir/Drivers/STM32H7xx_HAL_Driver/Src/stm32h7xx_hal_cortex.c.obj
                0x08000c70                HAL_NVIC_SetPriorityGrouping
 .text.HAL_NVIC_SetPriority
                0x08000c94       0x6c CMakeFiles/H2OKeyboard.elf.dir/Drivers/STM32H7xx_HAL_Driver/Src/stm32h7xx_hal_cortex.c.obj
                0x08000c94                HAL_NVIC_SetPriority
 .text.HAL_NVIC_EnableIRQ
                0x08000d00       0x1c CMakeFiles/H2OKeyboard.elf.dir/Drivers/STM32H7xx_HAL_Driver/Src/stm32h7xx_hal_cortex.c.obj
                0x08000d00                HAL_NVIC_EnableIRQ
 .text.HAL_SYSTICK_Config
                0x08000d1c       0x28 CMakeFiles/H2OKeyboard.elf.dir/Drivers/STM32H7xx_HAL_Driver/Src/stm32h7xx_hal_cortex.c.obj
                0x08000d1c                HAL_SYSTICK_Config
 .text.HAL_MPU_Disable
                0x08000d44       0x1c CMakeFiles/H2OKeyboard.elf.dir/Drivers/STM32H7xx_HAL_Driver/Src/stm32h7xx_hal_cortex.c.obj
                0x08000d44                HAL_MPU_Disable
 .text.HAL_MPU_Enable
                0x08000d60       0x20 CMakeFiles/H2OKeyboard.elf.dir/Drivers/STM32H7xx_HAL_Driver/Src/stm32h7xx_hal_cortex.c.obj
                0x08000d60                HAL_MPU_Enable
 .text.HAL_MPU_ConfigRegion
                0x08000d80       0x60 CMakeFiles/H2OKeyboard.elf.dir/Drivers/STM32H7xx_HAL_Driver/Src/stm32h7xx_hal_cortex.c.obj
                0x08000d80                HAL_MPU_ConfigRegion
 .text.HAL_GPIO_Init
                0x08000de0      0x228 CMakeFiles/H2OKeyboard.elf.dir/Drivers/STM32H7xx_HAL_Driver/Src/stm32h7xx_hal_gpio.c.obj
                0x08000de0                HAL_GPIO_Init
 .text.HAL_GPIO_ReadPin
                0x08001008        0xe CMakeFiles/H2OKeyboard.elf.dir/Drivers/STM32H7xx_HAL_Driver/Src/stm32h7xx_hal_gpio.c.obj
                0x08001008                HAL_GPIO_ReadPin
 .text.PCD_WriteEmptyTxFifo
                0x08001016       0xd0 CMakeFiles/H2OKeyboard.elf.dir/Drivers/STM32H7xx_HAL_Driver/Src/stm32h7xx_hal_pcd.c.obj
 .text.HAL_PCD_Init
                0x080010e6      0x13c CMakeFiles/H2OKeyboard.elf.dir/Drivers/STM32H7xx_HAL_Driver/Src/stm32h7xx_hal_pcd.c.obj
                0x080010e6                HAL_PCD_Init
 .text.HAL_PCD_Start
                0x08001222       0x44 CMakeFiles/H2OKeyboard.elf.dir/Drivers/STM32H7xx_HAL_Driver/Src/stm32h7xx_hal_pcd.c.obj
                0x08001222                HAL_PCD_Start
 *fill*         0x08001266        0x2 
 .text.PCD_EP_OutXfrComplete_int
                0x08001268      0x104 CMakeFiles/H2OKeyboard.elf.dir/Drivers/STM32H7xx_HAL_Driver/Src/stm32h7xx_hal_pcd.c.obj
 .text.PCD_EP_OutSetupPacket_int
                0x0800136c       0x50 CMakeFiles/H2OKeyboard.elf.dir/Drivers/STM32H7xx_HAL_Driver/Src/stm32h7xx_hal_pcd.c.obj
 .text.HAL_PCD_SetAddress
                0x080013bc       0x28 CMakeFiles/H2OKeyboard.elf.dir/Drivers/STM32H7xx_HAL_Driver/Src/stm32h7xx_hal_pcd.c.obj
                0x080013bc                HAL_PCD_SetAddress
 .text.HAL_PCD_EP_Open
                0x080013e4       0x8a CMakeFiles/H2OKeyboard.elf.dir/Drivers/STM32H7xx_HAL_Driver/Src/stm32h7xx_hal_pcd.c.obj
                0x080013e4                HAL_PCD_EP_Open
 .text.HAL_PCD_EP_Close
                0x0800146e       0x72 CMakeFiles/H2OKeyboard.elf.dir/Drivers/STM32H7xx_HAL_Driver/Src/stm32h7xx_hal_pcd.c.obj
                0x0800146e                HAL_PCD_EP_Close
 .text.HAL_PCD_EP_Receive
                0x080014e0       0x4a CMakeFiles/H2OKeyboard.elf.dir/Drivers/STM32H7xx_HAL_Driver/Src/stm32h7xx_hal_pcd.c.obj
                0x080014e0                HAL_PCD_EP_Receive
 .text.HAL_PCD_EP_Transmit
                0x0800152a       0x4a CMakeFiles/H2OKeyboard.elf.dir/Drivers/STM32H7xx_HAL_Driver/Src/stm32h7xx_hal_pcd.c.obj
                0x0800152a                HAL_PCD_EP_Transmit
 .text.HAL_PCD_EP_SetStall
                0x08001574       0x88 CMakeFiles/H2OKeyboard.elf.dir/Drivers/STM32H7xx_HAL_Driver/Src/stm32h7xx_hal_pcd.c.obj
                0x08001574                HAL_PCD_EP_SetStall
 .text.HAL_PCD_EP_ClrStall
                0x080015fc       0x76 CMakeFiles/H2OKeyboard.elf.dir/Drivers/STM32H7xx_HAL_Driver/Src/stm32h7xx_hal_pcd.c.obj
                0x080015fc                HAL_PCD_EP_ClrStall
 .text.HAL_PCD_EP_Abort
                0x08001672       0x34 CMakeFiles/H2OKeyboard.elf.dir/Drivers/STM32H7xx_HAL_Driver/Src/stm32h7xx_hal_pcd.c.obj
                0x08001672                HAL_PCD_EP_Abort
 .text.HAL_PCD_IRQHandler
                0x080016a6      0x606 CMakeFiles/H2OKeyboard.elf.dir/Drivers/STM32H7xx_HAL_Driver/Src/stm32h7xx_hal_pcd.c.obj
                0x080016a6                HAL_PCD_IRQHandler
 .text.HAL_PCDEx_SetTxFiFo
                0x08001cac       0x4a CMakeFiles/H2OKeyboard.elf.dir/Drivers/STM32H7xx_HAL_Driver/Src/stm32h7xx_hal_pcd_ex.c.obj
                0x08001cac                HAL_PCDEx_SetTxFiFo
 .text.HAL_PCDEx_SetRxFiFo
                0x08001cf6        0x8 CMakeFiles/H2OKeyboard.elf.dir/Drivers/STM32H7xx_HAL_Driver/Src/stm32h7xx_hal_pcd_ex.c.obj
                0x08001cf6                HAL_PCDEx_SetRxFiFo
 *fill*         0x08001cfe        0x2 
 .text.HAL_PCDEx_ActivateLPM
                0x08001d00       0x28 CMakeFiles/H2OKeyboard.elf.dir/Drivers/STM32H7xx_HAL_Driver/Src/stm32h7xx_hal_pcd_ex.c.obj
                0x08001d00                HAL_PCDEx_ActivateLPM
 .text.HAL_PCDEx_LPM_Callback
                0x08001d28        0x2 CMakeFiles/H2OKeyboard.elf.dir/Drivers/STM32H7xx_HAL_Driver/Src/stm32h7xx_hal_pcd_ex.c.obj
                0x08001d28                HAL_PCDEx_LPM_Callback
 *fill*         0x08001d2a        0x2 
 .text.HAL_PWREx_ConfigSupply
                0x08001d2c       0x54 CMakeFiles/H2OKeyboard.elf.dir/Drivers/STM32H7xx_HAL_Driver/Src/stm32h7xx_hal_pwr_ex.c.obj
                0x08001d2c                HAL_PWREx_ConfigSupply
 .text.HAL_PWREx_EnableUSBVoltageDetector
                0x08001d80       0x10 CMakeFiles/H2OKeyboard.elf.dir/Drivers/STM32H7xx_HAL_Driver/Src/stm32h7xx_hal_pwr_ex.c.obj
                0x08001d80                HAL_PWREx_EnableUSBVoltageDetector
 .text.HAL_RCC_OscConfig
                0x08001d90      0x6b4 CMakeFiles/H2OKeyboard.elf.dir/Drivers/STM32H7xx_HAL_Driver/Src/stm32h7xx_hal_rcc.c.obj
                0x08001d90                HAL_RCC_OscConfig
 .text.HAL_RCC_GetSysClockFreq
                0x08002444      0x218 CMakeFiles/H2OKeyboard.elf.dir/Drivers/STM32H7xx_HAL_Driver/Src/stm32h7xx_hal_rcc.c.obj
                0x08002444                HAL_RCC_GetSysClockFreq
 .text.HAL_RCC_ClockConfig
                0x0800265c      0x294 CMakeFiles/H2OKeyboard.elf.dir/Drivers/STM32H7xx_HAL_Driver/Src/stm32h7xx_hal_rcc.c.obj
                0x0800265c                HAL_RCC_ClockConfig
 .text.HAL_RCC_GetHCLKFreq
                0x080028f0       0x44 CMakeFiles/H2OKeyboard.elf.dir/Drivers/STM32H7xx_HAL_Driver/Src/stm32h7xx_hal_rcc.c.obj
                0x080028f0                HAL_RCC_GetHCLKFreq
 .text.RCCEx_PLL2_Config
                0x08002934      0x10c CMakeFiles/H2OKeyboard.elf.dir/Drivers/STM32H7xx_HAL_Driver/Src/stm32h7xx_hal_rcc_ex.c.obj
 .text.RCCEx_PLL3_Config
                0x08002a40      0x10c CMakeFiles/H2OKeyboard.elf.dir/Drivers/STM32H7xx_HAL_Driver/Src/stm32h7xx_hal_rcc_ex.c.obj
 .text.HAL_RCCEx_PeriphCLKConfig
                0x08002b4c      0xa8c CMakeFiles/H2OKeyboard.elf.dir/Drivers/STM32H7xx_HAL_Driver/Src/stm32h7xx_hal_rcc_ex.c.obj
                0x08002b4c                HAL_RCCEx_PeriphCLKConfig
 .text.USB_CoreReset
                0x080035d8       0x50 CMakeFiles/H2OKeyboard.elf.dir/Drivers/STM32H7xx_HAL_Driver/Src/stm32h7xx_ll_usb.c.obj
 .text.USB_CoreInit
                0x08003628       0x9c CMakeFiles/H2OKeyboard.elf.dir/Drivers/STM32H7xx_HAL_Driver/Src/stm32h7xx_ll_usb.c.obj
                0x08003628                USB_CoreInit
 .text.USB_SetTurnaroundTime
                0x080036c4       0xe4 CMakeFiles/H2OKeyboard.elf.dir/Drivers/STM32H7xx_HAL_Driver/Src/stm32h7xx_ll_usb.c.obj
                0x080036c4                USB_SetTurnaroundTime
 .text.USB_EnableGlobalInt
                0x080037a8        0xc CMakeFiles/H2OKeyboard.elf.dir/Drivers/STM32H7xx_HAL_Driver/Src/stm32h7xx_ll_usb.c.obj
                0x080037a8                USB_EnableGlobalInt
 .text.USB_DisableGlobalInt
                0x080037b4        0xc CMakeFiles/H2OKeyboard.elf.dir/Drivers/STM32H7xx_HAL_Driver/Src/stm32h7xx_ll_usb.c.obj
                0x080037b4                USB_DisableGlobalInt
 .text.USB_FlushTxFifo
                0x080037c0       0x50 CMakeFiles/H2OKeyboard.elf.dir/Drivers/STM32H7xx_HAL_Driver/Src/stm32h7xx_ll_usb.c.obj
                0x080037c0                USB_FlushTxFifo
 .text.USB_FlushRxFifo
                0x08003810       0x4c CMakeFiles/H2OKeyboard.elf.dir/Drivers/STM32H7xx_HAL_Driver/Src/stm32h7xx_ll_usb.c.obj
                0x08003810                USB_FlushRxFifo
 .text.USB_SetDevSpeed
                0x0800385c        0xe CMakeFiles/H2OKeyboard.elf.dir/Drivers/STM32H7xx_HAL_Driver/Src/stm32h7xx_ll_usb.c.obj
                0x0800385c                USB_SetDevSpeed
 *fill*         0x0800386a        0x2 
 .text.USB_DevInit
                0x0800386c      0x188 CMakeFiles/H2OKeyboard.elf.dir/Drivers/STM32H7xx_HAL_Driver/Src/stm32h7xx_ll_usb.c.obj
                0x0800386c                USB_DevInit
 .text.USB_GetDevSpeed
                0x080039f4       0x1e CMakeFiles/H2OKeyboard.elf.dir/Drivers/STM32H7xx_HAL_Driver/Src/stm32h7xx_ll_usb.c.obj
                0x080039f4                USB_GetDevSpeed
 *fill*         0x08003a12        0x2 
 .text.USB_ActivateEndpoint
                0x08003a14       0x9c CMakeFiles/H2OKeyboard.elf.dir/Drivers/STM32H7xx_HAL_Driver/Src/stm32h7xx_ll_usb.c.obj
                0x08003a14                USB_ActivateEndpoint
 .text.USB_DeactivateEndpoint
                0x08003ab0       0xe0 CMakeFiles/H2OKeyboard.elf.dir/Drivers/STM32H7xx_HAL_Driver/Src/stm32h7xx_ll_usb.c.obj
                0x08003ab0                USB_DeactivateEndpoint
 .text.USB_EPStopXfer
                0x08003b90       0xbc CMakeFiles/H2OKeyboard.elf.dir/Drivers/STM32H7xx_HAL_Driver/Src/stm32h7xx_ll_usb.c.obj
                0x08003b90                USB_EPStopXfer
 .text.USB_WritePacket
                0x08003c4c       0x2e CMakeFiles/H2OKeyboard.elf.dir/Drivers/STM32H7xx_HAL_Driver/Src/stm32h7xx_ll_usb.c.obj
                0x08003c4c                USB_WritePacket
 *fill*         0x08003c7a        0x2 
 .text.USB_EPStartXfer
                0x08003c7c      0x23c CMakeFiles/H2OKeyboard.elf.dir/Drivers/STM32H7xx_HAL_Driver/Src/stm32h7xx_ll_usb.c.obj
                0x08003c7c                USB_EPStartXfer
 .text.USB_ReadPacket
                0x08003eb8       0x54 CMakeFiles/H2OKeyboard.elf.dir/Drivers/STM32H7xx_HAL_Driver/Src/stm32h7xx_ll_usb.c.obj
                0x08003eb8                USB_ReadPacket
 .text.USB_EPSetStall
                0x08003f0c       0x5a CMakeFiles/H2OKeyboard.elf.dir/Drivers/STM32H7xx_HAL_Driver/Src/stm32h7xx_ll_usb.c.obj
                0x08003f0c                USB_EPSetStall
 .text.USB_EPClearStall
                0x08003f66       0x5c CMakeFiles/H2OKeyboard.elf.dir/Drivers/STM32H7xx_HAL_Driver/Src/stm32h7xx_ll_usb.c.obj
                0x08003f66                USB_EPClearStall
 .text.USB_SetDevAddress
                0x08003fc2       0x20 CMakeFiles/H2OKeyboard.elf.dir/Drivers/STM32H7xx_HAL_Driver/Src/stm32h7xx_ll_usb.c.obj
                0x08003fc2                USB_SetDevAddress
 .text.USB_DevConnect
                0x08003fe2       0x1c CMakeFiles/H2OKeyboard.elf.dir/Drivers/STM32H7xx_HAL_Driver/Src/stm32h7xx_ll_usb.c.obj
                0x08003fe2                USB_DevConnect
 .text.USB_DevDisconnect
                0x08003ffe       0x1c CMakeFiles/H2OKeyboard.elf.dir/Drivers/STM32H7xx_HAL_Driver/Src/stm32h7xx_ll_usb.c.obj
                0x08003ffe                USB_DevDisconnect
 .text.USB_ReadInterrupts
                0x0800401a        0x8 CMakeFiles/H2OKeyboard.elf.dir/Drivers/STM32H7xx_HAL_Driver/Src/stm32h7xx_ll_usb.c.obj
                0x0800401a                USB_ReadInterrupts
 .text.USB_ReadDevAllOutEpInterrupt
                0x08004022       0x10 CMakeFiles/H2OKeyboard.elf.dir/Drivers/STM32H7xx_HAL_Driver/Src/stm32h7xx_ll_usb.c.obj
                0x08004022                USB_ReadDevAllOutEpInterrupt
 .text.USB_ReadDevAllInEpInterrupt
                0x08004032       0x10 CMakeFiles/H2OKeyboard.elf.dir/Drivers/STM32H7xx_HAL_Driver/Src/stm32h7xx_ll_usb.c.obj
                0x08004032                USB_ReadDevAllInEpInterrupt
 .text.USB_ReadDevOutEPInterrupt
                0x08004042       0x12 CMakeFiles/H2OKeyboard.elf.dir/Drivers/STM32H7xx_HAL_Driver/Src/stm32h7xx_ll_usb.c.obj
                0x08004042                USB_ReadDevOutEPInterrupt
 .text.USB_ReadDevInEPInterrupt
                0x08004054       0x26 CMakeFiles/H2OKeyboard.elf.dir/Drivers/STM32H7xx_HAL_Driver/Src/stm32h7xx_ll_usb.c.obj
                0x08004054                USB_ReadDevInEPInterrupt
 .text.USB_GetMode
                0x0800407a        0x8 CMakeFiles/H2OKeyboard.elf.dir/Drivers/STM32H7xx_HAL_Driver/Src/stm32h7xx_ll_usb.c.obj
                0x0800407a                USB_GetMode
 .text.USB_SetCurrentMode
                0x08004082       0x62 CMakeFiles/H2OKeyboard.elf.dir/Drivers/STM32H7xx_HAL_Driver/Src/stm32h7xx_ll_usb.c.obj
                0x08004082                USB_SetCurrentMode
 .text.USB_ActivateSetup
                0x080040e4       0x20 CMakeFiles/H2OKeyboard.elf.dir/Drivers/STM32H7xx_HAL_Driver/Src/stm32h7xx_ll_usb.c.obj
                0x080040e4                USB_ActivateSetup
 .text.USB_EP0_OutStart
                0x08004104       0x5c CMakeFiles/H2OKeyboard.elf.dir/Drivers/STM32H7xx_HAL_Driver/Src/stm32h7xx_ll_usb.c.obj
                0x08004104                USB_EP0_OutStart
 .text.USBD_HID_DataIn
                0x08004160       0x10 CMakeFiles/H2OKeyboard.elf.dir/Middlewares/ST/STM32_USB_Device_Library/Class/HID/Src/usbd_hid.c.obj
 .text.USBD_HID_GetDeviceQualifierDesc
                0x08004170        0xc CMakeFiles/H2OKeyboard.elf.dir/Middlewares/ST/STM32_USB_Device_Library/Class/HID/Src/usbd_hid.c.obj
 .text.USBD_HID_GetOtherSpeedCfgDesc
                0x0800417c       0x20 CMakeFiles/H2OKeyboard.elf.dir/Middlewares/ST/STM32_USB_Device_Library/Class/HID/Src/usbd_hid.c.obj
 .text.USBD_HID_GetFSCfgDesc
                0x0800419c       0x20 CMakeFiles/H2OKeyboard.elf.dir/Middlewares/ST/STM32_USB_Device_Library/Class/HID/Src/usbd_hid.c.obj
 .text.USBD_HID_GetHSCfgDesc
                0x080041bc       0x20 CMakeFiles/H2OKeyboard.elf.dir/Middlewares/ST/STM32_USB_Device_Library/Class/HID/Src/usbd_hid.c.obj
 .text.USBD_HID_Setup
                0x080041dc      0x12c CMakeFiles/H2OKeyboard.elf.dir/Middlewares/ST/STM32_USB_Device_Library/Class/HID/Src/usbd_hid.c.obj
 .text.USBD_HID_DeInit
                0x08004308       0x30 CMakeFiles/H2OKeyboard.elf.dir/Middlewares/ST/STM32_USB_Device_Library/Class/HID/Src/usbd_hid.c.obj
 .text.USBD_HID_Init
                0x08004338       0x50 CMakeFiles/H2OKeyboard.elf.dir/Middlewares/ST/STM32_USB_Device_Library/Class/HID/Src/usbd_hid.c.obj
 .text.USBD_HID_SendReport
                0x08004388       0x44 CMakeFiles/H2OKeyboard.elf.dir/Middlewares/ST/STM32_USB_Device_Library/Class/HID/Src/usbd_hid.c.obj
                0x08004388                USBD_HID_SendReport
 .text.USBD_Init
                0x080043cc       0x2e CMakeFiles/H2OKeyboard.elf.dir/Middlewares/ST/STM32_USB_Device_Library/Core/Src/usbd_core.c.obj
                0x080043cc                USBD_Init
 .text.USBD_RegisterClass
                0x080043fa       0x34 CMakeFiles/H2OKeyboard.elf.dir/Middlewares/ST/STM32_USB_Device_Library/Core/Src/usbd_core.c.obj
                0x080043fa                USBD_RegisterClass
 .text.USBD_Start
                0x0800442e        0x8 CMakeFiles/H2OKeyboard.elf.dir/Middlewares/ST/STM32_USB_Device_Library/Core/Src/usbd_core.c.obj
                0x0800442e                USBD_Start
 .text.USBD_SetClassConfig
                0x08004436       0x12 CMakeFiles/H2OKeyboard.elf.dir/Middlewares/ST/STM32_USB_Device_Library/Core/Src/usbd_core.c.obj
                0x08004436                USBD_SetClassConfig
 .text.USBD_ClrClassConfig
                0x08004448       0x12 CMakeFiles/H2OKeyboard.elf.dir/Middlewares/ST/STM32_USB_Device_Library/Core/Src/usbd_core.c.obj
                0x08004448                USBD_ClrClassConfig
 .text.USBD_LL_SetupStage
                0x0800445a       0x58 CMakeFiles/H2OKeyboard.elf.dir/Middlewares/ST/STM32_USB_Device_Library/Core/Src/usbd_core.c.obj
                0x0800445a                USBD_LL_SetupStage
 .text.USBD_LL_Reset
                0x080044b2       0x64 CMakeFiles/H2OKeyboard.elf.dir/Middlewares/ST/STM32_USB_Device_Library/Core/Src/usbd_core.c.obj
                0x080044b2                USBD_LL_Reset
 .text.USBD_LL_SetSpeed
                0x08004516        0x6 CMakeFiles/H2OKeyboard.elf.dir/Middlewares/ST/STM32_USB_Device_Library/Core/Src/usbd_core.c.obj
                0x08004516                USBD_LL_SetSpeed
 .text.USBD_LL_Suspend
                0x0800451c       0x1e CMakeFiles/H2OKeyboard.elf.dir/Middlewares/ST/STM32_USB_Device_Library/Core/Src/usbd_core.c.obj
                0x0800451c                USBD_LL_Suspend
 .text.USBD_LL_Resume
                0x0800453a       0x1a CMakeFiles/H2OKeyboard.elf.dir/Middlewares/ST/STM32_USB_Device_Library/Core/Src/usbd_core.c.obj
                0x0800453a                USBD_LL_Resume
 .text.USBD_LL_SOF
                0x08004554       0x22 CMakeFiles/H2OKeyboard.elf.dir/Middlewares/ST/STM32_USB_Device_Library/Core/Src/usbd_core.c.obj
                0x08004554                USBD_LL_SOF
 .text.USBD_LL_IsoINIncomplete
                0x08004576       0x2e CMakeFiles/H2OKeyboard.elf.dir/Middlewares/ST/STM32_USB_Device_Library/Core/Src/usbd_core.c.obj
                0x08004576                USBD_LL_IsoINIncomplete
 .text.USBD_LL_IsoOUTIncomplete
                0x080045a4       0x2e CMakeFiles/H2OKeyboard.elf.dir/Middlewares/ST/STM32_USB_Device_Library/Core/Src/usbd_core.c.obj
                0x080045a4                USBD_LL_IsoOUTIncomplete
 .text.USBD_LL_DevConnected
                0x080045d2        0x4 CMakeFiles/H2OKeyboard.elf.dir/Middlewares/ST/STM32_USB_Device_Library/Core/Src/usbd_core.c.obj
                0x080045d2                USBD_LL_DevConnected
 .text.USBD_LL_DevDisconnected
                0x080045d6       0x20 CMakeFiles/H2OKeyboard.elf.dir/Middlewares/ST/STM32_USB_Device_Library/Core/Src/usbd_core.c.obj
                0x080045d6                USBD_LL_DevDisconnected
 .text.USBD_CoreFindIF
                0x080045f6        0x4 CMakeFiles/H2OKeyboard.elf.dir/Middlewares/ST/STM32_USB_Device_Library/Core/Src/usbd_core.c.obj
                0x080045f6                USBD_CoreFindIF
 .text.USBD_CoreFindEP
                0x080045fa        0x4 CMakeFiles/H2OKeyboard.elf.dir/Middlewares/ST/STM32_USB_Device_Library/Core/Src/usbd_core.c.obj
                0x080045fa                USBD_CoreFindEP
 .text.USBD_LL_DataOutStage
                0x080045fe       0xc6 CMakeFiles/H2OKeyboard.elf.dir/Middlewares/ST/STM32_USB_Device_Library/Core/Src/usbd_core.c.obj
                0x080045fe                USBD_LL_DataOutStage
 .text.USBD_LL_DataInStage
                0x080046c4       0xd6 CMakeFiles/H2OKeyboard.elf.dir/Middlewares/ST/STM32_USB_Device_Library/Core/Src/usbd_core.c.obj
                0x080046c4                USBD_LL_DataInStage
 .text.USBD_GetNextDesc
                0x0800479a        0xe CMakeFiles/H2OKeyboard.elf.dir/Middlewares/ST/STM32_USB_Device_Library/Core/Src/usbd_core.c.obj
                0x0800479a                USBD_GetNextDesc
 .text.USBD_GetEpDesc
                0x080047a8       0x3e CMakeFiles/H2OKeyboard.elf.dir/Middlewares/ST/STM32_USB_Device_Library/Core/Src/usbd_core.c.obj
                0x080047a8                USBD_GetEpDesc
 .text.USBD_GetLen
                0x080047e6       0x14 CMakeFiles/H2OKeyboard.elf.dir/Middlewares/ST/STM32_USB_Device_Library/Core/Src/usbd_ctlreq.c.obj
 .text.USBD_ParseSetupRequest
                0x080047fa       0x28 CMakeFiles/H2OKeyboard.elf.dir/Middlewares/ST/STM32_USB_Device_Library/Core/Src/usbd_ctlreq.c.obj
                0x080047fa                USBD_ParseSetupRequest
 .text.USBD_CtlError
                0x08004822       0x14 CMakeFiles/H2OKeyboard.elf.dir/Middlewares/ST/STM32_USB_Device_Library/Core/Src/usbd_ctlreq.c.obj
                0x08004822                USBD_CtlError
 .text.USBD_GetDescriptor
                0x08004836      0x1ac CMakeFiles/H2OKeyboard.elf.dir/Middlewares/ST/STM32_USB_Device_Library/Core/Src/usbd_ctlreq.c.obj
 .text.USBD_SetAddress
                0x080049e2       0x50 CMakeFiles/H2OKeyboard.elf.dir/Middlewares/ST/STM32_USB_Device_Library/Core/Src/usbd_ctlreq.c.obj
 *fill*         0x08004a32        0x2 
 .text.USBD_SetConfig
                0x08004a34       0xcc CMakeFiles/H2OKeyboard.elf.dir/Middlewares/ST/STM32_USB_Device_Library/Core/Src/usbd_ctlreq.c.obj
 .text.USBD_GetConfig
                0x08004b00       0x40 CMakeFiles/H2OKeyboard.elf.dir/Middlewares/ST/STM32_USB_Device_Library/Core/Src/usbd_ctlreq.c.obj
 .text.USBD_GetStatus
                0x08004b40       0x38 CMakeFiles/H2OKeyboard.elf.dir/Middlewares/ST/STM32_USB_Device_Library/Core/Src/usbd_ctlreq.c.obj
 .text.USBD_SetFeature
                0x08004b78       0x2a CMakeFiles/H2OKeyboard.elf.dir/Middlewares/ST/STM32_USB_Device_Library/Core/Src/usbd_ctlreq.c.obj
 .text.USBD_ClrFeature
                0x08004ba2       0x26 CMakeFiles/H2OKeyboard.elf.dir/Middlewares/ST/STM32_USB_Device_Library/Core/Src/usbd_ctlreq.c.obj
 .text.USBD_StdDevReq
                0x08004bc8       0x76 CMakeFiles/H2OKeyboard.elf.dir/Middlewares/ST/STM32_USB_Device_Library/Core/Src/usbd_ctlreq.c.obj
                0x08004bc8                USBD_StdDevReq
 .text.USBD_StdItfReq
                0x08004c3e       0x84 CMakeFiles/H2OKeyboard.elf.dir/Middlewares/ST/STM32_USB_Device_Library/Core/Src/usbd_ctlreq.c.obj
                0x08004c3e                USBD_StdItfReq
 .text.USBD_StdEPReq
                0x08004cc2      0x232 CMakeFiles/H2OKeyboard.elf.dir/Middlewares/ST/STM32_USB_Device_Library/Core/Src/usbd_ctlreq.c.obj
                0x08004cc2                USBD_StdEPReq
 .text.USBD_GetString
                0x08004ef4       0x3a CMakeFiles/H2OKeyboard.elf.dir/Middlewares/ST/STM32_USB_Device_Library/Core/Src/usbd_ctlreq.c.obj
                0x08004ef4                USBD_GetString
 .text.USBD_CtlSendData
                0x08004f2e       0x1a CMakeFiles/H2OKeyboard.elf.dir/Middlewares/ST/STM32_USB_Device_Library/Core/Src/usbd_ioreq.c.obj
                0x08004f2e                USBD_CtlSendData
 .text.USBD_CtlContinueSendData
                0x08004f48       0x10 CMakeFiles/H2OKeyboard.elf.dir/Middlewares/ST/STM32_USB_Device_Library/Core/Src/usbd_ioreq.c.obj
                0x08004f48                USBD_CtlContinueSendData
 .text.USBD_CtlContinueRx
                0x08004f58       0x10 CMakeFiles/H2OKeyboard.elf.dir/Middlewares/ST/STM32_USB_Device_Library/Core/Src/usbd_ioreq.c.obj
                0x08004f58                USBD_CtlContinueRx
 .text.USBD_CtlSendStatus
                0x08004f68       0x16 CMakeFiles/H2OKeyboard.elf.dir/Middlewares/ST/STM32_USB_Device_Library/Core/Src/usbd_ioreq.c.obj
                0x08004f68                USBD_CtlSendStatus
 .text.USBD_CtlReceiveStatus
                0x08004f7e       0x16 CMakeFiles/H2OKeyboard.elf.dir/Middlewares/ST/STM32_USB_Device_Library/Core/Src/usbd_ioreq.c.obj
                0x08004f7e                USBD_CtlReceiveStatus
 .text.MX_USB_DEVICE_Init
                0x08004f94       0x44 CMakeFiles/H2OKeyboard.elf.dir/USB_DEVICE/App/usb_device.c.obj
                0x08004f94                MX_USB_DEVICE_Init
 .text.USBD_FS_DeviceDescriptor
                0x08004fd8        0xc CMakeFiles/H2OKeyboard.elf.dir/USB_DEVICE/App/usbd_desc.c.obj
                0x08004fd8                USBD_FS_DeviceDescriptor
 .text.USBD_FS_LangIDStrDescriptor
                0x08004fe4        0xc CMakeFiles/H2OKeyboard.elf.dir/USB_DEVICE/App/usbd_desc.c.obj
                0x08004fe4                USBD_FS_LangIDStrDescriptor
 .text.IntToUnicode
                0x08004ff0       0x46 CMakeFiles/H2OKeyboard.elf.dir/USB_DEVICE/App/usbd_desc.c.obj
 *fill*         0x08005036        0x2 
 .text.Get_SerialNum
                0x08005038       0x38 CMakeFiles/H2OKeyboard.elf.dir/USB_DEVICE/App/usbd_desc.c.obj
 .text.USBD_FS_SerialStrDescriptor
                0x08005070       0x14 CMakeFiles/H2OKeyboard.elf.dir/USB_DEVICE/App/usbd_desc.c.obj
                0x08005070                USBD_FS_SerialStrDescriptor
 .text.USBD_FS_ProductStrDescriptor
                0x08005084       0x24 CMakeFiles/H2OKeyboard.elf.dir/USB_DEVICE/App/usbd_desc.c.obj
                0x08005084                USBD_FS_ProductStrDescriptor
 .text.USBD_FS_ManufacturerStrDescriptor
                0x080050a8       0x1c CMakeFiles/H2OKeyboard.elf.dir/USB_DEVICE/App/usbd_desc.c.obj
                0x080050a8                USBD_FS_ManufacturerStrDescriptor
 .text.USBD_FS_ConfigStrDescriptor
                0x080050c4       0x24 CMakeFiles/H2OKeyboard.elf.dir/USB_DEVICE/App/usbd_desc.c.obj
                0x080050c4                USBD_FS_ConfigStrDescriptor
 .text.USBD_FS_InterfaceStrDescriptor
                0x080050e8       0x24 CMakeFiles/H2OKeyboard.elf.dir/USB_DEVICE/App/usbd_desc.c.obj
                0x080050e8                USBD_FS_InterfaceStrDescriptor
 .text.HAL_PCD_MspInit
                0x0800510c       0xb4 CMakeFiles/H2OKeyboard.elf.dir/USB_DEVICE/Target/usbd_conf.c.obj
                0x0800510c                HAL_PCD_MspInit
 .text.HAL_PCD_SetupStageCallback
                0x080051c0       0x10 CMakeFiles/H2OKeyboard.elf.dir/USB_DEVICE/Target/usbd_conf.c.obj
                0x080051c0                HAL_PCD_SetupStageCallback
 .text.HAL_PCD_DataOutStageCallback
                0x080051d0       0x18 CMakeFiles/H2OKeyboard.elf.dir/USB_DEVICE/Target/usbd_conf.c.obj
                0x080051d0                HAL_PCD_DataOutStageCallback
 .text.HAL_PCD_DataInStageCallback
                0x080051e8       0x16 CMakeFiles/H2OKeyboard.elf.dir/USB_DEVICE/Target/usbd_conf.c.obj
                0x080051e8                HAL_PCD_DataInStageCallback
 .text.HAL_PCD_SOFCallback
                0x080051fe        0xc CMakeFiles/H2OKeyboard.elf.dir/USB_DEVICE/Target/usbd_conf.c.obj
                0x080051fe                HAL_PCD_SOFCallback
 .text.HAL_PCD_ResetCallback
                0x0800520a       0x2c CMakeFiles/H2OKeyboard.elf.dir/USB_DEVICE/Target/usbd_conf.c.obj
                0x0800520a                HAL_PCD_ResetCallback
 *fill*         0x08005236        0x2 
 .text.HAL_PCD_SuspendCallback
                0x08005238       0x30 CMakeFiles/H2OKeyboard.elf.dir/USB_DEVICE/Target/usbd_conf.c.obj
                0x08005238                HAL_PCD_SuspendCallback
 .text.HAL_PCD_ResumeCallback
                0x08005268        0xc CMakeFiles/H2OKeyboard.elf.dir/USB_DEVICE/Target/usbd_conf.c.obj
                0x08005268                HAL_PCD_ResumeCallback
 .text.HAL_PCD_ISOOUTIncompleteCallback
                0x08005274        0xc CMakeFiles/H2OKeyboard.elf.dir/USB_DEVICE/Target/usbd_conf.c.obj
                0x08005274                HAL_PCD_ISOOUTIncompleteCallback
 .text.HAL_PCD_ISOINIncompleteCallback
                0x08005280        0xc CMakeFiles/H2OKeyboard.elf.dir/USB_DEVICE/Target/usbd_conf.c.obj
                0x08005280                HAL_PCD_ISOINIncompleteCallback
 .text.HAL_PCD_ConnectCallback
                0x0800528c        0xc CMakeFiles/H2OKeyboard.elf.dir/USB_DEVICE/Target/usbd_conf.c.obj
                0x0800528c                HAL_PCD_ConnectCallback
 .text.HAL_PCD_DisconnectCallback
                0x08005298        0xc CMakeFiles/H2OKeyboard.elf.dir/USB_DEVICE/Target/usbd_conf.c.obj
                0x08005298                HAL_PCD_DisconnectCallback
 .text.USBD_LL_Init
                0x080052a4       0x6c CMakeFiles/H2OKeyboard.elf.dir/USB_DEVICE/Target/usbd_conf.c.obj
                0x080052a4                USBD_LL_Init
 .text.USBD_LL_IsStallEP
                0x08005310       0x2e CMakeFiles/H2OKeyboard.elf.dir/USB_DEVICE/Target/usbd_conf.c.obj
                0x08005310                USBD_LL_IsStallEP
 *fill*         0x0800533e        0x2 
 .text.USBD_static_malloc
                0x08005340        0x8 CMakeFiles/H2OKeyboard.elf.dir/USB_DEVICE/Target/usbd_conf.c.obj
                0x08005340                USBD_static_malloc
 .text.USBD_static_free
                0x08005348        0x2 CMakeFiles/H2OKeyboard.elf.dir/USB_DEVICE/Target/usbd_conf.c.obj
                0x08005348                USBD_static_free
 .text.USBD_Get_USB_Status
                0x0800534a       0x14 CMakeFiles/H2OKeyboard.elf.dir/USB_DEVICE/Target/usbd_conf.c.obj
                0x0800534a                USBD_Get_USB_Status
 .text.USBD_LL_Start
                0x0800535e       0x10 CMakeFiles/H2OKeyboard.elf.dir/USB_DEVICE/Target/usbd_conf.c.obj
                0x0800535e                USBD_LL_Start
 .text.USBD_LL_OpenEP
                0x0800536e       0x16 CMakeFiles/H2OKeyboard.elf.dir/USB_DEVICE/Target/usbd_conf.c.obj
                0x0800536e                USBD_LL_OpenEP
 .text.USBD_LL_CloseEP
                0x08005384       0x10 CMakeFiles/H2OKeyboard.elf.dir/USB_DEVICE/Target/usbd_conf.c.obj
                0x08005384                USBD_LL_CloseEP
 .text.USBD_LL_StallEP
                0x08005394       0x10 CMakeFiles/H2OKeyboard.elf.dir/USB_DEVICE/Target/usbd_conf.c.obj
                0x08005394                USBD_LL_StallEP
 .text.USBD_LL_ClearStallEP
                0x080053a4       0x10 CMakeFiles/H2OKeyboard.elf.dir/USB_DEVICE/Target/usbd_conf.c.obj
                0x080053a4                USBD_LL_ClearStallEP
 .text.USBD_LL_SetUSBAddress
                0x080053b4       0x10 CMakeFiles/H2OKeyboard.elf.dir/USB_DEVICE/Target/usbd_conf.c.obj
                0x080053b4                USBD_LL_SetUSBAddress
 .text.USBD_LL_Transmit
                0x080053c4       0x10 CMakeFiles/H2OKeyboard.elf.dir/USB_DEVICE/Target/usbd_conf.c.obj
                0x080053c4                USBD_LL_Transmit
 .text.USBD_LL_PrepareReceive
                0x080053d4       0x10 CMakeFiles/H2OKeyboard.elf.dir/USB_DEVICE/Target/usbd_conf.c.obj
                0x080053d4                USBD_LL_PrepareReceive
 .text.__libc_init_array
                0x080053e4       0x48 c:/progra~2/gnuarm~1/102021~1.10/bin/../lib/gcc/arm-none-eabi/10.3.1/../../../../arm-none-eabi/lib/thumb/v7e-m/nofp\libg.a(lib_a-init.o)
                0x080053e4                __libc_init_array
 .text.memset   0x0800542c       0xa4 c:/progra~2/gnuarm~1/102021~1.10/bin/../lib/gcc/arm-none-eabi/10.3.1/../../../../arm-none-eabi/lib/thumb/v7e-m/nofp\libg.a(lib_a-memset.o)
                0x0800542c                memset
 .text.startup.register_fini
                0x080054d0       0x14 c:/progra~2/gnuarm~1/102021~1.10/bin/../lib/gcc/arm-none-eabi/10.3.1/../../../../arm-none-eabi/lib/thumb/v7e-m/nofp\libg.a(lib_a-__call_atexit.o)
 .text.atexit   0x080054e4        0xc c:/progra~2/gnuarm~1/102021~1.10/bin/../lib/gcc/arm-none-eabi/10.3.1/../../../../arm-none-eabi/lib/thumb/v7e-m/nofp\libg.a(lib_a-atexit.o)
                0x080054e4                atexit
 .text.__libc_fini_array
                0x080054f0       0x2c c:/progra~2/gnuarm~1/102021~1.10/bin/../lib/gcc/arm-none-eabi/10.3.1/../../../../arm-none-eabi/lib/thumb/v7e-m/nofp\libg.a(lib_a-fini.o)
                0x080054f0                __libc_fini_array
 .text.__retarget_lock_acquire_recursive
                0x0800551c        0x4 c:/progra~2/gnuarm~1/102021~1.10/bin/../lib/gcc/arm-none-eabi/10.3.1/../../../../arm-none-eabi/lib/thumb/v7e-m/nofp\libg.a(lib_a-lock.o)
                0x0800551c                __retarget_lock_acquire_recursive
 .text.__retarget_lock_release_recursive
                0x08005520        0x4 c:/progra~2/gnuarm~1/102021~1.10/bin/../lib/gcc/arm-none-eabi/10.3.1/../../../../arm-none-eabi/lib/thumb/v7e-m/nofp\libg.a(lib_a-lock.o)
                0x08005520                __retarget_lock_release_recursive
 .text.__register_exitproc
                0x08005524       0x8c c:/progra~2/gnuarm~1/102021~1.10/bin/../lib/gcc/arm-none-eabi/10.3.1/../../../../arm-none-eabi/lib/thumb/v7e-m/nofp\libg.a(lib_a-__atexit.o)
                0x08005524                __register_exitproc
 *(.glue_7)
 .glue_7        0x080055b0        0x0 linker stubs
 *(.glue_7t)
 .glue_7t       0x080055b0        0x0 linker stubs
 *(.eh_frame)
 .eh_frame      0x080055b0        0x0 c:/progra~2/gnuarm~1/102021~1.10/bin/../lib/gcc/arm-none-eabi/10.3.1/thumb/v7e-m/nofp/crtbegin.o
 *(.init)
 .init          0x080055b0        0x4 c:/progra~2/gnuarm~1/102021~1.10/bin/../lib/gcc/arm-none-eabi/10.3.1/thumb/v7e-m/nofp/crti.o
                0x080055b0                _init
 .init          0x080055b4        0x8 c:/progra~2/gnuarm~1/102021~1.10/bin/../lib/gcc/arm-none-eabi/10.3.1/thumb/v7e-m/nofp/crtn.o
 *(.fini)
 .fini          0x080055bc        0x4 c:/progra~2/gnuarm~1/102021~1.10/bin/../lib/gcc/arm-none-eabi/10.3.1/thumb/v7e-m/nofp/crti.o
                0x080055bc                _fini
 .fini          0x080055c0        0x8 c:/progra~2/gnuarm~1/102021~1.10/bin/../lib/gcc/arm-none-eabi/10.3.1/thumb/v7e-m/nofp/crtn.o
                0x080055c8                . = ALIGN (0x4)
                0x080055c8                _etext = .

.vfp11_veneer   0x080055c8        0x0
 .vfp11_veneer  0x080055c8        0x0 linker stubs

.v4_bx          0x080055c8        0x0
 .v4_bx         0x080055c8        0x0 linker stubs

.iplt           0x080055c8        0x0
 .iplt          0x080055c8        0x0 c:/progra~2/gnuarm~1/102021~1.10/bin/../lib/gcc/arm-none-eabi/10.3.1/thumb/v7e-m/nofp/crtbegin.o

.rodata         0x080055c8       0x4c
                0x080055c8                . = ALIGN (0x4)
 *(.rodata)
 .rodata        0x080055c8        0x8 CMakeFiles/H2OKeyboard.elf.dir/Core/Src/main.c.obj
 *(.rodata*)
 .rodata.D1CorePrescTable
                0x080055d0       0x10 CMakeFiles/H2OKeyboard.elf.dir/Core/Src/system_stm32h7xx.c.obj
                0x080055d0                D1CorePrescTable
 .rodata.USBD_FS_ProductStrDescriptor.str1.4
                0x080055e0        0xc CMakeFiles/H2OKeyboard.elf.dir/USB_DEVICE/App/usbd_desc.c.obj
 .rodata.USBD_FS_ManufacturerStrDescriptor.str1.4
                0x080055ec        0x7 CMakeFiles/H2OKeyboard.elf.dir/USB_DEVICE/App/usbd_desc.c.obj
 *fill*         0x080055f3        0x1 
 .rodata.USBD_FS_ConfigStrDescriptor.str1.4
                0x080055f4        0xb CMakeFiles/H2OKeyboard.elf.dir/USB_DEVICE/App/usbd_desc.c.obj
 *fill*         0x080055ff        0x1 
 .rodata.USBD_FS_InterfaceStrDescriptor.str1.4
                0x08005600        0xe CMakeFiles/H2OKeyboard.elf.dir/USB_DEVICE/App/usbd_desc.c.obj
 *fill*         0x0800560e        0x2 
 .rodata._global_impure_ptr
                0x08005610        0x4 c:/progra~2/gnuarm~1/102021~1.10/bin/../lib/gcc/arm-none-eabi/10.3.1/../../../../arm-none-eabi/lib/thumb/v7e-m/nofp\libg.a(lib_a-impure.o)
                0x08005610                _global_impure_ptr
                0x08005614                . = ALIGN (0x4)

.rel.dyn        0x08005614        0x0
 .rel.iplt      0x08005614        0x0 c:/progra~2/gnuarm~1/102021~1.10/bin/../lib/gcc/arm-none-eabi/10.3.1/thumb/v7e-m/nofp/crtbegin.o

.ARM.extab
 *(.ARM.extab* .gnu.linkonce.armextab.*)

.ARM            0x08005614        0x0
                0x08005614                __exidx_start = .
 *(.ARM.exidx*)
                0x08005614                __exidx_end = .

.preinit_array  0x08005614        0x0
                0x08005614                PROVIDE (__preinit_array_start = .)
 *(.preinit_array*)
                0x08005614                PROVIDE (__preinit_array_end = .)

.init_array     0x08005614        0x8
                0x08005614                PROVIDE (__init_array_start = .)
 *(SORT_BY_NAME(.init_array.*))
 .init_array.00000
                0x08005614        0x4 c:/progra~2/gnuarm~1/102021~1.10/bin/../lib/gcc/arm-none-eabi/10.3.1/../../../../arm-none-eabi/lib/thumb/v7e-m/nofp\libg.a(lib_a-__call_atexit.o)
 *(.init_array*)
 .init_array    0x08005618        0x4 c:/progra~2/gnuarm~1/102021~1.10/bin/../lib/gcc/arm-none-eabi/10.3.1/thumb/v7e-m/nofp/crtbegin.o
                0x0800561c                PROVIDE (__init_array_end = .)

.fini_array     0x0800561c        0x4
                0x0800561c                PROVIDE (__fini_array_start = .)
 *(SORT_BY_NAME(.fini_array.*))
 *(.fini_array*)
 .fini_array    0x0800561c        0x4 c:/progra~2/gnuarm~1/102021~1.10/bin/../lib/gcc/arm-none-eabi/10.3.1/thumb/v7e-m/nofp/crtbegin.o
                0x08005620                PROVIDE (__fini_array_end = .)
                0x08005620                _sidata = LOADADDR (.data)

.data           0x24000000      0x544 load address 0x08005620
                0x24000000                . = ALIGN (0x4)
                0x24000000                _sdata = .
 *(.data)
 *(.data*)
 .data.SystemCoreClock
                0x24000000        0x4 CMakeFiles/H2OKeyboard.elf.dir/Core/Src/system_stm32h7xx.c.obj
                0x24000000                SystemCoreClock
 .data.SystemD2Clock
                0x24000004        0x4 CMakeFiles/H2OKeyboard.elf.dir/Core/Src/system_stm32h7xx.c.obj
                0x24000004                SystemD2Clock
 .data.uwTickFreq
                0x24000008        0x1 CMakeFiles/H2OKeyboard.elf.dir/Drivers/STM32H7xx_HAL_Driver/Src/stm32h7xx_hal.c.obj
                0x24000008                uwTickFreq
 *fill*         0x24000009        0x3 
 .data.uwTickPrio
                0x2400000c        0x4 CMakeFiles/H2OKeyboard.elf.dir/Drivers/STM32H7xx_HAL_Driver/Src/stm32h7xx_hal.c.obj
                0x2400000c                uwTickPrio
 .data.HID_MOUSE_ReportDesc
                0x24000010       0x3f CMakeFiles/H2OKeyboard.elf.dir/Middlewares/ST/STM32_USB_Device_Library/Class/HID/Src/usbd_hid.c.obj
 *fill*         0x2400004f        0x1 
 .data.USBD_HID
                0x24000050       0x38 CMakeFiles/H2OKeyboard.elf.dir/Middlewares/ST/STM32_USB_Device_Library/Class/HID/Src/usbd_hid.c.obj
                0x24000050                USBD_HID
 .data.USBD_HID_CfgDesc
                0x24000088       0x22 CMakeFiles/H2OKeyboard.elf.dir/Middlewares/ST/STM32_USB_Device_Library/Class/HID/Src/usbd_hid.c.obj
 *fill*         0x240000aa        0x2 
 .data.USBD_HID_Desc
                0x240000ac        0x9 CMakeFiles/H2OKeyboard.elf.dir/Middlewares/ST/STM32_USB_Device_Library/Class/HID/Src/usbd_hid.c.obj
 *fill*         0x240000b5        0x3 
 .data.USBD_HID_DeviceQualifierDesc
                0x240000b8        0xa CMakeFiles/H2OKeyboard.elf.dir/Middlewares/ST/STM32_USB_Device_Library/Class/HID/Src/usbd_hid.c.obj
 *fill*         0x240000c2        0x2 
 .data.FS_Desc  0x240000c4       0x20 CMakeFiles/H2OKeyboard.elf.dir/USB_DEVICE/App/usbd_desc.c.obj
                0x240000c4                FS_Desc
 .data.USBD_FS_DeviceDesc
                0x240000e4       0x12 CMakeFiles/H2OKeyboard.elf.dir/USB_DEVICE/App/usbd_desc.c.obj
                0x240000e4                USBD_FS_DeviceDesc
 *fill*         0x240000f6        0x2 
 .data.USBD_LangIDDesc
                0x240000f8        0x4 CMakeFiles/H2OKeyboard.elf.dir/USB_DEVICE/App/usbd_desc.c.obj
                0x240000f8                USBD_LangIDDesc
 .data.USBD_StringSerial
                0x240000fc       0x1a CMakeFiles/H2OKeyboard.elf.dir/USB_DEVICE/App/usbd_desc.c.obj
                0x240000fc                USBD_StringSerial
 *fill*         0x24000116        0x2 
 .data.impure_data
                0x24000118      0x428 c:/progra~2/gnuarm~1/102021~1.10/bin/../lib/gcc/arm-none-eabi/10.3.1/../../../../arm-none-eabi/lib/thumb/v7e-m/nofp\libg.a(lib_a-impure.o)
 .data.__atexit_recursive_mutex
                0x24000540        0x4 c:/progra~2/gnuarm~1/102021~1.10/bin/../lib/gcc/arm-none-eabi/10.3.1/../../../../arm-none-eabi/lib/thumb/v7e-m/nofp\libg.a(lib_a-__call_atexit.o)
                0x24000540                __atexit_recursive_mutex
 *(.RamFunc)
 *(.RamFunc*)
                0x24000544                . = ALIGN (0x4)
                0x24000544                _edata = .

.igot.plt       0x24000544        0x0 load address 0x08005b64
 .igot.plt      0x24000544        0x0 c:/progra~2/gnuarm~1/102021~1.10/bin/../lib/gcc/arm-none-eabi/10.3.1/thumb/v7e-m/nofp/crtbegin.o
                0x24000544                . = ALIGN (0x4)

.bss            0x24000544      0xa24 load address 0x08005b64
                0x24000544                _sbss = .
                0x24000544                __bss_start__ = _sbss
 *(.bss)
 .bss           0x24000544       0x1c c:/progra~2/gnuarm~1/102021~1.10/bin/../lib/gcc/arm-none-eabi/10.3.1/thumb/v7e-m/nofp/crtbegin.o
 *(.bss*)
 .bss.uwTick    0x24000560        0x4 CMakeFiles/H2OKeyboard.elf.dir/Drivers/STM32H7xx_HAL_Driver/Src/stm32h7xx_hal.c.obj
                0x24000560                uwTick
 .bss.cfgidx.0  0x24000564        0x1 CMakeFiles/H2OKeyboard.elf.dir/Middlewares/ST/STM32_USB_Device_Library/Core/Src/usbd_ctlreq.c.obj
 *fill*         0x24000565        0x3 
 .bss.hUsbDeviceFS
                0x24000568      0x2dc CMakeFiles/H2OKeyboard.elf.dir/USB_DEVICE/App/usb_device.c.obj
                0x24000568                hUsbDeviceFS
 .bss.USBD_StrDesc
                0x24000844      0x200 CMakeFiles/H2OKeyboard.elf.dir/USB_DEVICE/App/usbd_desc.c.obj
                0x24000844                USBD_StrDesc
 .bss.hpcd_USB_OTG_FS
                0x24000a44      0x50c CMakeFiles/H2OKeyboard.elf.dir/USB_DEVICE/Target/usbd_conf.c.obj
                0x24000a44                hpcd_USB_OTG_FS
 .bss.mem.0     0x24000f50       0x14 CMakeFiles/H2OKeyboard.elf.dir/USB_DEVICE/Target/usbd_conf.c.obj
 .bss.__lock___atexit_recursive_mutex
                0x24000f64        0x1 c:/progra~2/gnuarm~1/102021~1.10/bin/../lib/gcc/arm-none-eabi/10.3.1/../../../../arm-none-eabi/lib/thumb/v7e-m/nofp\libg.a(lib_a-lock.o)
                0x24000f64                __lock___atexit_recursive_mutex
 *(COMMON)
                0x24000f68                . = ALIGN (0x4)
 *fill*         0x24000f65        0x3 
                0x24000f68                _ebss = .
                0x24000f68                __bss_end__ = _ebss

._user_heap_stack
                0x24000f68      0x600 load address 0x08005b64
                0x24000f68                . = ALIGN (0x8)
                [!provide]                PROVIDE (end = .)
                0x24000f68                PROVIDE (_end = .)
                0x24001168                . = (. + _Min_Heap_Size)
 *fill*         0x24000f68      0x200 
                0x24001568                . = (. + _Min_Stack_Size)
 *fill*         0x24001168      0x400 
                0x24001568                . = ALIGN (0x8)

/DISCARD/
 libc.a(*)
 libm.a(*)
 libgcc.a(*)

.ARM.attributes
                0x00000000       0x2a
 *(.ARM.attributes)
 .ARM.attributes
                0x00000000       0x1e c:/progra~2/gnuarm~1/102021~1.10/bin/../lib/gcc/arm-none-eabi/10.3.1/thumb/v7e-m/nofp/crti.o
 .ARM.attributes
                0x0000001e       0x2e c:/progra~2/gnuarm~1/102021~1.10/bin/../lib/gcc/arm-none-eabi/10.3.1/thumb/v7e-m/nofp/crtbegin.o
 .ARM.attributes
                0x0000004c       0x2e CMakeFiles/H2OKeyboard.elf.dir/Core/Src/gpio.c.obj
 .ARM.attributes
                0x0000007a       0x2e CMakeFiles/H2OKeyboard.elf.dir/Core/Src/main.c.obj
 .ARM.attributes
                0x000000a8       0x2e CMakeFiles/H2OKeyboard.elf.dir/Core/Src/stm32h7xx_hal_msp.c.obj
 .ARM.attributes
                0x000000d6       0x2e CMakeFiles/H2OKeyboard.elf.dir/Core/Src/stm32h7xx_it.c.obj
 .ARM.attributes
                0x00000104       0x2e CMakeFiles/H2OKeyboard.elf.dir/Core/Src/system_stm32h7xx.c.obj
 .ARM.attributes
                0x00000132       0x21 CMakeFiles/H2OKeyboard.elf.dir/Core/Startup/startup_stm32h743iitx.s.obj
 .ARM.attributes
                0x00000153       0x2e CMakeFiles/H2OKeyboard.elf.dir/Drivers/STM32H7xx_HAL_Driver/Src/stm32h7xx_hal.c.obj
 .ARM.attributes
                0x00000181       0x2e CMakeFiles/H2OKeyboard.elf.dir/Drivers/STM32H7xx_HAL_Driver/Src/stm32h7xx_hal_cortex.c.obj
 .ARM.attributes
                0x000001af       0x2e CMakeFiles/H2OKeyboard.elf.dir/Drivers/STM32H7xx_HAL_Driver/Src/stm32h7xx_hal_gpio.c.obj
 .ARM.attributes
                0x000001dd       0x2e CMakeFiles/H2OKeyboard.elf.dir/Drivers/STM32H7xx_HAL_Driver/Src/stm32h7xx_hal_pcd.c.obj
 .ARM.attributes
                0x0000020b       0x2e CMakeFiles/H2OKeyboard.elf.dir/Drivers/STM32H7xx_HAL_Driver/Src/stm32h7xx_hal_pcd_ex.c.obj
 .ARM.attributes
                0x00000239       0x2e CMakeFiles/H2OKeyboard.elf.dir/Drivers/STM32H7xx_HAL_Driver/Src/stm32h7xx_hal_pwr_ex.c.obj
 .ARM.attributes
                0x00000267       0x2e CMakeFiles/H2OKeyboard.elf.dir/Drivers/STM32H7xx_HAL_Driver/Src/stm32h7xx_hal_rcc.c.obj
 .ARM.attributes
                0x00000295       0x2e CMakeFiles/H2OKeyboard.elf.dir/Drivers/STM32H7xx_HAL_Driver/Src/stm32h7xx_hal_rcc_ex.c.obj
 .ARM.attributes
                0x000002c3       0x2e CMakeFiles/H2OKeyboard.elf.dir/Drivers/STM32H7xx_HAL_Driver/Src/stm32h7xx_ll_usb.c.obj
 .ARM.attributes
                0x000002f1       0x2e CMakeFiles/H2OKeyboard.elf.dir/Middlewares/ST/STM32_USB_Device_Library/Class/HID/Src/usbd_hid.c.obj
 .ARM.attributes
                0x0000031f       0x2e CMakeFiles/H2OKeyboard.elf.dir/Middlewares/ST/STM32_USB_Device_Library/Core/Src/usbd_core.c.obj
 .ARM.attributes
                0x0000034d       0x2e CMakeFiles/H2OKeyboard.elf.dir/Middlewares/ST/STM32_USB_Device_Library/Core/Src/usbd_ctlreq.c.obj
 .ARM.attributes
                0x0000037b       0x2e CMakeFiles/H2OKeyboard.elf.dir/Middlewares/ST/STM32_USB_Device_Library/Core/Src/usbd_ioreq.c.obj
 .ARM.attributes
                0x000003a9       0x2e CMakeFiles/H2OKeyboard.elf.dir/USB_DEVICE/App/usb_device.c.obj
 .ARM.attributes
                0x000003d7       0x2e CMakeFiles/H2OKeyboard.elf.dir/USB_DEVICE/App/usbd_desc.c.obj
 .ARM.attributes
                0x00000405       0x2e CMakeFiles/H2OKeyboard.elf.dir/USB_DEVICE/Target/usbd_conf.c.obj
 .ARM.attributes
                0x00000433       0x1e c:/progra~2/gnuarm~1/102021~1.10/bin/../lib/gcc/arm-none-eabi/10.3.1/thumb/v7e-m/nofp\libgcc.a(_arm_addsubsf3.o)
 .ARM.attributes
                0x00000451       0x1e c:/progra~2/gnuarm~1/102021~1.10/bin/../lib/gcc/arm-none-eabi/10.3.1/thumb/v7e-m/nofp\libgcc.a(_arm_muldivsf3.o)
 .ARM.attributes
                0x0000046f       0x1e c:/progra~2/gnuarm~1/102021~1.10/bin/../lib/gcc/arm-none-eabi/10.3.1/thumb/v7e-m/nofp\libgcc.a(_arm_fixunssfsi.o)
 .ARM.attributes
                0x0000048d       0x2e c:/progra~2/gnuarm~1/102021~1.10/bin/../lib/gcc/arm-none-eabi/10.3.1/../../../../arm-none-eabi/lib/thumb/v7e-m/nofp\libg.a(lib_a-impure.o)
 .ARM.attributes
                0x000004bb       0x2e c:/progra~2/gnuarm~1/102021~1.10/bin/../lib/gcc/arm-none-eabi/10.3.1/../../../../arm-none-eabi/lib/thumb/v7e-m/nofp\libg.a(lib_a-init.o)
 .ARM.attributes
                0x000004e9       0x2e c:/progra~2/gnuarm~1/102021~1.10/bin/../lib/gcc/arm-none-eabi/10.3.1/../../../../arm-none-eabi/lib/thumb/v7e-m/nofp\libg.a(lib_a-memset.o)
 .ARM.attributes
                0x00000517       0x2e c:/progra~2/gnuarm~1/102021~1.10/bin/../lib/gcc/arm-none-eabi/10.3.1/../../../../arm-none-eabi/lib/thumb/v7e-m/nofp\libg.a(lib_a-__call_atexit.o)
 .ARM.attributes
                0x00000545       0x2e c:/progra~2/gnuarm~1/102021~1.10/bin/../lib/gcc/arm-none-eabi/10.3.1/../../../../arm-none-eabi/lib/thumb/v7e-m/nofp\libg.a(lib_a-atexit.o)
 .ARM.attributes
                0x00000573       0x2e c:/progra~2/gnuarm~1/102021~1.10/bin/../lib/gcc/arm-none-eabi/10.3.1/../../../../arm-none-eabi/lib/thumb/v7e-m/nofp\libg.a(lib_a-fini.o)
 .ARM.attributes
                0x000005a1       0x2e c:/progra~2/gnuarm~1/102021~1.10/bin/../lib/gcc/arm-none-eabi/10.3.1/../../../../arm-none-eabi/lib/thumb/v7e-m/nofp\libg.a(lib_a-lock.o)
 .ARM.attributes
                0x000005cf       0x2e c:/progra~2/gnuarm~1/102021~1.10/bin/../lib/gcc/arm-none-eabi/10.3.1/../../../../arm-none-eabi/lib/thumb/v7e-m/nofp\libg.a(lib_a-__atexit.o)
 .ARM.attributes
                0x000005fd       0x1e c:/progra~2/gnuarm~1/102021~1.10/bin/../lib/gcc/arm-none-eabi/10.3.1/thumb/v7e-m/nofp/crtn.o
OUTPUT(H2OKeyboard.elf elf32-littlearm)
LOAD linker stubs
LOAD c:/progra~2/gnuarm~1/102021~1.10/bin/../lib/gcc/arm-none-eabi/10.3.1/../../../../arm-none-eabi/lib/thumb/v7e-m/nofp\libc.a
LOAD c:/progra~2/gnuarm~1/102021~1.10/bin/../lib/gcc/arm-none-eabi/10.3.1/../../../../arm-none-eabi/lib/thumb/v7e-m/nofp\libm.a
LOAD c:/progra~2/gnuarm~1/102021~1.10/bin/../lib/gcc/arm-none-eabi/10.3.1/thumb/v7e-m/nofp\libgcc.a

.debug_info     0x00000000    0x164e4
 .debug_info    0x00000000      0x613 CMakeFiles/H2OKeyboard.elf.dir/Core/Src/gpio.c.obj
 .debug_info    0x00000613     0x1258 CMakeFiles/H2OKeyboard.elf.dir/Core/Src/main.c.obj
 .debug_info    0x0000186b      0x4a0 CMakeFiles/H2OKeyboard.elf.dir/Core/Src/stm32h7xx_hal_msp.c.obj
 .debug_info    0x00001d0b      0x70c CMakeFiles/H2OKeyboard.elf.dir/Core/Src/stm32h7xx_it.c.obj
 .debug_info    0x00002417      0xaf5 CMakeFiles/H2OKeyboard.elf.dir/Core/Src/system_stm32h7xx.c.obj
 .debug_info    0x00002f0c       0x22 CMakeFiles/H2OKeyboard.elf.dir/Core/Startup/startup_stm32h743iitx.s.obj
 .debug_info    0x00002f2e     0x16a0 CMakeFiles/H2OKeyboard.elf.dir/Drivers/STM32H7xx_HAL_Driver/Src/stm32h7xx_hal.c.obj
 .debug_info    0x000045ce     0x13ea CMakeFiles/H2OKeyboard.elf.dir/Drivers/STM32H7xx_HAL_Driver/Src/stm32h7xx_hal_cortex.c.obj
 .debug_info    0x000059b8      0xd66 CMakeFiles/H2OKeyboard.elf.dir/Drivers/STM32H7xx_HAL_Driver/Src/stm32h7xx_hal_gpio.c.obj
 .debug_info    0x0000671e     0x1b98 CMakeFiles/H2OKeyboard.elf.dir/Drivers/STM32H7xx_HAL_Driver/Src/stm32h7xx_hal_pcd.c.obj
 .debug_info    0x000082b6      0xa79 CMakeFiles/H2OKeyboard.elf.dir/Drivers/STM32H7xx_HAL_Driver/Src/stm32h7xx_hal_pcd_ex.c.obj
 .debug_info    0x00008d2f     0x122e CMakeFiles/H2OKeyboard.elf.dir/Drivers/STM32H7xx_HAL_Driver/Src/stm32h7xx_hal_pwr_ex.c.obj
 .debug_info    0x00009f5d     0x13c5 CMakeFiles/H2OKeyboard.elf.dir/Drivers/STM32H7xx_HAL_Driver/Src/stm32h7xx_hal_rcc.c.obj
 .debug_info    0x0000b322     0x2034 CMakeFiles/H2OKeyboard.elf.dir/Drivers/STM32H7xx_HAL_Driver/Src/stm32h7xx_hal_rcc_ex.c.obj
 .debug_info    0x0000d356     0x204f CMakeFiles/H2OKeyboard.elf.dir/Drivers/STM32H7xx_HAL_Driver/Src/stm32h7xx_ll_usb.c.obj
 .debug_info    0x0000f3a5      0xc69 CMakeFiles/H2OKeyboard.elf.dir/Middlewares/ST/STM32_USB_Device_Library/Class/HID/Src/usbd_hid.c.obj
 .debug_info    0x0001000e     0x123f CMakeFiles/H2OKeyboard.elf.dir/Middlewares/ST/STM32_USB_Device_Library/Core/Src/usbd_core.c.obj
 .debug_info    0x0001124d     0x1417 CMakeFiles/H2OKeyboard.elf.dir/Middlewares/ST/STM32_USB_Device_Library/Core/Src/usbd_ctlreq.c.obj
 .debug_info    0x00012664      0x8e6 CMakeFiles/H2OKeyboard.elf.dir/Middlewares/ST/STM32_USB_Device_Library/Core/Src/usbd_ioreq.c.obj
 .debug_info    0x00012f4a      0x6bd CMakeFiles/H2OKeyboard.elf.dir/USB_DEVICE/App/usb_device.c.obj
 .debug_info    0x00013607      0x63b CMakeFiles/H2OKeyboard.elf.dir/USB_DEVICE/App/usbd_desc.c.obj
 .debug_info    0x00013c42     0x28a2 CMakeFiles/H2OKeyboard.elf.dir/USB_DEVICE/Target/usbd_conf.c.obj

.debug_abbrev   0x00000000     0x2fc9
 .debug_abbrev  0x00000000      0x145 CMakeFiles/H2OKeyboard.elf.dir/Core/Src/gpio.c.obj
 .debug_abbrev  0x00000145      0x277 CMakeFiles/H2OKeyboard.elf.dir/Core/Src/main.c.obj
 .debug_abbrev  0x000003bc       0xd7 CMakeFiles/H2OKeyboard.elf.dir/Core/Src/stm32h7xx_hal_msp.c.obj
 .debug_abbrev  0x00000493      0x187 CMakeFiles/H2OKeyboard.elf.dir/Core/Src/stm32h7xx_it.c.obj
 .debug_abbrev  0x0000061a      0x162 CMakeFiles/H2OKeyboard.elf.dir/Core/Src/system_stm32h7xx.c.obj
 .debug_abbrev  0x0000077c       0x12 CMakeFiles/H2OKeyboard.elf.dir/Core/Startup/startup_stm32h743iitx.s.obj
 .debug_abbrev  0x0000078e      0x264 CMakeFiles/H2OKeyboard.elf.dir/Drivers/STM32H7xx_HAL_Driver/Src/stm32h7xx_hal.c.obj
 .debug_abbrev  0x000009f2      0x37d CMakeFiles/H2OKeyboard.elf.dir/Drivers/STM32H7xx_HAL_Driver/Src/stm32h7xx_hal_cortex.c.obj
 .debug_abbrev  0x00000d6f      0x239 CMakeFiles/H2OKeyboard.elf.dir/Drivers/STM32H7xx_HAL_Driver/Src/stm32h7xx_hal_gpio.c.obj
 .debug_abbrev  0x00000fa8      0x2b5 CMakeFiles/H2OKeyboard.elf.dir/Drivers/STM32H7xx_HAL_Driver/Src/stm32h7xx_hal_pcd.c.obj
 .debug_abbrev  0x0000125d      0x26d CMakeFiles/H2OKeyboard.elf.dir/Drivers/STM32H7xx_HAL_Driver/Src/stm32h7xx_hal_pcd_ex.c.obj
 .debug_abbrev  0x000014ca      0x29b CMakeFiles/H2OKeyboard.elf.dir/Drivers/STM32H7xx_HAL_Driver/Src/stm32h7xx_hal_pwr_ex.c.obj
 .debug_abbrev  0x00001765      0x28c CMakeFiles/H2OKeyboard.elf.dir/Drivers/STM32H7xx_HAL_Driver/Src/stm32h7xx_hal_rcc.c.obj
 .debug_abbrev  0x000019f1      0x285 CMakeFiles/H2OKeyboard.elf.dir/Drivers/STM32H7xx_HAL_Driver/Src/stm32h7xx_hal_rcc_ex.c.obj
 .debug_abbrev  0x00001c76      0x2cb CMakeFiles/H2OKeyboard.elf.dir/Drivers/STM32H7xx_HAL_Driver/Src/stm32h7xx_ll_usb.c.obj
 .debug_abbrev  0x00001f41      0x29e CMakeFiles/H2OKeyboard.elf.dir/Middlewares/ST/STM32_USB_Device_Library/Class/HID/Src/usbd_hid.c.obj
 .debug_abbrev  0x000021df      0x2a8 CMakeFiles/H2OKeyboard.elf.dir/Middlewares/ST/STM32_USB_Device_Library/Core/Src/usbd_core.c.obj
 .debug_abbrev  0x00002487      0x32e CMakeFiles/H2OKeyboard.elf.dir/Middlewares/ST/STM32_USB_Device_Library/Core/Src/usbd_ctlreq.c.obj
 .debug_abbrev  0x000027b5      0x184 CMakeFiles/H2OKeyboard.elf.dir/Middlewares/ST/STM32_USB_Device_Library/Core/Src/usbd_ioreq.c.obj
 .debug_abbrev  0x00002939      0x1a0 CMakeFiles/H2OKeyboard.elf.dir/USB_DEVICE/App/usb_device.c.obj
 .debug_abbrev  0x00002ad9      0x20d CMakeFiles/H2OKeyboard.elf.dir/USB_DEVICE/App/usbd_desc.c.obj
 .debug_abbrev  0x00002ce6      0x2e3 CMakeFiles/H2OKeyboard.elf.dir/USB_DEVICE/Target/usbd_conf.c.obj

.debug_aranges  0x00000000      0xd90
 .debug_aranges
                0x00000000       0x20 CMakeFiles/H2OKeyboard.elf.dir/Core/Src/gpio.c.obj
 .debug_aranges
                0x00000020       0x38 CMakeFiles/H2OKeyboard.elf.dir/Core/Src/main.c.obj
 .debug_aranges
                0x00000058       0x20 CMakeFiles/H2OKeyboard.elf.dir/Core/Src/stm32h7xx_hal_msp.c.obj
 .debug_aranges
                0x00000078       0x68 CMakeFiles/H2OKeyboard.elf.dir/Core/Src/stm32h7xx_it.c.obj
 .debug_aranges
                0x000000e0       0x28 CMakeFiles/H2OKeyboard.elf.dir/Core/Src/system_stm32h7xx.c.obj
 .debug_aranges
                0x00000108       0x28 CMakeFiles/H2OKeyboard.elf.dir/Core/Startup/startup_stm32h743iitx.s.obj
 .debug_aranges
                0x00000130      0x198 CMakeFiles/H2OKeyboard.elf.dir/Drivers/STM32H7xx_HAL_Driver/Src/stm32h7xx_hal.c.obj
 .debug_aranges
                0x000002c8       0xb0 CMakeFiles/H2OKeyboard.elf.dir/Drivers/STM32H7xx_HAL_Driver/Src/stm32h7xx_hal_cortex.c.obj
 .debug_aranges
                0x00000378       0x58 CMakeFiles/H2OKeyboard.elf.dir/Drivers/STM32H7xx_HAL_Driver/Src/stm32h7xx_hal_gpio.c.obj
 .debug_aranges
                0x000003d0      0x140 CMakeFiles/H2OKeyboard.elf.dir/Drivers/STM32H7xx_HAL_Driver/Src/stm32h7xx_hal_pcd.c.obj
 .debug_aranges
                0x00000510       0x60 CMakeFiles/H2OKeyboard.elf.dir/Drivers/STM32H7xx_HAL_Driver/Src/stm32h7xx_hal_pcd_ex.c.obj
 .debug_aranges
                0x00000570      0x158 CMakeFiles/H2OKeyboard.elf.dir/Drivers/STM32H7xx_HAL_Driver/Src/stm32h7xx_hal_pwr_ex.c.obj
 .debug_aranges
                0x000006c8       0x88 CMakeFiles/H2OKeyboard.elf.dir/Drivers/STM32H7xx_HAL_Driver/Src/stm32h7xx_hal_rcc.c.obj
 .debug_aranges
                0x00000750       0xf8 CMakeFiles/H2OKeyboard.elf.dir/Drivers/STM32H7xx_HAL_Driver/Src/stm32h7xx_hal_rcc_ex.c.obj
 .debug_aranges
                0x00000848      0x1a0 CMakeFiles/H2OKeyboard.elf.dir/Drivers/STM32H7xx_HAL_Driver/Src/stm32h7xx_ll_usb.c.obj
 .debug_aranges
                0x000009e8       0x68 CMakeFiles/H2OKeyboard.elf.dir/Middlewares/ST/STM32_USB_Device_Library/Class/HID/Src/usbd_hid.c.obj
 .debug_aranges
                0x00000a50       0xd8 CMakeFiles/H2OKeyboard.elf.dir/Middlewares/ST/STM32_USB_Device_Library/Core/Src/usbd_core.c.obj
 .debug_aranges
                0x00000b28       0x88 CMakeFiles/H2OKeyboard.elf.dir/Middlewares/ST/STM32_USB_Device_Library/Core/Src/usbd_ctlreq.c.obj
 .debug_aranges
                0x00000bb0       0x50 CMakeFiles/H2OKeyboard.elf.dir/Middlewares/ST/STM32_USB_Device_Library/Core/Src/usbd_ioreq.c.obj
 .debug_aranges
                0x00000c00       0x20 CMakeFiles/H2OKeyboard.elf.dir/USB_DEVICE/App/usb_device.c.obj
 .debug_aranges
                0x00000c20       0x60 CMakeFiles/H2OKeyboard.elf.dir/USB_DEVICE/App/usbd_desc.c.obj
 .debug_aranges
                0x00000c80      0x110 CMakeFiles/H2OKeyboard.elf.dir/USB_DEVICE/Target/usbd_conf.c.obj

.debug_ranges   0x00000000      0xd68
 .debug_ranges  0x00000000       0x10 CMakeFiles/H2OKeyboard.elf.dir/Core/Src/gpio.c.obj
 .debug_ranges  0x00000010       0x28 CMakeFiles/H2OKeyboard.elf.dir/Core/Src/main.c.obj
 .debug_ranges  0x00000038       0x10 CMakeFiles/H2OKeyboard.elf.dir/Core/Src/stm32h7xx_hal_msp.c.obj
 .debug_ranges  0x00000048       0x58 CMakeFiles/H2OKeyboard.elf.dir/Core/Src/stm32h7xx_it.c.obj
 .debug_ranges  0x000000a0       0x18 CMakeFiles/H2OKeyboard.elf.dir/Core/Src/system_stm32h7xx.c.obj
 .debug_ranges  0x000000b8       0x20 CMakeFiles/H2OKeyboard.elf.dir/Core/Startup/startup_stm32h743iitx.s.obj
 .debug_ranges  0x000000d8      0x188 CMakeFiles/H2OKeyboard.elf.dir/Drivers/STM32H7xx_HAL_Driver/Src/stm32h7xx_hal.c.obj
 .debug_ranges  0x00000260      0x100 CMakeFiles/H2OKeyboard.elf.dir/Drivers/STM32H7xx_HAL_Driver/Src/stm32h7xx_hal_cortex.c.obj
 .debug_ranges  0x00000360       0x48 CMakeFiles/H2OKeyboard.elf.dir/Drivers/STM32H7xx_HAL_Driver/Src/stm32h7xx_hal_gpio.c.obj
 .debug_ranges  0x000003a8      0x130 CMakeFiles/H2OKeyboard.elf.dir/Drivers/STM32H7xx_HAL_Driver/Src/stm32h7xx_hal_pcd.c.obj
 .debug_ranges  0x000004d8       0x50 CMakeFiles/H2OKeyboard.elf.dir/Drivers/STM32H7xx_HAL_Driver/Src/stm32h7xx_hal_pcd_ex.c.obj
 .debug_ranges  0x00000528      0x1a8 CMakeFiles/H2OKeyboard.elf.dir/Drivers/STM32H7xx_HAL_Driver/Src/stm32h7xx_hal_pwr_ex.c.obj
 .debug_ranges  0x000006d0       0xe8 CMakeFiles/H2OKeyboard.elf.dir/Drivers/STM32H7xx_HAL_Driver/Src/stm32h7xx_hal_rcc.c.obj
 .debug_ranges  0x000007b8       0xe8 CMakeFiles/H2OKeyboard.elf.dir/Drivers/STM32H7xx_HAL_Driver/Src/stm32h7xx_hal_rcc_ex.c.obj
 .debug_ranges  0x000008a0      0x190 CMakeFiles/H2OKeyboard.elf.dir/Drivers/STM32H7xx_HAL_Driver/Src/stm32h7xx_ll_usb.c.obj
 .debug_ranges  0x00000a30       0x58 CMakeFiles/H2OKeyboard.elf.dir/Middlewares/ST/STM32_USB_Device_Library/Class/HID/Src/usbd_hid.c.obj
 .debug_ranges  0x00000a88       0xc8 CMakeFiles/H2OKeyboard.elf.dir/Middlewares/ST/STM32_USB_Device_Library/Core/Src/usbd_core.c.obj
 .debug_ranges  0x00000b50       0x78 CMakeFiles/H2OKeyboard.elf.dir/Middlewares/ST/STM32_USB_Device_Library/Core/Src/usbd_ctlreq.c.obj
 .debug_ranges  0x00000bc8       0x40 CMakeFiles/H2OKeyboard.elf.dir/Middlewares/ST/STM32_USB_Device_Library/Core/Src/usbd_ioreq.c.obj
 .debug_ranges  0x00000c08       0x10 CMakeFiles/H2OKeyboard.elf.dir/USB_DEVICE/App/usb_device.c.obj
 .debug_ranges  0x00000c18       0x50 CMakeFiles/H2OKeyboard.elf.dir/USB_DEVICE/App/usbd_desc.c.obj
 .debug_ranges  0x00000c68      0x100 CMakeFiles/H2OKeyboard.elf.dir/USB_DEVICE/Target/usbd_conf.c.obj

.debug_line     0x00000000     0xd02c
 .debug_line    0x00000000      0x1f0 CMakeFiles/H2OKeyboard.elf.dir/Core/Src/gpio.c.obj
 .debug_line    0x000001f0      0x644 CMakeFiles/H2OKeyboard.elf.dir/Core/Src/main.c.obj
 .debug_line    0x00000834      0x183 CMakeFiles/H2OKeyboard.elf.dir/Core/Src/stm32h7xx_hal_msp.c.obj
 .debug_line    0x000009b7      0x327 CMakeFiles/H2OKeyboard.elf.dir/Core/Src/stm32h7xx_it.c.obj
 .debug_line    0x00000cde      0x41c CMakeFiles/H2OKeyboard.elf.dir/Core/Src/system_stm32h7xx.c.obj
 .debug_line    0x000010fa       0xae CMakeFiles/H2OKeyboard.elf.dir/Core/Startup/startup_stm32h743iitx.s.obj
 .debug_line    0x000011a8      0x93c CMakeFiles/H2OKeyboard.elf.dir/Drivers/STM32H7xx_HAL_Driver/Src/stm32h7xx_hal.c.obj
 .debug_line    0x00001ae4      0x807 CMakeFiles/H2OKeyboard.elf.dir/Drivers/STM32H7xx_HAL_Driver/Src/stm32h7xx_hal_cortex.c.obj
 .debug_line    0x000022eb      0x70a CMakeFiles/H2OKeyboard.elf.dir/Drivers/STM32H7xx_HAL_Driver/Src/stm32h7xx_hal_gpio.c.obj
 .debug_line    0x000029f5     0x159f CMakeFiles/H2OKeyboard.elf.dir/Drivers/STM32H7xx_HAL_Driver/Src/stm32h7xx_hal_pcd.c.obj
 .debug_line    0x00003f94      0x4e6 CMakeFiles/H2OKeyboard.elf.dir/Drivers/STM32H7xx_HAL_Driver/Src/stm32h7xx_hal_pcd_ex.c.obj
 .debug_line    0x0000447a      0xafc CMakeFiles/H2OKeyboard.elf.dir/Drivers/STM32H7xx_HAL_Driver/Src/stm32h7xx_hal_pwr_ex.c.obj
 .debug_line    0x00004f76     0x12e4 CMakeFiles/H2OKeyboard.elf.dir/Drivers/STM32H7xx_HAL_Driver/Src/stm32h7xx_hal_rcc.c.obj
 .debug_line    0x0000625a     0x1f9e CMakeFiles/H2OKeyboard.elf.dir/Drivers/STM32H7xx_HAL_Driver/Src/stm32h7xx_hal_rcc_ex.c.obj
 .debug_line    0x000081f8     0x1dc9 CMakeFiles/H2OKeyboard.elf.dir/Drivers/STM32H7xx_HAL_Driver/Src/stm32h7xx_ll_usb.c.obj
 .debug_line    0x00009fc1      0x679 CMakeFiles/H2OKeyboard.elf.dir/Middlewares/ST/STM32_USB_Device_Library/Class/HID/Src/usbd_hid.c.obj
 .debug_line    0x0000a63a      0xa01 CMakeFiles/H2OKeyboard.elf.dir/Middlewares/ST/STM32_USB_Device_Library/Core/Src/usbd_core.c.obj
 .debug_line    0x0000b03b      0xd78 CMakeFiles/H2OKeyboard.elf.dir/Middlewares/ST/STM32_USB_Device_Library/Core/Src/usbd_ctlreq.c.obj
 .debug_line    0x0000bdb3      0x2d8 CMakeFiles/H2OKeyboard.elf.dir/Middlewares/ST/STM32_USB_Device_Library/Core/Src/usbd_ioreq.c.obj
 .debug_line    0x0000c08b      0x2d4 CMakeFiles/H2OKeyboard.elf.dir/USB_DEVICE/App/usb_device.c.obj
 .debug_line    0x0000c35f      0x38d CMakeFiles/H2OKeyboard.elf.dir/USB_DEVICE/App/usbd_desc.c.obj
 .debug_line    0x0000c6ec      0x940 CMakeFiles/H2OKeyboard.elf.dir/USB_DEVICE/Target/usbd_conf.c.obj

.debug_str      0x00000000     0x5466
 .debug_str     0x00000000      0x44e CMakeFiles/H2OKeyboard.elf.dir/Core/Src/gpio.c.obj
                                0x4b5 (size before relaxing)
 .debug_str     0x0000044e      0x7ac CMakeFiles/H2OKeyboard.elf.dir/Core/Src/main.c.obj
                                0xc60 (size before relaxing)
 .debug_str     0x00000bfa       0x52 CMakeFiles/H2OKeyboard.elf.dir/Core/Src/stm32h7xx_hal_msp.c.obj
                                0x432 (size before relaxing)
 .debug_str     0x00000c4c      0x4ef CMakeFiles/H2OKeyboard.elf.dir/Core/Src/stm32h7xx_it.c.obj
                                0x6fd (size before relaxing)
 .debug_str     0x0000113b      0x2a9 CMakeFiles/H2OKeyboard.elf.dir/Core/Src/system_stm32h7xx.c.obj
                                0x6a8 (size before relaxing)
 .debug_str     0x000013e4       0x5c CMakeFiles/H2OKeyboard.elf.dir/Core/Startup/startup_stm32h743iitx.s.obj
                                 0x97 (size before relaxing)
 .debug_str     0x00001440      0xf6e CMakeFiles/H2OKeyboard.elf.dir/Drivers/STM32H7xx_HAL_Driver/Src/stm32h7xx_hal.c.obj
                               0x14f0 (size before relaxing)
 .debug_str     0x000023ae      0x4db CMakeFiles/H2OKeyboard.elf.dir/Drivers/STM32H7xx_HAL_Driver/Src/stm32h7xx_hal_cortex.c.obj
                               0x1088 (size before relaxing)
 .debug_str     0x00002889      0x140 CMakeFiles/H2OKeyboard.elf.dir/Drivers/STM32H7xx_HAL_Driver/Src/stm32h7xx_hal_gpio.c.obj
                                0x714 (size before relaxing)
 .debug_str     0x000029c9      0x817 CMakeFiles/H2OKeyboard.elf.dir/Drivers/STM32H7xx_HAL_Driver/Src/stm32h7xx_hal_pcd.c.obj
                                0xe55 (size before relaxing)
 .debug_str     0x000031e0      0x1d5 CMakeFiles/H2OKeyboard.elf.dir/Drivers/STM32H7xx_HAL_Driver/Src/stm32h7xx_hal_pcd_ex.c.obj
                                0x878 (size before relaxing)
 .debug_str     0x000033b5      0x57a CMakeFiles/H2OKeyboard.elf.dir/Drivers/STM32H7xx_HAL_Driver/Src/stm32h7xx_hal_pwr_ex.c.obj
                                0xa89 (size before relaxing)
 .debug_str     0x0000392f      0x1a4 CMakeFiles/H2OKeyboard.elf.dir/Drivers/STM32H7xx_HAL_Driver/Src/stm32h7xx_hal_rcc.c.obj
                                0xa9c (size before relaxing)
 .debug_str     0x00003ad3      0x953 CMakeFiles/H2OKeyboard.elf.dir/Drivers/STM32H7xx_HAL_Driver/Src/stm32h7xx_hal_rcc_ex.c.obj
                                0xfa7 (size before relaxing)
 .debug_str     0x00004426      0x4ad CMakeFiles/H2OKeyboard.elf.dir/Drivers/STM32H7xx_HAL_Driver/Src/stm32h7xx_ll_usb.c.obj
                                0xd83 (size before relaxing)
 .debug_str     0x000048d3      0x34e CMakeFiles/H2OKeyboard.elf.dir/Middlewares/ST/STM32_USB_Device_Library/Class/HID/Src/usbd_hid.c.obj
                                0x930 (size before relaxing)
 .debug_str     0x00004c21      0x398 CMakeFiles/H2OKeyboard.elf.dir/Middlewares/ST/STM32_USB_Device_Library/Core/Src/usbd_core.c.obj
                                0xa33 (size before relaxing)
 .debug_str     0x00004fb9      0x15f CMakeFiles/H2OKeyboard.elf.dir/Middlewares/ST/STM32_USB_Device_Library/Core/Src/usbd_ctlreq.c.obj
                                0x85e (size before relaxing)
 .debug_str     0x00005118       0x9f CMakeFiles/H2OKeyboard.elf.dir/Middlewares/ST/STM32_USB_Device_Library/Core/Src/usbd_ioreq.c.obj
                                0x733 (size before relaxing)
 .debug_str     0x000051b7       0x4d CMakeFiles/H2OKeyboard.elf.dir/USB_DEVICE/App/usb_device.c.obj
                                0x6b0 (size before relaxing)
 .debug_str     0x00005204      0x1a6 CMakeFiles/H2OKeyboard.elf.dir/USB_DEVICE/App/usbd_desc.c.obj
                                0x4ca (size before relaxing)
 .debug_str     0x000053aa       0xbc CMakeFiles/H2OKeyboard.elf.dir/USB_DEVICE/Target/usbd_conf.c.obj
                               0x1f3e (size before relaxing)

.comment        0x00000000       0x49
 .comment       0x00000000       0x49 CMakeFiles/H2OKeyboard.elf.dir/Core/Src/gpio.c.obj
                                 0x4a (size before relaxing)
 .comment       0x00000049       0x4a CMakeFiles/H2OKeyboard.elf.dir/Core/Src/main.c.obj
 .comment       0x00000049       0x4a CMakeFiles/H2OKeyboard.elf.dir/Core/Src/stm32h7xx_hal_msp.c.obj
 .comment       0x00000049       0x4a CMakeFiles/H2OKeyboard.elf.dir/Core/Src/stm32h7xx_it.c.obj
 .comment       0x00000049       0x4a CMakeFiles/H2OKeyboard.elf.dir/Core/Src/system_stm32h7xx.c.obj
 .comment       0x00000049       0x4a CMakeFiles/H2OKeyboard.elf.dir/Drivers/STM32H7xx_HAL_Driver/Src/stm32h7xx_hal.c.obj
 .comment       0x00000049       0x4a CMakeFiles/H2OKeyboard.elf.dir/Drivers/STM32H7xx_HAL_Driver/Src/stm32h7xx_hal_cortex.c.obj
 .comment       0x00000049       0x4a CMakeFiles/H2OKeyboard.elf.dir/Drivers/STM32H7xx_HAL_Driver/Src/stm32h7xx_hal_gpio.c.obj
 .comment       0x00000049       0x4a CMakeFiles/H2OKeyboard.elf.dir/Drivers/STM32H7xx_HAL_Driver/Src/stm32h7xx_hal_pcd.c.obj
 .comment       0x00000049       0x4a CMakeFiles/H2OKeyboard.elf.dir/Drivers/STM32H7xx_HAL_Driver/Src/stm32h7xx_hal_pcd_ex.c.obj
 .comment       0x00000049       0x4a CMakeFiles/H2OKeyboard.elf.dir/Drivers/STM32H7xx_HAL_Driver/Src/stm32h7xx_hal_pwr_ex.c.obj
 .comment       0x00000049       0x4a CMakeFiles/H2OKeyboard.elf.dir/Drivers/STM32H7xx_HAL_Driver/Src/stm32h7xx_hal_rcc.c.obj
 .comment       0x00000049       0x4a CMakeFiles/H2OKeyboard.elf.dir/Drivers/STM32H7xx_HAL_Driver/Src/stm32h7xx_hal_rcc_ex.c.obj
 .comment       0x00000049       0x4a CMakeFiles/H2OKeyboard.elf.dir/Drivers/STM32H7xx_HAL_Driver/Src/stm32h7xx_ll_usb.c.obj
 .comment       0x00000049       0x4a CMakeFiles/H2OKeyboard.elf.dir/Middlewares/ST/STM32_USB_Device_Library/Class/HID/Src/usbd_hid.c.obj
 .comment       0x00000049       0x4a CMakeFiles/H2OKeyboard.elf.dir/Middlewares/ST/STM32_USB_Device_Library/Core/Src/usbd_core.c.obj
 .comment       0x00000049       0x4a CMakeFiles/H2OKeyboard.elf.dir/Middlewares/ST/STM32_USB_Device_Library/Core/Src/usbd_ctlreq.c.obj
 .comment       0x00000049       0x4a CMakeFiles/H2OKeyboard.elf.dir/Middlewares/ST/STM32_USB_Device_Library/Core/Src/usbd_ioreq.c.obj
 .comment       0x00000049       0x4a CMakeFiles/H2OKeyboard.elf.dir/USB_DEVICE/App/usb_device.c.obj
 .comment       0x00000049       0x4a CMakeFiles/H2OKeyboard.elf.dir/USB_DEVICE/App/usbd_desc.c.obj
 .comment       0x00000049       0x4a CMakeFiles/H2OKeyboard.elf.dir/USB_DEVICE/Target/usbd_conf.c.obj

.debug_frame    0x00000000     0x2310
 .debug_frame   0x00000000       0x2c CMakeFiles/H2OKeyboard.elf.dir/Core/Src/gpio.c.obj
 .debug_frame   0x0000002c       0x78 CMakeFiles/H2OKeyboard.elf.dir/Core/Src/main.c.obj
 .debug_frame   0x000000a4       0x28 CMakeFiles/H2OKeyboard.elf.dir/Core/Src/stm32h7xx_hal_msp.c.obj
 .debug_frame   0x000000cc       0xc0 CMakeFiles/H2OKeyboard.elf.dir/Core/Src/stm32h7xx_it.c.obj
 .debug_frame   0x0000018c       0x40 CMakeFiles/H2OKeyboard.elf.dir/Core/Src/system_stm32h7xx.c.obj
 .debug_frame   0x000001cc      0x360 CMakeFiles/H2OKeyboard.elf.dir/Drivers/STM32H7xx_HAL_Driver/Src/stm32h7xx_hal.c.obj
 .debug_frame   0x0000052c      0x158 CMakeFiles/H2OKeyboard.elf.dir/Drivers/STM32H7xx_HAL_Driver/Src/stm32h7xx_hal_cortex.c.obj
 .debug_frame   0x00000684       0xd0 CMakeFiles/H2OKeyboard.elf.dir/Drivers/STM32H7xx_HAL_Driver/Src/stm32h7xx_hal_gpio.c.obj
 .debug_frame   0x00000754      0x378 CMakeFiles/H2OKeyboard.elf.dir/Drivers/STM32H7xx_HAL_Driver/Src/stm32h7xx_hal_pcd.c.obj
 .debug_frame   0x00000acc       0xb8 CMakeFiles/H2OKeyboard.elf.dir/Drivers/STM32H7xx_HAL_Driver/Src/stm32h7xx_hal_pcd_ex.c.obj
 .debug_frame   0x00000b84      0x2f4 CMakeFiles/H2OKeyboard.elf.dir/Drivers/STM32H7xx_HAL_Driver/Src/stm32h7xx_hal_pwr_ex.c.obj
 .debug_frame   0x00000e78      0x188 CMakeFiles/H2OKeyboard.elf.dir/Drivers/STM32H7xx_HAL_Driver/Src/stm32h7xx_hal_rcc.c.obj
 .debug_frame   0x00001000      0x284 CMakeFiles/H2OKeyboard.elf.dir/Drivers/STM32H7xx_HAL_Driver/Src/stm32h7xx_hal_rcc_ex.c.obj
 .debug_frame   0x00001284      0x49c CMakeFiles/H2OKeyboard.elf.dir/Drivers/STM32H7xx_HAL_Driver/Src/stm32h7xx_ll_usb.c.obj
 .debug_frame   0x00001720       0xf8 CMakeFiles/H2OKeyboard.elf.dir/Middlewares/ST/STM32_USB_Device_Library/Class/HID/Src/usbd_hid.c.obj
 .debug_frame   0x00001818      0x240 CMakeFiles/H2OKeyboard.elf.dir/Middlewares/ST/STM32_USB_Device_Library/Core/Src/usbd_core.c.obj
 .debug_frame   0x00001a58      0x180 CMakeFiles/H2OKeyboard.elf.dir/Middlewares/ST/STM32_USB_Device_Library/Core/Src/usbd_ctlreq.c.obj
 .debug_frame   0x00001bd8       0xb8 CMakeFiles/H2OKeyboard.elf.dir/Middlewares/ST/STM32_USB_Device_Library/Core/Src/usbd_ioreq.c.obj
 .debug_frame   0x00001c90       0x28 CMakeFiles/H2OKeyboard.elf.dir/USB_DEVICE/App/usb_device.c.obj
 .debug_frame   0x00001cb8       0xe0 CMakeFiles/H2OKeyboard.elf.dir/USB_DEVICE/App/usbd_desc.c.obj
 .debug_frame   0x00001d98      0x2e4 CMakeFiles/H2OKeyboard.elf.dir/USB_DEVICE/Target/usbd_conf.c.obj
 .debug_frame   0x0000207c       0x4c c:/progra~2/gnuarm~1/102021~1.10/bin/../lib/gcc/arm-none-eabi/10.3.1/thumb/v7e-m/nofp\libgcc.a(_arm_addsubsf3.o)
 .debug_frame   0x000020c8       0x38 c:/progra~2/gnuarm~1/102021~1.10/bin/../lib/gcc/arm-none-eabi/10.3.1/thumb/v7e-m/nofp\libgcc.a(_arm_muldivsf3.o)
 .debug_frame   0x00002100       0x24 c:/progra~2/gnuarm~1/102021~1.10/bin/../lib/gcc/arm-none-eabi/10.3.1/thumb/v7e-m/nofp\libgcc.a(_arm_fixunssfsi.o)
 .debug_frame   0x00002124       0x2c c:/progra~2/gnuarm~1/102021~1.10/bin/../lib/gcc/arm-none-eabi/10.3.1/../../../../arm-none-eabi/lib/thumb/v7e-m/nofp\libg.a(lib_a-init.o)
 .debug_frame   0x00002150       0x2c c:/progra~2/gnuarm~1/102021~1.10/bin/../lib/gcc/arm-none-eabi/10.3.1/../../../../arm-none-eabi/lib/thumb/v7e-m/nofp\libg.a(lib_a-memset.o)
 .debug_frame   0x0000217c       0x5c c:/progra~2/gnuarm~1/102021~1.10/bin/../lib/gcc/arm-none-eabi/10.3.1/../../../../arm-none-eabi/lib/thumb/v7e-m/nofp\libg.a(lib_a-__call_atexit.o)
 .debug_frame   0x000021d8       0x20 c:/progra~2/gnuarm~1/102021~1.10/bin/../lib/gcc/arm-none-eabi/10.3.1/../../../../arm-none-eabi/lib/thumb/v7e-m/nofp\libg.a(lib_a-atexit.o)
 .debug_frame   0x000021f8       0x34 c:/progra~2/gnuarm~1/102021~1.10/bin/../lib/gcc/arm-none-eabi/10.3.1/../../../../arm-none-eabi/lib/thumb/v7e-m/nofp\libg.a(lib_a-fini.o)
 .debug_frame   0x0000222c       0xb0 c:/progra~2/gnuarm~1/102021~1.10/bin/../lib/gcc/arm-none-eabi/10.3.1/../../../../arm-none-eabi/lib/thumb/v7e-m/nofp\libg.a(lib_a-lock.o)
 .debug_frame   0x000022dc       0x34 c:/progra~2/gnuarm~1/102021~1.10/bin/../lib/gcc/arm-none-eabi/10.3.1/../../../../arm-none-eabi/lib/thumb/v7e-m/nofp\libg.a(lib_a-__atexit.o)

.debug_loc      0x00000000     0xb9c3
 .debug_loc     0x00000000      0x21e CMakeFiles/H2OKeyboard.elf.dir/Core/Src/system_stm32h7xx.c.obj
 .debug_loc     0x0000021e      0x3fa CMakeFiles/H2OKeyboard.elf.dir/Drivers/STM32H7xx_HAL_Driver/Src/stm32h7xx_hal.c.obj
 .debug_loc     0x00000618      0x726 CMakeFiles/H2OKeyboard.elf.dir/Drivers/STM32H7xx_HAL_Driver/Src/stm32h7xx_hal_cortex.c.obj
 .debug_loc     0x00000d3e      0x3c6 CMakeFiles/H2OKeyboard.elf.dir/Drivers/STM32H7xx_HAL_Driver/Src/stm32h7xx_hal_gpio.c.obj
 .debug_loc     0x00001104     0x1309 CMakeFiles/H2OKeyboard.elf.dir/Drivers/STM32H7xx_HAL_Driver/Src/stm32h7xx_hal_pcd.c.obj
 .debug_loc     0x0000240d      0x236 CMakeFiles/H2OKeyboard.elf.dir/Drivers/STM32H7xx_HAL_Driver/Src/stm32h7xx_hal_pcd_ex.c.obj
 .debug_loc     0x00002643      0x4df CMakeFiles/H2OKeyboard.elf.dir/Drivers/STM32H7xx_HAL_Driver/Src/stm32h7xx_hal_pwr_ex.c.obj
 .debug_loc     0x00002b22      0x996 CMakeFiles/H2OKeyboard.elf.dir/Drivers/STM32H7xx_HAL_Driver/Src/stm32h7xx_hal_rcc.c.obj
 .debug_loc     0x000034b8     0x1fbe CMakeFiles/H2OKeyboard.elf.dir/Drivers/STM32H7xx_HAL_Driver/Src/stm32h7xx_hal_rcc_ex.c.obj
 .debug_loc     0x00005476     0x2421 CMakeFiles/H2OKeyboard.elf.dir/Drivers/STM32H7xx_HAL_Driver/Src/stm32h7xx_ll_usb.c.obj
 .debug_loc     0x00007897      0x87f CMakeFiles/H2OKeyboard.elf.dir/Middlewares/ST/STM32_USB_Device_Library/Class/HID/Src/usbd_hid.c.obj
 .debug_loc     0x00008116      0xdd6 CMakeFiles/H2OKeyboard.elf.dir/Middlewares/ST/STM32_USB_Device_Library/Core/Src/usbd_core.c.obj
 .debug_loc     0x00008eec     0x18d4 CMakeFiles/H2OKeyboard.elf.dir/Middlewares/ST/STM32_USB_Device_Library/Core/Src/usbd_ctlreq.c.obj